W/System.err(  844): 	at com.android.server.ssrm.SortingMachine.reviewPackageForStaticAnalysis(SortingMachine.java:363)
W/System.err(  844): 	at com.android.server.ssrm.SortingMachine.reviewPackage(SortingMachine.java:340)
W/System.err(  844): 	at com.android.server.ssrm.Monitor$1.handleMessage(Monitor.java:628)
W/System.err(  844): 	at android.os.Handler.dispatchMessage(Handler.java:102)
W/System.err(  844): 	at android.os.Looper.loop(Looper.java:136)
W/System.err(  844): 	at android.os.HandlerThread.run(HandlerThread.java:61)
I/PowerManagerService-JNI(  844): >>>>>>>>in native...
I/PowerManagerService-JNI(  844): CheckForString returning : -1
D/CustomFrequencyManagerService(  844): releaseDVFSLockLocked : Getting Lock type frm List : DVFS_MIN_LIMIT  frequency : 1401600  uid : 1000  pid : 844  tag : SSRM_PKG_OPT@19
D/EnterpriseDeviceManager(  844): ContainerId: 0
D/EnterpriseDeviceManager(  844): ContainerId: 0
I/PackageManager(  844):   Action: "android.intent.action.SENDTO"
I/PackageManager(  844):   Category: "android.intent.category.DEFAULT"
I/PackageManager(  844):   Scheme: "sms"
I/MSTG    (  844): leap.droidcord is installing..
D/PackageManager(  844): doPostInstall for uid{10176}
D/PackageManager(  844): + starting rerstore round-trip 71
D/PackageManager(  844): No resotre for backup - queue post-install for 71
I/PackageManager(  844): Adding preferred activity ComponentInfo{com.android.mms/com.android.mms.ui.ConversationComposer} for user 0 :
D/EnterpriseDeviceManager(  844): ContainerId: 0
I/PackageManager(  844):   Action: "android.intent.action.SENDTO"
I/PackageManager(  844):   Category: "android.intent.category.DEFAULT"
I/PackageManager(  844):   Scheme: "smsto"
I/PackageManager(  844): Adding preferred activity ComponentInfo{com.android.mms/com.android.mms.ui.ConversationComposer} for user 0 :
D/EnterpriseDeviceManager(  844): ContainerId: 0
I/PackageManager(  844):   Action: "android.intent.action.SENDTO"
I/PackageManager(  844):   Category: "android.intent.category.DEFAULT"
I/PackageManager(  844):   Scheme: "mms"
I/PackageManager(  844): Adding preferred activity ComponentInfo{com.android.mms/com.android.mms.ui.ConversationComposer} for user 0 :
D/EnterpriseDeviceManager(  844): ContainerId: 0
I/PackageManager(  844):   Action: "android.intent.action.SENDTO"
I/PackageManager(  844):   Category: "android.intent.category.DEFAULT"
I/PackageManager(  844):   Scheme: "mmsto"
I/PackageManager(  844): Adding preferred activity ComponentInfo{com.android.mms/com.android.mms.ui.ConversationComposer} for user 0 :
D/PackageManager(  844): [MSG] MCS_UNBIND
I/PackageManager(  844): calling disconnectService()
D/PackageManager(  844): Trying to unbind to DefaultContainerService
D/PackageManager(  844): [MSG] POST_INSTALL: observer{1143372936}
D/PackageManager(  844):           Handling post-install for 71
D/PackageManager(  844): Sending to user 0: act=android.intent.action.PACKAGE_REMOVED dat=package:leap.droidcord flg=0x4000000 Bundle[{android.intent.extra.REMOVED_FOR_ALL_USERS=false, android.intent.extra.UID=10176, android.intent.extra.DATA_REMOVED=false, android.intent.extra.REPLACING=true, android.intent.extra.user_handle=0}]
D/dalvikvm( 1338): GC_EXPLICIT freed 304K, 58% free 8206K/19104K, paused 2ms+3ms, total 26ms
D/dalvikvm( 2623): GC_EXPLICIT freed 465K, 55% free 8691K/19104K, paused 3ms+6ms, total 34ms
D/PackageManager(  844): Sending to user 0: act=android.intent.action.PACKAGE_ADDED dat=package:leap.droidcord flg=0x4000000 Bundle[{android.intent.extra.UID=10176, android.intent.extra.REPLACING=true, android.intent.extra.user_handle=0}]
I/elm     ( 2918): MainReceiver.onReceive() : Intent { act=android.intent.action.PACKAGE_REMOVED dat=package:leap.droidcord flg=0x4000010 cmp=com.sec.esdk.elm/.receiver.MainReceiver (has extras) }
E/EnterpriseContainerManager(  844): ContainerPolicy Service is not yet ready!!!
D/EnterpriseDeviceManager(  844): ContainerId: 0
I/InputReader(  844): Reconfiguring input devices.  changes=0x00000010
E/EnterpriseContainerManager(  844): ContainerPolicy Service is not yet ready!!!
D/EnterpriseDeviceManager(  844): ContainerId: 0
I/PackageManager(  844):   Action: "android.intent.action.SENDTO"
I/PackageManager(  844):   Category: "android.intent.category.DEFAULT"
I/PackageManager(  844):   Scheme: "sms"
D/dalvikvm( 1037): GC_EXPLICIT freed 4259K, 48% free 23044K/43524K, paused 3ms+10ms, total 57ms
D/AdaptiveEventManager( 1037): action=android.intent.action.PACKAGE_REMOVED
I/PackageManager(  844): Adding preferred activity ComponentInfo{com.android.mms/com.android.mms.ui.ConversationComposer} for user 0 :
E/EnterpriseContainerManager(  844): ContainerPolicy Service is not yet ready!!!
D/EnterpriseDeviceManager(  844): ContainerId: 0
I/elm     ( 2918): MainReceiver : Receive Intent { act=android.intent.action.PACKAGE_REMOVED dat=package:leap.droidcord flg=0x4000010 cmp=com.sec.esdk.elm/.service.ElmAgentService (has extras) } END.
I/PackageManager(  844):   Action: "android.intent.action.SENDTO"
I/PackageManager(  844):   Category: "android.intent.category.DEFAULT"
I/PackageManager(  844):   Scheme: "smsto"
D/elm     ( 2918): ElmAgentService : onStartCommand()
D/PackageManager(  844): Sending to user 0: act=android.intent.action.PACKAGE_REPLACED dat=package:leap.droidcord flg=0x4000000 Bundle[{android.intent.extra.UID=10176, android.intent.extra.REPLACING=true, android.intent.extra.user_handle=0}]
D/PackageManager(  844): Sending to user 0: act=android.intent.action.MY_PACKAGE_REPLACED flg=0x4000000 pkg=leap.droidcord Bundle[{android.intent.extra.user_handle=0}]
I/PackageManager(  844): Adding preferred activity ComponentInfo{com.android.mms/com.android.mms.ui.ConversationComposer} for user 0 :
E/EnterpriseContainerManager(  844): ContainerPolicy Service is not yet ready!!!
D/EnterpriseDeviceManager(  844): ContainerId: 0
I/InputReader(  844): Reconfiguring input devices.  changes=0x00000010
I/PackageManager(  844):   Action: "android.intent.action.SENDTO"
I/PackageManager(  844):   Category: "android.intent.category.DEFAULT"
I/PackageManager(  844):   Scheme: "mms"
I/InputReader(  844): Reconfiguring input devices.  changes=0x00000010
I/PackageManager(  844): Adding preferred activity ComponentInfo{com.android.mms/com.android.mms.ui.ConversationComposer} for user 0 :
E/EnterpriseContainerManager(  844): ContainerPolicy Service is not yet ready!!!
D/EnterpriseDeviceManager(  844): ContainerId: 0
I/PackageManager(  844):   Action: "android.intent.action.SENDTO"
I/PackageManager(  844):   Category: "android.intent.category.DEFAULT"
I/PackageManager(  844):   Scheme: "mmsto"
I/PackageManager(  844): Adding preferred activity ComponentInfo{com.android.mms/com.android.mms.ui.ConversationComposer} for user 0 :
D/dalvikvm(  844): GC_EXPLICIT freed 5405K, 43% free 34369K/60000K, paused 7ms+16ms, total 176ms
D/dalvikvm(  844): WAIT_FOR_CONCURRENT_GC blocked 48ms
D/dalvikvm(  844): WAIT_FOR_CONCURRENT_GC blocked 54ms
D/dalvikvm(  844): WAIT_FOR_CONCURRENT_GC blocked 41ms
D/dalvikvm(  844): WAIT_FOR_CONCURRENT_GC blocked 57ms
E/EnterpriseContainerManager(  844): ContainerPolicy Service is not yet ready!!!
D/EnterpriseDeviceManager(  844): ContainerId: 0
I/ConfigFetchService( 1308): PackageReceiver: Intent { act=android.intent.action.PACKAGE_REMOVED dat=package:leap.droidcord flg=0x4000010 cmp=com.google.android.gms/.config.ConfigFetchService$PackageReceiver (has extras) }
I/PackageManager(  844):   Action: "android.intent.action.SENDTO"
I/PackageManager(  844):   Category: "android.intent.category.DEFAULT"
I/PackageManager(  844):   Scheme: "sms"
I/PackageManager(  844): Adding preferred activity ComponentInfo{com.android.mms/com.android.mms.ui.ConversationComposer} for user 0 :
E/EnterpriseContainerManager(  844): ContainerPolicy Service is not yet ready!!!
D/EnterpriseDeviceManager(  844): ContainerId: 0
I/PackageManager(  844):   Action: "android.intent.action.SENDTO"
I/PackageManager(  844):   Category: "android.intent.category.DEFAULT"
I/PackageManager(  844):   Scheme: "smsto"
I/PackageManager(  844): Adding preferred activity ComponentInfo{com.android.mms/com.android.mms.ui.ConversationComposer} for user 0 :
E/EnterpriseContainerManager(  844): ContainerPolicy Service is not yet ready!!!
D/EnterpriseDeviceManager(  844): ContainerId: 0
I/PackageManager(  844):   Action: "android.intent.action.SENDTO"
I/PackageManager(  844):   Category: "android.intent.category.DEFAULT"
I/PackageManager(  844):   Scheme: "mms"
I/HarmonyEASService(  844): onReceive : android.intent.action.PACKAGE_REMOVED for 0
I/PackageManager(  844): Adding preferred activity ComponentInfo{com.android.mms/com.android.mms.ui.ConversationComposer} for user 0 :
I/ConfigService( 1420): onCreate
I/ConfigService( 1420): onBind for Intent { act=com.google.android.gms.config.UPDATE pkg=com.google.android.gms } action com.google.android.gms.config.UPDATE
E/EnterpriseContainerManager(  844): ContainerPolicy Service is not yet ready!!!
D/EnterpriseDeviceManager(  844): ContainerId: 0
I/PackageManager(  844):   Action: "android.intent.action.SENDTO"
I/PackageManager(  844):   Category: "android.intent.category.DEFAULT"
I/PackageManager(  844):   Scheme: "mmsto"
I/PackageManager(  844): Adding preferred activity ComponentInfo{com.android.mms/com.android.mms.ui.ConversationComposer} for user 0 :
I/ConfigService( 1420): onBind returning update interface
I/ConfigService( 1420): onBind for Intent { act=com.google.android.gms.config.START pkg=com.google.android.gms } action com.google.android.gms.config.START
I/ConfigService( 1420): onBind returning config service
I/ConfigFetchService( 1308): onStartCommand Intent { act=android.intent.action.PACKAGE_REMOVED dat=package:leap.droidcord cmp=com.google.android.gms/.config.ConfigFetchService (has extras) }
I/ConfigFetchService( 1308): service connected
I/ConfigClient( 1308): service connected
E/EnterpriseContainerManager(  844): ContainerPolicy Service is not yet ready!!!
D/EnterpriseDeviceManager(  844): ContainerId: 0
E/EnterpriseContainerManager(  844): ContainerPolicy Service is not yet ready!!!
D/EnterpriseDeviceManager(  844): ContainerId: 0
I/PackageManager(  844):   Action: "android.intent.action.SENDTO"
I/PackageManager(  844):   Category: "android.intent.category.DEFAULT"
I/PackageManager(  844):   Scheme: "sms"
I/ConfigService( 1420): onDestroy
I/PackageManager(  844): Adding preferred activity ComponentInfo{com.android.mms/com.android.mms.ui.ConversationComposer} for user 0 :
D/PackageBroadcastService( 1308): Received broadcast action=android.intent.action.PACKAGE_REMOVED and uri=leap.droidcord
E/EnterpriseContainerManager(  844): ContainerPolicy Service is not yet ready!!!
D/EnterpriseDeviceManager(  844): ContainerId: 0
I/PackageManager(  844):   Action: "android.intent.action.SENDTO"
I/PackageManager(  844):   Category: "android.intent.category.DEFAULT"
I/PackageManager(  844):   Scheme: "smsto"
I/PackageManager(  844): Adding preferred activity ComponentInfo{com.android.mms/com.android.mms.ui.ConversationComposer} for user 0 :
E/EnterpriseContainerManager(  844): ContainerPolicy Service is not yet ready!!!
D/EnterpriseDeviceManager(  844): ContainerId: 0
D/BackupManagerService(  844): Received broadcast Intent { act=android.intent.action.PACKAGE_REMOVED dat=package:leap.droidcord flg=0x4000010 (has extras) }
I/PackageManager(  844):   Action: "android.intent.action.SENDTO"
I/PackageManager(  844):   Category: "android.intent.category.DEFAULT"
I/PackageManager(  844):   Scheme: "mms"
I/PackageManager(  844): Adding preferred activity ComponentInfo{com.android.mms/com.android.mms.ui.ConversationComposer} for user 0 :
E/EnterpriseContainerManager(  844): ContainerPolicy Service is not yet ready!!!
D/EnterpriseDeviceManager(  844): ContainerId: 0
I/PackageManager(  844):   Action: "android.intent.action.SENDTO"
I/PackageManager(  844):   Category: "android.intent.category.DEFAULT"
I/PackageManager(  844):   Scheme: "mmsto"
I/PackageManager(  844): Adding preferred activity ComponentInfo{com.android.mms/com.android.mms.ui.ConversationComposer} for user 0 :
E/EnterpriseContainerManager(  844): ContainerPolicy Service is not yet ready!!!
D/EnterpriseDeviceManager(  844): ContainerId: 0
I/PackageManager(  844):   Action: "android.intent.action.SENDTO"
I/PackageManager(  844):   Category: "android.intent.category.DEFAULT"
I/PackageManager(  844):   Scheme: "sms"
I/PCWCLIENTTRACE_PushUtil(29227): SPPPushClient is installed : true
I/PCWCLIENTTRACE_PushUtil(29227): sales region : global
I/PCWCLIENTTRACE_PushUtil(29227): getPushTypeList : [SPP, GCM]
I/PCWCLIENTTRACE_SYSTEMReceiver(29227): [onReceive] - android.intent.action.PACKAGE_REMOVED
I/PackageManager(  844): Adding preferred activity ComponentInfo{com.android.mms/com.android.mms.ui.ConversationComposer} for user 0 :
D/BackupManagerService(  844): Received broadcast Intent { act=android.intent.action.PACKAGE_ADDED dat=package:leap.droidcord flg=0x4000010 (has extras) }
V/BackupManagerService(  844): removePackageParticipantsLocked: uid=10176 #1
V/BackupManagerService(  844): addPackageParticipantsLocked: #1
E/EnterpriseContainerManager(  844): ContainerPolicy Service is not yet ready!!!
D/EnterpriseDeviceManager(  844): ContainerId: 0
E/EnterpriseContainerManager(  844): ContainerPolicy Service is not yet ready!!!
D/EnterpriseDeviceManager(  844): ContainerId: 0
E/EnterpriseContainerManager(  844): ContainerPolicy Service is not yet ready!!!
W/LicenseLogService(  844): log() failed
D/KeyguardUpdateMonitor( 1037): sendKeyguardVisibilityChanged(true)
D/KeyguardUpdateMonitor( 1037): handleKeyguardVisibilityChanged(1)
E/EnterpriseContainerManager(  844): ContainerPolicy Service is not yet ready!!!
I/PackageManager(  844):   Action: "android.intent.action.SENDTO"
I/PackageManager(  844):   Category: "android.intent.category.DEFAULT"
I/PackageManager(  844):   Scheme: "smsto"
I/PackageManager(  844): Adding preferred activity ComponentInfo{com.android.mms/com.android.mms.ui.ConversationComposer} for user 0 :
E/EnterpriseContainerManager(  844): ContainerPolicy Service is not yet ready!!!
D/EnterpriseDeviceManager(  844): ContainerId: 0
E/EnterpriseContainerManager(  844): ContainerPolicy Service is not yet ready!!!
D/EnterpriseDeviceManager(  844): ContainerId: 0
E/EnterpriseContainerManager(  844): ContainerPolicy Service is not yet ready!!!
I/PackageManager(  844):   Action: "android.intent.action.SENDTO"
I/PackageManager(  844):   Category: "android.intent.category.DEFAULT"
I/PackageManager(  844):   Scheme: "mms"
W/LicenseLogService(  844): log() failed
E/EnterpriseContainerManager(  844): ContainerPolicy Service is not yet ready!!!
I/PackageManager(  844): Adding preferred activity ComponentInfo{com.android.mms/com.android.mms.ui.ConversationComposer} for user 0 :
E/EnterpriseContainerManager(  844): ContainerPolicy Service is not yet ready!!!
D/EnterpriseDeviceManager(  844): ContainerId: 0
D/dalvikvm(  844): GC_EXPLICIT freed 1033K, 43% free 34344K/60000K, paused 5ms+24ms, total 293ms
I/PackageManager(  844):   Action: "android.intent.action.SENDTO"
I/PackageManager(  844):   Category: "android.intent.category.DEFAULT"
I/PackageManager(  844):   Scheme: "mmsto"
D/dalvikvm(  844): WAIT_FOR_CONCURRENT_GC blocked 344ms
D/AndroidRuntime(20607): Shutting down VM
I/PackageManager(  844): Adding preferred activity ComponentInfo{com.android.mms/com.android.mms.ui.ConversationComposer} for user 0 :
D/PackageManager(  844): delete sourFile : 
D/PackageManager(  844): delete native library directory: 
D/PackageManager(  844): return install result to caller: 1143372936
D/PackageManager(  844): returnCode: 1
D/dalvikvm(20607): GC_CONCURRENT freed 97K, 14% free 670K/772K, paused 1ms+1ms, total 3ms
E/EnterpriseContainerManager(  844): ContainerPolicy Service is not yet ready!!!
D/EnterpriseDeviceManager(  844): ContainerId: 0
E/EnterpriseContainerManager(  844): ContainerPolicy Service is not yet ready!!!
D/EnterpriseDeviceManager(  844): ContainerId: 0
I/PackageManager(  844):   Action: "android.intent.action.SENDTO"
I/PackageManager(  844):   Category: "android.intent.category.DEFAULT"
I/PackageManager(  844):   Scheme: "sms"
I/PackageManager(  844): Adding preferred activity ComponentInfo{com.android.mms/com.android.mms.ui.ConversationComposer} for user 0 :
E/EnterpriseContainerManager(  844): ContainerPolicy Service is not yet ready!!!
D/EnterpriseDeviceManager(  844): ContainerId: 0
I/PackageManager(  844):   Action: "android.intent.action.SENDTO"
I/PackageManager(  844):   Category: "android.intent.category.DEFAULT"
I/PackageManager(  844):   Scheme: "smsto"
I/PackageManager(  844): Adding preferred activity ComponentInfo{com.android.mms/com.android.mms.ui.ConversationComposer} for user 0 :
I/SA      (29253): [SUR] onReceive log=[SA = 1.6.0069 V = 19 HWD = 1280X720 2.0 dpi = 320  SIZE = 2 LOCALE = es_ES CSC = PHE MCC = 0 MNC 0 T = user DEVICE = s3ve3g P = s3ve3gxx I = KOT49H M = GT-I9301I OKLEFT false DIS KOT49H.I9301IXCSAQA2 PSS = 4.818272683021294  ]
I/SA      (29253): [SUR] onReceive Intent=[ action_PACKAGE_REMOVED package extra.REMOVED_FOR_ALL_USERS.:false extra.UID.:10176 extra.DATA_REMOVED.:false extra.REPLACING.:true extra.user_handle.:0 ]
E/EnterpriseContainerManager(  844): ContainerPolicy Service is not yet ready!!!
D/EnterpriseDeviceManager(  844): ContainerId: 0
I/PackageManager(  844):   Action: "android.intent.action.SENDTO"
I/PackageManager(  844):   Category: "android.intent.category.DEFAULT"
I/PackageManager(  844):   Scheme: "mms"
I/PackageManager(  844): Adding preferred activity ComponentInfo{com.android.mms/com.android.mms.ui.ConversationComposer} for user 0 :
E/EnterpriseContainerManager(  844): ContainerPolicy Service is not yet ready!!!
D/EnterpriseDeviceManager(  844): ContainerId: 0
I/PackageManager(  844):   Action: "android.intent.action.SENDTO"
I/PackageManager(  844):   Category: "android.intent.category.DEFAULT"
I/PackageManager(  844):   Scheme: "mmsto"
I/PackageManager(  844): Adding preferred activity ComponentInfo{com.android.mms/com.android.mms.ui.ConversationComposer} for user 0 :
E/EnterpriseContainerManager(  844): ContainerPolicy Service is not yet ready!!!
D/EnterpriseDeviceManager(  844): ContainerId: 0
I/PackageManager(  844):   Action: "android.intent.action.SENDTO"
I/PackageManager(  844):   Category: "android.intent.category.DEFAULT"
I/PackageManager(  844):   Scheme: "sms"
I/PackageManager(  844): Adding preferred activity ComponentInfo{com.android.mms/com.android.mms.ui.ConversationComposer} for user 0 :
E/EnterpriseContainerManager(  844): ContainerPolicy Service is not yet ready!!!
D/EnterpriseDeviceManager(  844): ContainerId: 0
I/PackageManager(  844):   Action: "android.intent.action.SENDTO"
I/PackageManager(  844):   Category: "android.intent.category.DEFAULT"
I/PackageManager(  844):   Scheme: "smsto"
I/PackageManager(  844): Adding preferred activity ComponentInfo{com.android.mms/com.android.mms.ui.ConversationComposer} for user 0 :
E/EnterpriseContainerManager(  844): ContainerPolicy Service is not yet ready!!!
D/EnterpriseDeviceManager(  844): ContainerId: 0
I/PackageManager(  844):   Action: "android.intent.action.SENDTO"
I/PackageManager(  844):   Category: "android.intent.category.DEFAULT"
I/PackageManager(  844):   Scheme: "mms"
I/PackageManager(  844): Adding preferred activity ComponentInfo{com.android.mms/com.android.mms.ui.ConversationComposer} for user 0 :
D/KeyguardUpdateMonitor( 1037): sendKeyguardVisibilityChanged(true)
D/KeyguardUpdateMonitor( 1037): handleKeyguardVisibilityChanged(1)
E/EnterpriseContainerManager(  844): ContainerPolicy Service is not yet ready!!!
D/EnterpriseDeviceManager(  844): ContainerId: 0
I/PackageManager(  844):   Action: "android.intent.action.SENDTO"
I/PackageManager(  844):   Category: "android.intent.category.DEFAULT"
I/PackageManager(  844):   Scheme: "mmsto"
I/PackageManager(  844): Adding preferred activity ComponentInfo{com.android.mms/com.android.mms.ui.ConversationComposer} for user 0 :
D/EnterpriseDeviceManagerService(  844): onPackageUpdateFinished - packageName: leap.droidcord, uid: 10176
D/EnterpriseDeviceManagerService(  844): Package has changed for user 0
D/EnterpriseDeviceManagerService(  844): Admin package name: com.google.android.gms
D/UserAnalysis.UserAnalysisBroadcastReceiver( 4581): Create SecureDbHelper
W/Resources(  844): Converting to string: TypedValue{t=0x12/d=0xffffffff a=-1}
W/Resources(  844): Converting to string: TypedValue{t=0x12/d=0xffffffff a=-1}
D/CapabilityManagerService New(29270): Receiver Broadcast:android.intent.action.PACKAGE_REMOVED
D/CapabilityManagerService New(29270): The package(leap.droidcord) updated
W/Resources(  844): Converting to string: TypedValue{t=0x12/d=0xffffffff a=-1}
W/Resources(  844): Converting to string: TypedValue{t=0x12/d=0xffffffff a=-1}
W/Resources(  844): Converting to string: TypedValue{t=0x12/d=0xffffffff a=-1}
W/ContextImpl(32319): Calling a method in the system process without a qualified user: android.app.ContextImpl.startService:1865 android.content.ContextWrapper.startService:506 android.content.ContextWrapper.startService:506 com.android.keychain.KeyChainBroadcastReceiver.onReceive:12 android.app.ActivityThread.handleReceiver:2575 
W/Resources(  844): Converting to string: TypedValue{t=0x12/d=0xffffffff a=-1}
W/Resources(  844): Converting to string: TypedValue{t=0x12/d=0xffffffff a=-1}
W/Resources(  844): Converting to string: TypedValue{t=0x12/d=0xffffffff a=-1}
W/Resources(  844): Converting to string: TypedValue{t=0x12/d=0xffffffff a=-1}
W/Resources(  844): Converting to string: TypedValue{t=0x12/d=0xffffffff a=-1}
W/Resources(  844): Converting to string: TypedValue{t=0x12/d=0x0 a=-1}
W/Resources(  844): Converting to string: TypedValue{t=0x12/d=0xffffffff a=-1}
W/Resources(  844): Converting to string: TypedValue{t=0x12/d=0x0 a=-1}
W/Resources(  844): Converting to string: TypedValue{t=0x12/d=0xffffffff a=-1}
W/Resources(  844): Converting to string: TypedValue{t=0x12/d=0xffffffff a=-1}
W/Resources(  844): Converting to string: TypedValue{t=0x12/d=0xffffffff a=-1}
W/Resources(  844): Converting to string: TypedValue{t=0x12/d=0xffffffff a=-1}
W/Resources(  844): Converting to string: TypedValue{t=0x12/d=0xffffffff a=-1}
W/Resources(  844): Converting to string: TypedValue{t=0x12/d=0xffffffff a=-1}
W/Resources(  844): Converting to string: TypedValue{t=0x12/d=0xffffffff a=-1}
W/Resources(  844): Converting to string: TypedValue{t=0x12/d=0xffffffff a=-1}
W/Resources(  844): Converting to string: TypedValue{t=0x12/d=0xffffffff a=-1}
W/Resources(  844): Converting to string: TypedValue{t=0x12/d=0xffffffff a=-1}
W/Resources(  844): Converting to string: TypedValue{t=0x12/d=0xffffffff a=-1}
W/Resources(  844): Converting to string: TypedValue{t=0x12/d=0x0 a=-1}
W/Resources(  844): Converting to string: TypedValue{t=0x12/d=0xffffffff a=-1}
W/Resources(  844): Converting to string: TypedValue{t=0x12/d=0x0 a=-1}
W/Resources(  844): Converting to string: TypedValue{t=0x12/d=0xffffffff a=-1}
I/CrashAnrDetector(  844): onPackageUpdateFinished : leap.droidcord
D/STATUSBAR-NetworkController( 1037): refreshSignalCluster - setNWBoosterIndicators(false)
D/STATUSBAR-NetworkController( 1037): refreshSignalCluster: data=-1 bt=false
I/HomeSyncInstallReceiver( 1177): This pkg do not need BT addr. Do nothing
D/STATUSBAR-IconMerger( 1037): checkOverflow(288), More:false, Req:false Child:4
I/ConfigFetchService( 1308): PackageReceiver: Intent { act=android.intent.action.PACKAGE_ADDED dat=package:leap.droidcord flg=0x4000010 cmp=com.google.android.gms/.config.ConfigFetchService$PackageReceiver (has extras) }
I/ConfigService( 1420): onCreate
I/ConfigService( 1420): onBind for Intent { act=com.google.android.gms.config.UPDATE pkg=com.google.android.gms } action com.google.android.gms.config.UPDATE
I/ConfigFetchService( 1308): onStartCommand Intent { act=android.intent.action.PACKAGE_ADDED dat=package:leap.droidcord cmp=com.google.android.gms/.config.ConfigFetchService (has extras) }
I/ConfigFetchService( 1308): launchTask
I/ConfigService( 1420): onBind returning update interface
I/ConfigService( 1420): onBind for Intent { act=com.google.android.gms.config.START pkg=com.google.android.gms } action com.google.android.gms.config.START
I/ConfigService( 1420): onBind returning config service
I/ConfigFetchService( 1308): service connected
I/ConfigClient( 1308): service connected
D/PackageBroadcastService( 1308): Received broadcast action=android.intent.action.PACKAGE_ADDED and uri=leap.droidcord
I/PeopleContactsSync( 1308): CP2 sync disabled
E/EnterpriseContainerManager(  844): ContainerPolicy Service is not yet ready!!!
D/EnterpriseDeviceManager(  844): ContainerId: 0
E/EnterpriseContainerManager(  844): ContainerPolicy Service is not yet ready!!!
W/LicenseLogService(  844): log() failed
E/EnterpriseContainerManager(  844): ContainerPolicy Service is not yet ready!!!
E/EnterpriseContainerManager(  844): ContainerPolicy Service is not yet ready!!!
D/EnterpriseDeviceManager(  844): ContainerId: 0
E/EnterpriseContainerManager(  844): ContainerPolicy Service is not yet ready!!!
I/PCWCLIENTTRACE_PushUtil(29227): SPPPushClient is installed : true
I/PCWCLIENTTRACE_PushUtil(29227): sales region : global
I/PCWCLIENTTRACE_PushUtil(29227): getPushTypeList : [SPP, GCM]
I/PCWCLIENTTRACE_SYSTEMReceiver(29227): [onReceive] - android.intent.action.PACKAGE_ADDED
W/LicenseLogService(  844): log() failed
E/EnterpriseContainerManager(  844): ContainerPolicy Service is not yet ready!!!
E/EnterpriseContainerManager(  844): ContainerPolicy Service is not yet ready!!!
D/EnterpriseDeviceManager(  844): ContainerId: 0
E/EnterpriseContainerManager(  844): ContainerPolicy Service is not yet ready!!!
W/LicenseLogService(  844): log() failed
E/EnterpriseContainerManager(  844): ContainerPolicy Service is not yet ready!!!
I/SA      (29253): [PMR] Received action : android.intent.action.PACKAGE_ADDED
I/SA      (29253): [SUR] onReceive log=[SA = 1.6.0069 V = 19 HWD = 1280X720 2.0 dpi = 320  SIZE = 2 LOCALE = es_ES CSC = PHE MCC = 0 MNC 0 T = user DEVICE = s3ve3g P = s3ve3gxx I = KOT49H M = GT-I9301I OKLEFT false DIS KOT49H.I9301IXCSAQA2 PSS = 4.818272683021294  ]
I/SA      (29253): [SUR] onReceive Intent=[ action.PACKAGE_ADDED. package extra.UID.:10176 extra.REPLACING.:true extra.user_handle.:0 ]
I/IcingCorporaProvider( 2623): Updating corpora: APPS=leap.droidcord, CONTACTS=MAYBE
D/FileShare-Server(32392): ServerBroadcastReceiver.onReceive - action android.intent.action.PACKAGE_ADDED // package:leap.droidcord
D/FileShare-Server(32392): ServerBroadcastReceiver.onReceive - Current User : UserHandle{0}
D/FileShare-Server(32392): ServerBroadcastReceiver.onReceive - All UserInfo: [UserInfo{0:Propietario:13}]
D/CapabilityManagerService New(29270): Receiver Broadcast:android.intent.action.PACKAGE_ADDED
D/PackageIntentReceiver(29282): ACTION_PACKAGE_ADDED
D/PackageIntentReceiver(29282): Not GearManger package! 
E/EnterpriseContainerManager(  844): ContainerPolicy Service is not yet ready!!!
D/EnterpriseDeviceManager(  844): ContainerId: 0
D/CustomFrequencyManagerService(  844): acquireDVFSLockLocked : type : DVFS_MIN_LIMIT  frequency : 1190400  uid : 1000  pid : 844  pkgName : ACTIVITY_RESUME_BOOSTER@6
W/ActivityManager(  844): mDVFSHelper.acquire()
D/PointerIcon(  844): setMouseIconStyle1 pointerType: 1001iconType:101 flag:0
D/PointerIcon(  844): setMouseCustomIcon IconType is same.101
D/PointerIcon(  844): setHoveringSpenIconStyle1 pointerType: 10001iconType:1 flag:0
D/PointerIcon(  844): setHoveringSpenCustomIcon IconType is same.1
D/KeyguardUpdateMonitor( 1037): sendKeyguardVisibilityChanged(true)
D/KeyguardUpdateMonitor( 1037): handleKeyguardVisibilityChanged(1)
D/AbsListView( 9793): unregisterIRListener() is called 
D/AbsListView( 9793): unregisterIRListener() is called 
D/StatusBarManagerService(  844): semi p:9793,o:f
D/PhoneStatusBar( 1037): setSemiTransparentMode=false, mTransparentMode=false, mSemiTransparentMode=false, mMultiWindowMode=false
D/PackageBroadcastService( 1308): Received broadcast action=android.intent.action.PACKAGE_REPLACED and uri=leap.droidcord
I/PeopleContactsSync( 1308): CP2 sync disabled
I/SpenGestureManager(  844): setFocusWindow21020
D/PointerIcon(  844): setMouseIconStyle1 pointerType: 1001iconType:101 flag:0
D/PointerIcon(  844): setMouseCustomIcon IconType is same.101
D/PointerIcon(  844): setHoveringSpenIconStyle1 pointerType: 10001iconType:1 flag:0
D/PointerIcon(  844): setHoveringSpenCustomIcon IconType is same.1
E/EnterpriseContainerManager(  844): ContainerPolicy Service is not yet ready!!!
D/EnterpriseDeviceManager(  844): ContainerId: 0
E/EnterpriseContainerManager(  844): ContainerPolicy Service is not yet ready!!!
W/LicenseLogService(  844): log() failed
E/EnterpriseContainerManager(  844): ContainerPolicy Service is not yet ready!!!
I/PCWCLIENTTRACE_PushUtil(29227): SPPPushClient is installed : true
I/PCWCLIENTTRACE_PushUtil(29227): sales region : global
I/PCWCLIENTTRACE_PushUtil(29227): getPushTypeList : [SPP, GCM]
I/PCWCLIENTTRACE_SYSTEMReceiver(29227): [onReceive] - android.intent.action.PACKAGE_REPLACED
D/PCWCLIENTTRACE_SYSTEMReceiver(29227): ACTION_PACKAGE_REPLACED_START
D/AbsListView( 9793): unregisterIRListener() is called 
D/AbsListView( 9793): unregisterIRListener() is called 
W/InputMethodManagerService(  844): Window already focused, ignoring focus gain of: com.android.internal.view.IInputMethodClient$Stub$Proxy@445aab50 attribute=null, token = android.os.BinderProxy@443c3430
I/IcingCorporaProvider( 2623): UpdateCorporaTask done [took 93 ms] updated apps [took 93 ms] 
D/KeyguardUpdateMonitor( 1037): sendKeyguardVisibilityChanged(true)
D/KeyguardUpdateMonitor( 1037): handleKeyguardVisibilityChanged(1)
E/EnterpriseContainerManager(  844): ContainerPolicy Service is not yet ready!!!
D/EnterpriseDeviceManager(  844): ContainerId: 0
E/EnterpriseContainerManager(  844): ContainerPolicy Service is not yet ready!!!
W/LicenseLogService(  844): log() failed
E/EnterpriseContainerManager(  844): ContainerPolicy Service is not yet ready!!!
D/KeyguardUpdateMonitor( 1037): sendKeyguardVisibilityChanged(true)
D/KeyguardUpdateMonitor( 1037): handleKeyguardVisibilityChanged(1)
D/PhoneStatusBar( 1037): setSemiTransparentMode=false, mTransparentMode=false, mSemiTransparentMode=false, mMultiWindowMode=false
E/EnterpriseContainerManager(  844): ContainerPolicy Service is not yet ready!!!
D/EnterpriseDeviceManager(  844): ContainerId: 0
E/EnterpriseContainerManager(  844): ContainerPolicy Service is not yet ready!!!
W/LicenseLogService(  844): log() failed
E/EnterpriseContainerManager(  844): ContainerPolicy Service is not yet ready!!!
D/StatusBarManagerService(  844): semi p:9793,o:f
I/SA      (29253): [PMR] Received action : android.intent.action.PACKAGE_REPLACED
I/SA      (29253): [SUR] onReceive log=[SA = 1.6.0069 V = 19 HWD = 1280X720 2.0 dpi = 320  SIZE = 2 LOCALE = es_ES CSC = PHE MCC = 0 MNC 0 T = user DEVICE = s3ve3g P = s3ve3gxx I = KOT49H M = GT-I9301I OKLEFT false DIS KOT49H.I9301IXCSAQA2 PSS = 4.818272683021294  ]
I/SA      (29253): [SUR] onReceive Intent=[ action_PACKAGE_REPLACED package extra.UID.:10176 extra.REPLACING.:true extra.user_handle.:0 ]
D/KeyguardUpdateMonitor( 1037): sendKeyguardVisibilityChanged(true)
D/KeyguardUpdateMonitor( 1037): handleKeyguardVisibilityChanged(1)
D/AndroidRuntime(20664): 
D/AndroidRuntime(20664): >>>>>> AndroidRuntime START com.android.internal.os.RuntimeInit <<<<<<
D/AndroidRuntime(20664): CheckJNI is OFF
D/AndroidRuntime(20664): setted country_code = SPAIN
D/AndroidRuntime(20664): setted countryiso_code = ES
D/AndroidRuntime(20664): setted sales_code = PHE
D/AndroidRuntime(20664): readGMSProperty: start
D/AndroidRuntime(20664): readGMSProperty: already setted!!
D/AndroidRuntime(20664): readGMSProperty: end
D/AndroidRuntime(20664): addProductProperty: start
D/dalvikvm(20664): Trying to load lib libjavacore.so 0x0
D/dalvikvm(20664): Added shared lib libjavacore.so 0x0
D/dalvikvm(20664): Trying to load lib libnativehelper.so 0x0
D/dalvikvm(20664): Added shared lib libnativehelper.so 0x0
D/dalvikvm(20664): No JNI_OnLoad found in libnativehelper.so 0x0, skipping init
I/IapReceiver(29308): IAP INSTALL COMPLETE
W/ApplicationsProvider( 1338): Could not fetch usage stats
W/ApplicationsProvider( 1338): java.lang.SecurityException: Neither user 10020 nor current process has android.permission.PACKAGE_USAGE_STATS.
W/ApplicationsProvider( 1338): 	at android.os.Parcel.readException(Parcel.java:1472)
W/ApplicationsProvider( 1338): 	at android.os.Parcel.readException(Parcel.java:1426)
W/ApplicationsProvider( 1338): 	at com.android.internal.app.IUsageStats$Stub$Proxy.getAllPkgUsageStats(IUsageStats.java:317)
W/ApplicationsProvider( 1338): 	at android.app.ActivityManager.getAllPackageUsageStats(ActivityManager.java:2516)
W/ApplicationsProvider( 1338): 	at com.android.providers.applications.ApplicationsProvider.fetchUsageStats(ApplicationsProvider.java:681)
W/ApplicationsProvider( 1338): 	at com.android.providers.applications.ApplicationsProvider.updateApplicationsList(ApplicationsProvider.java:519)
W/ApplicationsProvider( 1338): 	at com.android.providers.applications.ApplicationsProvider.access$300(ApplicationsProvider.java:70)
W/ApplicationsProvider( 1338): 	at com.android.providers.applications.ApplicationsProvider$UpdateHandler.handleMessage(ApplicationsProvider.java:212)
W/ApplicationsProvider( 1338): 	at android.os.Handler.dispatchMessage(Handler.java:102)
W/ApplicationsProvider( 1338): 	at android.os.Looper.loop(Looper.java:136)
W/ApplicationsProvider( 1338): 	at android.os.HandlerThread.run(HandlerThread.java:61)
W/ApplicationsProvider( 1338): Could not fetch usage stats
W/ApplicationsProvider( 1338): java.lang.SecurityException: Neither user 10020 nor current process has android.permission.PACKAGE_USAGE_STATS.
W/ApplicationsProvider( 1338): 	at android.os.Parcel.readException(Parcel.java:1472)
W/ApplicationsProvider( 1338): 	at android.os.Parcel.readException(Parcel.java:1426)
W/ApplicationsProvider( 1338): 	at com.android.internal.app.IUsageStats$Stub$Proxy.getAllPkgUsageStats(IUsageStats.java:317)
W/ApplicationsProvider( 1338): 	at android.app.ActivityManager.getAllPackageUsageStats(ActivityManager.java:2516)
W/ApplicationsProvider( 1338): 	at com.android.providers.applications.ApplicationsProvider.fetchUsageStats(ApplicationsProvider.java:681)
W/ApplicationsProvider( 1338): 	at com.android.providers.applications.ApplicationsProvider.updateApplicationsList(ApplicationsProvider.java:519)
W/ApplicationsProvider( 1338): 	at com.android.providers.applications.ApplicationsProvider.access$300(ApplicationsProvider.java:70)
W/ApplicationsProvider( 1338): 	at com.android.providers.applications.ApplicationsProvider$UpdateHandler.handleMessage(ApplicationsProvider.java:209)
W/ApplicationsProvider( 1338): 	at android.os.Handler.dispatchMessage(Handler.java:102)
W/ApplicationsProvider( 1338): 	at android.os.Looper.loop(Looper.java:136)
W/ApplicationsProvider( 1338): 	at android.os.HandlerThread.run(HandlerThread.java:61)
E/memtrack(20664): Couldn't load memtrack module (No such file or directory)
E/android.os.Debug(20664): failed to load memtrack module: -2
D/dalvikvm(20664): Note: class Landroid/app/ActivityManagerNative; has 192 unimplemented (abstract) methods
D/AndroidRuntime(20664): Calling main entry com.android.commands.am.Am
V/ApplicationPolicy(  844): isApplicationStateBlocked userId 0 pkgname leap.droidcord
D/AndroidRuntime(20664): Shutting down VM
D/dalvikvm(20664): GC_CONCURRENT freed 95K, 13% free 665K/764K, paused 0ms+0ms, total 2ms
D/ContexualWidgetMonitor( 1037):  id = 0
D/ContexualWidgetMonitor( 1037): action =android.intent.action.PACKAGE_RESTARTED
D/ContexualWidgetMonitor( 1037): pkg =null
D/ContexualWidgetMonitor( 1037): mCheckMissedEvent =false
E/SMD     (  236): DCD ON
D/AndroidRuntime(20688): 
D/AndroidRuntime(20688): >>>>>> AndroidRuntime START com.android.internal.os.RuntimeInit <<<<<<
D/AndroidRuntime(20688): CheckJNI is OFF
D/AndroidRuntime(20688): setted country_code = SPAIN
D/AndroidRuntime(20688): setted countryiso_code = ES
D/AndroidRuntime(20688): setted sales_code = PHE
D/AndroidRuntime(20688): readGMSProperty: start
D/AndroidRuntime(20688): readGMSProperty: already setted!!
D/AndroidRuntime(20688): readGMSProperty: end
D/AndroidRuntime(20688): addProductProperty: start
D/dalvikvm(20688): Trying to load lib libjavacore.so 0x0
D/dalvikvm(20688): Added shared lib libjavacore.so 0x0
D/dalvikvm(20688): Trying to load lib libnativehelper.so 0x0
D/dalvikvm(20688): Added shared lib libnativehelper.so 0x0
D/dalvikvm(20688): No JNI_OnLoad found in libnativehelper.so 0x0, skipping init
E/memtrack(20688): Couldn't load memtrack module (No such file or directory)
E/android.os.Debug(20688): failed to load memtrack module: -2
D/dalvikvm(20688): Note: class Landroid/app/ActivityManagerNative; has 192 unimplemented (abstract) methods
D/AndroidRuntime(20688): Calling main entry com.android.commands.am.Am
E/EnterpriseContainerManager(  844): ContainerPolicy Service is not yet ready!!!
D/EnterpriseDeviceManager(  844): ContainerId: 0
V/ApplicationPolicy(  844): isApplicationStateBlocked userId 0 pkgname leap.droidcord
D/CustomFrequencyManagerService(  844): releaseDVFSLockLocked : Getting Lock type frm List : DVFS_MIN_LIMIT  frequency : 1190400  uid : 1000  pid : 844  tag : ACTIVITY_RESUME_BOOSTER@6
D/CustomFrequencyManagerService(  844): acquireDVFSLockLocked : type : DVFS_MIN_LIMIT  frequency : 1190400  uid : 1000  pid : 844  pkgName : ACTIVITY_RESUME_BOOSTER@6
W/ActivityManager(  844): mDVFSHelper.acquire()
D/AndroidRuntime(20688): Shutting down VM
D/PhoneStatusBar( 1037): setTransGradationMode=false, mTransparentMode=false, mSemiTransparentMode=false, mMultiWindowMode=false
D/dalvikvm(20688): GC_CONCURRENT freed 97K, 13% free 711K/812K, paused 0ms+0ms, total 2ms
D/PointerIcon(  844): setMouseIconStyle1 pointerType: 1001iconType:101 flag:0
D/PointerIcon(  844): setMouseCustomIcon IconType is same.101
D/PointerIcon(  844): setHoveringSpenIconStyle1 pointerType: 10001iconType:1 flag:0
D/PointerIcon(  844): setHoveringSpenCustomIcon IconType is same.1
D/StatusBarManagerService(  844): tr p:844,o:f
I/SELinux (20699): Function: selinux_android_load_priority [0], There is no sepolicy file.
I/SELinux (20699):  
I/SELinux (20699): Function: selinux_android_load_priority [1], There is no sepolicy version file.
I/SELinux (20699):  
I/SELinux (20699): Function: selinux_android_load_priority , priority version is VE=SEPF_GT-I9301I_4.4.2_0055
I/SELinux (20699):  
I/SELinux (20699):  
I/SELinux (20699): selinux_android_seapp_context_reload: seapp_contexts file is loaded from /seapp_contexts
I/SurfaceFlinger(  246): id=1723 createSurf (1x1),2 flag=404, eroidcord
D/dalvikvm(20699): Late-enabling CheckJNI
D/KeyguardUpdateMonitor( 1037): sendKeyguardVisibilityChanged(true)
D/KeyguardUpdateMonitor( 1037): handleKeyguardVisibilityChanged(1)
D/KeyguardUpdateMonitor( 1037): sendKeyguardVisibilityChanged(true)
D/KeyguardUpdateMonitor( 1037): handleKeyguardVisibilityChanged(1)
I/dalvikvm(20699): Enabling JNI app bug workarounds for target SDK version 9...
D/AbsListView( 9793): unregisterIRListener() is called 
D/AbsListView( 9793): unregisterIRListener() is called 
D/KeyguardUpdateMonitor( 1037): sendKeyguardVisibilityChanged(true)
D/KeyguardUpdateMonitor( 1037): handleKeyguardVisibilityChanged(1)
D/KeyguardUpdateMonitor( 1037): sendKeyguardVisibilityChanged(true)
D/KeyguardUpdateMonitor( 1037): handleKeyguardVisibilityChanged(1)
D/KeyguardUpdateMonitor( 1037): sendKeyguardVisibilityChanged(true)
D/KeyguardUpdateMonitor( 1037): handleKeyguardVisibilityChanged(1)
D/EnterpriseDeviceManager(  844): ContainerId: 0
D/KeyguardUpdateMonitor( 1037): sendKeyguardVisibilityChanged(true)
D/STATUSBAR-StatusBarManagerService(  844): manageDisableList what=0x0 pkg=WindowManager.LayoutParams
D/KeyguardUpdateMonitor( 1037): sendKeyguardVisibilityChanged(true)
V/PhoneStatusBar( 1037): setLightsOn(true)
D/KeyguardUpdateMonitor( 1037): handleKeyguardVisibilityChanged(1)
D/KeyguardUpdateMonitor( 1037): sendKeyguardVisibilityChanged(true)
D/KeyguardUpdateMonitor( 1037): handleKeyguardVisibilityChanged(1)
D/KeyguardUpdateMonitor( 1037): handleKeyguardVisibilityChanged(1)
D/ProgressBar(20699): setProgressDrawable drawableHeight = 0
D/StatusBarManagerService(  844): tr p:20699,o:f
D/PhoneStatusBar( 1037): setTransGradationMode=false, mTransparentMode=false, mSemiTransparentMode=false, mMultiWindowMode=false
D/AbsListView(20699): Get MotionRecognitionManager
D/MotionRecognitionService(  844):  ssp status : false
D/AbsListView(20699): Get MotionRecognitionManager
D/AbsListView(20699): onVisibilityChanged() is called, visibility : 8
D/AbsListView(20699): unregisterIRListener() is called 
D/AbsListView(20699): onVisibilityChanged() is called, visibility : 0
D/AbsListView(20699): unregisterIRListener() is called 
D/AbsListView(20699): onVisibilityChanged() is called, visibility : 8
D/AbsListView(20699): unregisterIRListener() is called 
I/System.out(20699): Thread-1(HTTPLog):isShipBuild true
I/System.out(20699): Thread-1(HTTPLog):SmartBonding Enabling is false, SHIP_BUILD is true, log to file is false, DBG is false
D/KeyguardUpdateMonitor( 1037): sendKeyguardVisibilityChanged(true)
D/KeyguardUpdateMonitor( 1037): handleKeyguardVisibilityChanged(1)
I/SurfaceFlinger(  246): id=1718 Removed GileExplore (6/14)
I/SurfaceFlinger(  246): id=1718 Removed GileExplore (-2/14)
D/KeyguardUpdateMonitor( 1037): sendKeyguardVisibilityChanged(true)
D/KeyguardUpdateMonitor( 1037): handleKeyguardVisibilityChanged(1)
D/HTTP    (20699): Request URI: http://146.59.80.3/api/v9/users/@me
D/HTTP    (20699): Response Code: 200
D/AbsListView(20699): onVisibilityChanged() is called, visibility : 4
D/AbsListView(20699): unregisterIRListener() is called 
D/AbsListView(20699): onVisibilityChanged() is called, visibility : 4
D/AbsListView(20699): unregisterIRListener() is called 
D/PhoneStatusBar( 1037): setSemiTransparentMode=false, mTransparentMode=false, mSemiTransparentMode=false, mMultiWindowMode=false
D/StatusBarManagerService(  844): semi p:20699,o:f
D/AbsListView(20699): onVisibilityChanged() is called, visibility : 0
D/AbsListView(20699): unregisterIRListener() is called 
D/AbsListView(20699): onVisibilityChanged() is called, visibility : 0
D/AbsListView(20699): unregisterIRListener() is called 
D/STATUSBAR-NetworkController( 1037): refreshSignalCluster - setNWBoosterIndicators(false)
D/STATUSBAR-NetworkController( 1037): refreshSignalCluster: data=-1 bt=false
D/STATUSBAR-IconMerger( 1037): checkOverflow(288), More:false, Req:false Child:4
I/SurfaceFlinger(  246): id=1724 createSurf (1x1),2 flag=404, NainActivit
I/SpenGestureManager(  844): setFocusWindow21025
D/KeyguardUpdateMonitor( 1037): sendKeyguardVisibilityChanged(true)
D/KeyguardUpdateMonitor( 1037): handleKeyguardVisibilityChanged(1)
D/KeyguardUpdateMonitor( 1037): sendKeyguardVisibilityChanged(true)
D/KeyguardUpdateMonitor( 1037): handleKeyguardVisibilityChanged(1)
D/PointerIcon(  844): setMouseIconStyle1 pointerType: 1001iconType:101 flag:0
D/PointerIcon(  844): setMouseCustomIcon IconType is same.101
D/PointerIcon(  844): setHoveringSpenIconStyle1 pointerType: 10001iconType:1 flag:0
D/PointerIcon(  844): setHoveringSpenCustomIcon IconType is same.1
D/ProgressBar(20699): updateDrawableBounds: left = 0
D/ProgressBar(20699): updateDrawableBounds: top = 0
D/ProgressBar(20699): updateDrawableBounds: right = 32
D/ProgressBar(20699): updateDrawableBounds: bottom = 32
D/ProgressBar(20699): updateDrawableBounds: left = 0
D/ProgressBar(20699): updateDrawableBounds: top = 0
D/ProgressBar(20699): updateDrawableBounds: right = 658
D/ProgressBar(20699): updateDrawableBounds: bottom = 40
D/ProgressBar(20699): updateDrawableBounds: mProgressDrawable.setBounds()
D/AbsListView(20699): unregisterIRListener() is called 
I/SurfaceFlinger(  246): id=1725 createSurf (1x1),1 flag=4, Uoast
D/KeyguardUpdateMonitor( 1037): sendKeyguardVisibilityChanged(true)
D/KeyguardUpdateMonitor( 1037): handleKeyguardVisibilityChanged(1)
D/PowerManagerService(  844): [api] acquire WakeLock flags=0x2000000a tag=WindowManager uid=1000 pid=844
D/KeyguardUpdateMonitor( 1037): sendKeyguardVisibilityChanged(true)
D/KeyguardUpdateMonitor( 1037): handleKeyguardVisibilityChanged(1)
D/KeyguardUpdateMonitor( 1037): sendKeyguardVisibilityChanged(true)
D/KeyguardUpdateMonitor( 1037): handleKeyguardVisibilityChanged(1)
D/AbsListView(20699): unregisterIRListener() is called 
D/KeyguardUpdateMonitor( 1037): sendKeyguardVisibilityChanged(true)
D/KeyguardUpdateMonitor( 1037): handleKeyguardVisibilityChanged(1)
D/KeyguardUpdateMonitor( 1037): sendKeyguardVisibilityChanged(true)
D/KeyguardUpdateMonitor( 1037): handleKeyguardVisibilityChanged(1)
W/ContextImpl(  844): Calling a method in the system process without a qualified user: android.app.ContextImpl.sendBroadcast:1509 com.android.server.InputMethodManagerService$4.run:2829 java.lang.Thread.run:841 <bottom of call stack> <bottom of call stack> 
D/CustomFrequencyManagerService(  844): acquireDVFSLockLocked : type : DVFS_MIN_LIMIT  frequency : 1190400  uid : 1000  pid : 844  pkgName : ACTIVITY_RESUME_BOOSTER@9
D/CustomFrequencyManagerService(  844): releaseDVFSLockLocked : Getting Lock type frm List : DVFS_MIN_LIMIT  frequency : 1190400  uid : 1000  pid : 844  tag : ACTIVITY_RESUME_BOOSTER@6
D/CustomFrequencyManagerService(  844): FrequencyrequestList.getNextMaxCPUCoreRequest, index: 0
D/KeyguardUpdateMonitor( 1037): sendKeyguardVisibilityChanged(true)
D/KeyguardUpdateMonitor( 1037): handleKeyguardVisibilityChanged(1)
D/AbsListView(20699): unregisterIRListener() is called 
D/KeyguardUpdateMonitor( 1037): sendKeyguardVisibilityChanged(true)
D/KeyguardUpdateMonitor( 1037): handleKeyguardVisibilityChanged(1)
W/ActivityManager(  844): mDVFSHelper.release()
D/AbsListView( 9793): onVisibilityChanged() is called, visibility : 4
D/AbsListView( 9793): unregisterIRListener() is called 
D/AbsListView( 9793): onVisibilityChanged() is called, visibility : 4
D/AbsListView( 9793): unregisterIRListener() is called 
I/SELinux (20722): Function: selinux_android_load_priority [0], There is no sepolicy file.
I/SELinux (20722):  
I/SELinux (20722): Function: selinux_android_load_priority [1], There is no sepolicy version file.
I/SELinux (20722):  
I/SELinux (20722): Function: selinux_android_load_priority , priority version is VE=SEPF_GT-I9301I_4.4.2_0055
I/SELinux (20722):  
I/SELinux (20722):  
I/SELinux (20722): selinux_android_seapp_context_reload: seapp_contexts file is loaded from /seapp_contexts
D/KeyguardUpdateMonitor( 1037): sendKeyguardVisibilityChanged(true)
D/KeyguardUpdateMonitor( 1037): handleKeyguardVisibilityChanged(1)
I/SurfaceFlinger(  246): id=1723 Removed eroidcord (12/15)
I/SurfaceFlinger(  246): id=1723 Removed eroidcord (-2/15)
D/KeyguardUpdateMonitor( 1037): sendKeyguardVisibilityChanged(true)
D/KeyguardUpdateMonitor( 1037): handleKeyguardVisibilityChanged(1)
D/HTTP    (20699): Request URI: http://146.59.80.3/api/v9/users/@me/guilds
D/HTTP    (20699): Response Code: 200
D/AbsListView(20699): unregisterIRListener() is called 
D/KeyguardUpdateMonitor( 1037): sendKeyguardVisibilityChanged(true)
D/KeyguardUpdateMonitor( 1037): handleKeyguardVisibilityChanged(1)
D/AbsListView(20699): unregisterIRListener() is called 
D/AbsListView(20699): unregisterIRListener() is called 
W/ContextImpl(  844): Calling a method in the system process without a qualified user: android.app.ContextImpl.sendBroadcast:1523 com.android.server.StatusBarManagerService.sendNotification:981 com.android.server.StatusBarManagerService.addNotification:670 com.android.server.NotificationManagerService$7.run:2142 android.os.Handler.handleCallback:733 
D/STATUSBAR-StatusBarManagerService(  844): sendNotification(1) - 1001
D/SViewCoverView( 1562): BroadcastReceiver onReceive() : action : com.android.server.NotificationManagerService.NotificationArrived
W/ResourceType( 1037): Attempt to retrieve bag 0x01030068 which is invalid or in a cycle.
W/ResourceType( 1037): Attempt to retrieve bag 0x01030067 which is invalid or in a cycle.
D/ProgressBar( 1037): setProgressDrawable drawableHeight = 0
W/ContextImpl(  844): Calling a method in the system process without a qualified user: android.app.ContextImpl.sendBroadcast:1523 com.android.server.StatusBarManagerService.sendNotification:981 com.android.server.StatusBarManagerService.updateNotification:690 com.android.server.NotificationManagerService$7.run:2134 android.os.Handler.handleCallback:733 
D/STATUSBAR-StatusBarManagerService(  844): sendNotification(2) - 1001
D/SViewCoverView( 1562): BroadcastReceiver onReceive() : action : com.android.server.NotificationManagerService.NotificationArrived
W/ResourceType( 1037): Attempt to retrieve bag 0x01030200 which is invalid or in a cycle.
D/PhoneStatusBar( 1037): tick(): knoxCustomManager = android.app.enterprise.knoxcustom.KnoxCustomManager@4259de48
D/ContexualWidgetMonitor( 1037): action =com.android.server.NotificationManagerService.NotificationArrived
D/ContexualWidgetMonitor( 1037): pkg =null
D/ContexualWidgetMonitor( 1037): mCheckMissedEvent =false
D/ProgressBar( 1037): setProgressDrawable drawableHeight = 0
D/ContexualWidgetMonitor( 1037): action =com.android.server.NotificationManagerService.NotificationArrived
D/ContexualWidgetMonitor( 1037): pkg =null
D/ContexualWidgetMonitor( 1037): mCheckMissedEvent =false
D/EnterpriseDeviceManager(  844): ContainerId: 0
W/ContextImpl(  844): Calling a method in the system process without a qualified user: android.app.ContextImpl.sendBroadcast:1523 com.android.server.StatusBarManagerService.sendNotification:981 com.android.server.StatusBarManagerService.updateNotification:690 com.android.server.NotificationManagerService$7.run:2134 android.os.Handler.handleCallback:733 
