E/dalvikvm(20422): Could not find class 'android.app.Person$Builder', referenced from method androidx.core.app.Person.toAndroidPerson
W/dalvikvm(20422): VFY: unable to resolve new-instance 92 (Landroid/app/Person$Builder;) in Landroidx/core/app/Person;
D/dalvikvm(20422): VFY: replacing opcode 0x22 at 0x0000
E/dalvikvm(20422): Could not find class 'android.os.PersistableBundle', referenced from method androidx.core.app.Person.toPersistableBundle
W/dalvikvm(20422): VFY: unable to resolve new-instance 397 (Landroid/os/PersistableBundle;) in Landroidx/core/app/Person;
D/dalvikvm(20422): VFY: replacing opcode 0x22 at 0x0000
D/dalvikvm(20422): DexOpt: unable to opt direct call 0x01f9 at 0x02 in Landroidx/core/app/Person;.toAndroidPerson
D/dalvikvm(20422): DexOpt: unable to opt direct call 0x07d4 at 0x02 in Landroidx/core/app/Person;.toPersistableBundle
E/dalvikvm(20422): Could not find class 'android.app.Notification$MessagingStyle', referenced from method androidx.core.app.NotificationCompat$MessagingStyle.apply
W/dalvikvm(20422): VFY: unable to resolve new-instance 84 (Landroid/app/Notification$MessagingStyle;) in Landroidx/core/app/NotificationCompat$MessagingStyle;
D/dalvikvm(20422): VFY: replacing opcode 0x22 at 0x0014
E/dalvikvm(20422): Could not find class 'android.app.Notification$MessagingStyle', referenced from method androidx.core.app.NotificationCompat$MessagingStyle.apply
W/dalvikvm(20422): VFY: unable to resolve new-instance 84 (Landroid/app/Notification$MessagingStyle;) in Landroidx/core/app/NotificationCompat$MessagingStyle;
D/dalvikvm(20422): VFY: replacing opcode 0x22 at 0x0020
D/dalvikvm(20422): DexOpt: unable to opt direct call 0x01c7 at 0x1c in Landroidx/core/app/NotificationCompat$MessagingStyle;.apply
D/dalvikvm(20422): DexOpt: unable to opt direct call 0x01c8 at 0x28 in Landroidx/core/app/NotificationCompat$MessagingStyle;.apply
D/dalvikvm(20422): DexOpt: unable to opt direct call 0x01c4 at 0x75 in Landroidx/core/app/NotificationCompat$MessagingStyle;.apply
D/dalvikvm(20422): DexOpt: unable to opt direct call 0x01c5 at 0x93 in Landroidx/core/app/NotificationCompat$MessagingStyle;.apply
W/dalvikvm(20422): VFY: unable to find class referenced in signature (Landroid/graphics/drawable/Icon;)
W/dalvikvm(20422): VFY: unable to find class referenced in signature (Landroid/graphics/drawable/Icon;)
W/dalvikvm(20422): VFY: unable to find class referenced in signature (Landroid/graphics/drawable/Icon;)
W/dalvikvm(20422): VFY: unable to find class referenced in signature (Landroid/graphics/drawable/Icon;)
W/dalvikvm(20422): VFY: unable to find class referenced in signature (Landroid/graphics/drawable/Icon;)
W/dalvikvm(20422): VFY: unable to find class referenced in signature (Landroid/graphics/drawable/Icon;)
W/dalvikvm(20422): VFY: unable to find class referenced in signature (Landroid/graphics/drawable/Icon;)
W/dalvikvm(20422): VFY: unable to find class referenced in signature (Landroid/graphics/drawable/Icon;)
W/dalvikvm(20422): VFY: unable to find class referenced in signature (Landroid/graphics/drawable/Icon;)
W/dalvikvm(20422): VFY: unable to find class referenced in signature (Landroid/graphics/drawable/Icon;)
W/dalvikvm(20422): VFY: unable to find class referenced in signature (Landroid/graphics/drawable/Icon;)
I/dalvikvm(20422): Could not find method android.graphics.drawable.Icon.getResId, referenced from method androidx.core.graphics.drawable.IconCompat.getResId
W/dalvikvm(20422): VFY: unable to resolve virtual method 1557: Landroid/graphics/drawable/Icon;.getResId ()I
D/dalvikvm(20422): VFY: replacing opcode 0x6e at 0x000a
W/dalvikvm(20422): VFY: unable to find class referenced in signature (Landroid/graphics/drawable/Icon;)
I/dalvikvm(20422): Could not find method android.graphics.drawable.Icon.getResPackage, referenced from method androidx.core.graphics.drawable.IconCompat.getResPackage
W/dalvikvm(20422): VFY: unable to resolve virtual method 1558: Landroid/graphics/drawable/Icon;.getResPackage ()Ljava/lang/String;
D/dalvikvm(20422): VFY: replacing opcode 0x6e at 0x000a
W/dalvikvm(20422): VFY: unable to find class referenced in signature (Landroid/graphics/drawable/Icon;)
I/dalvikvm(20422): Could not find method android.graphics.drawable.Icon.getType, referenced from method androidx.core.graphics.drawable.IconCompat.getType
W/dalvikvm(20422): VFY: unable to resolve virtual method 1559: Landroid/graphics/drawable/Icon;.getType ()I
D/dalvikvm(20422): VFY: replacing opcode 0x6e at 0x000a
W/dalvikvm(20422): VFY: unable to find class referenced in signature (Landroid/graphics/drawable/Icon;)
I/dalvikvm(20422): Could not find method android.graphics.drawable.Icon.getUri, referenced from method androidx.core.graphics.drawable.IconCompat.getUri
W/dalvikvm(20422): VFY: unable to resolve virtual method 1560: Landroid/graphics/drawable/Icon;.getUri ()Landroid/net/Uri;
D/dalvikvm(20422): VFY: replacing opcode 0x6e at 0x000a
E/dalvikvm(20422): Could not find class 'android.graphics.drawable.Icon', referenced from method androidx.core.graphics.drawable.IconCompat.getResId
W/dalvikvm(20422): VFY: unable to resolve check-cast 271 (Landroid/graphics/drawable/Icon;) in Landroidx/core/graphics/drawable/IconCompat;
D/dalvikvm(20422): VFY: replacing opcode 0x1f at 0x000d
E/dalvikvm(20422): Could not find class 'android.graphics.drawable.Icon', referenced from method androidx.core.graphics.drawable.IconCompat.getResPackage
W/dalvikvm(20422): VFY: unable to resolve check-cast 271 (Landroid/graphics/drawable/Icon;) in Landroidx/core/graphics/drawable/IconCompat;
D/dalvikvm(20422): VFY: replacing opcode 0x1f at 0x000d
E/dalvikvm(20422): Could not find class 'android.graphics.drawable.Icon', referenced from method androidx.core.graphics.drawable.IconCompat.getType
W/dalvikvm(20422): VFY: unable to resolve check-cast 271 (Landroid/graphics/drawable/Icon;) in Landroidx/core/graphics/drawable/IconCompat;
D/dalvikvm(20422): VFY: replacing opcode 0x1f at 0x000d
E/dalvikvm(20422): Could not find class 'android.graphics.drawable.Icon', referenced from method androidx.core.graphics.drawable.IconCompat.getUri
W/dalvikvm(20422): VFY: unable to resolve check-cast 271 (Landroid/graphics/drawable/Icon;) in Landroidx/core/graphics/drawable/IconCompat;
D/dalvikvm(20422): VFY: replacing opcode 0x1f at 0x000d
W/dalvikvm(20422): VFY: unable to find class referenced in signature (Landroid/graphics/drawable/Icon;)
I/dalvikvm(20422): Could not find method android.graphics.drawable.Icon.loadDrawable, referenced from method androidx.core.graphics.drawable.IconCompat.loadDrawable
W/dalvikvm(20422): VFY: unable to resolve virtual method 1561: Landroid/graphics/drawable/Icon;.loadDrawable (Landroid/content/Context;)Landroid/graphics/drawable/Drawable;
D/dalvikvm(20422): VFY: replacing opcode 0x6e at 0x000d
I/dalvikvm(20422): Could not find method android.graphics.drawable.Icon.createWithAdaptiveBitmap, referenced from method androidx.core.graphics.drawable.IconCompat.toIcon
W/dalvikvm(20422): VFY: unable to resolve static method 1551: Landroid/graphics/drawable/Icon;.createWithAdaptiveBitmap (Landroid/graphics/Bitmap;)Landroid/graphics/drawable/Icon;
D/dalvikvm(20422): VFY: replacing opcode 0x71 at 0x001e
I/dalvikvm(20422): Could not find method android.graphics.drawable.Icon.createWithBitmap, referenced from method androidx.core.graphics.drawable.IconCompat.toIcon
W/dalvikvm(20422): VFY: unable to resolve static method 1552: Landroid/graphics/drawable/Icon;.createWithBitmap (Landroid/graphics/Bitmap;)Landroid/graphics/drawable/Icon;
D/dalvikvm(20422): VFY: replacing opcode 0x71 at 0x002c
I/dalvikvm(20422): Could not find method android.graphics.drawable.Icon.createWithContentUri, referenced from method androidx.core.graphics.drawable.IconCompat.toIcon
W/dalvikvm(20422): VFY: unable to resolve static method 1554: Landroid/graphics/drawable/Icon;.createWithContentUri (Ljava/lang/String;)Landroid/graphics/drawable/Icon;
D/dalvikvm(20422): VFY: replacing opcode 0x71 at 0x003d
I/dalvikvm(20422): Could not find method android.graphics.drawable.Icon.createWithData, referenced from method androidx.core.graphics.drawable.IconCompat.toIcon
W/dalvikvm(20422): VFY: unable to resolve static method 1555: Landroid/graphics/drawable/Icon;.createWithData ([BII)Landroid/graphics/drawable/Icon;
D/dalvikvm(20422): VFY: replacing opcode 0x71 at 0x004c
I/dalvikvm(20422): Could not find method android.graphics.drawable.Icon.createWithResource, referenced from method androidx.core.graphics.drawable.IconCompat.toIcon
W/dalvikvm(20422): VFY: unable to resolve static method 1556: Landroid/graphics/drawable/Icon;.createWithResource (Ljava/lang/String;I)Landroid/graphics/drawable/Icon;
D/dalvikvm(20422): VFY: replacing opcode 0x71 at 0x0057
I/dalvikvm(20422): Could not find method android.graphics.drawable.Icon.createWithBitmap, referenced from method androidx.core.graphics.drawable.IconCompat.toIcon
W/dalvikvm(20422): VFY: unable to resolve static method 1552: Landroid/graphics/drawable/Icon;.createWithBitmap (Landroid/graphics/Bitmap;)Landroid/graphics/drawable/Icon;
D/dalvikvm(20422): VFY: replacing opcode 0x71 at 0x0060
E/dalvikvm(20422): Could not find class 'android.graphics.drawable.Icon', referenced from method androidx.core.graphics.drawable.IconCompat.toIcon
W/dalvikvm(20422): VFY: unable to resolve check-cast 271 (Landroid/graphics/drawable/Icon;) in Landroidx/core/graphics/drawable/IconCompat;
D/dalvikvm(20422): VFY: replacing opcode 0x1f at 0x0077
E/dalvikvm(20422): Could not find class 'android.app.Person', referenced from method androidx.core.app.NotificationCompat$MessagingStyle$Message.getMessageFromBundle
W/dalvikvm(20422): VFY: unable to resolve check-cast 93 (Landroid/app/Person;) in Landroidx/core/app/NotificationCompat$MessagingStyle$Message;
D/dalvikvm(20422): VFY: replacing opcode 0x1f at 0x003e
W/dalvikvm(20422): VFY: unable to find class referenced in signature (Landroid/app/Person;)
I/dalvikvm(20422): Could not find method android.view.Window.setStatusBarColor, referenced from method com.discord.utilities.color.ColorCompat.setStatusBarColor
W/dalvikvm(20422): VFY: unable to resolve virtual method 3280: Landroid/view/Window;.setStatusBarColor (I)V
D/dalvikvm(20422): VFY: replacing opcode 0x6e at 0x0016
I/dalvikvm(20422): Could not find method android.app.NotificationManager.areNotificationsEnabled, referenced from method androidx.core.app.NotificationManagerCompat.areNotificationsEnabled
W/dalvikvm(20422): VFY: unable to resolve virtual method 481: Landroid/app/NotificationManager;.areNotificationsEnabled ()Z
D/dalvikvm(20422): VFY: replacing opcode 0x6e at 0x0008
W/dalvikvm(20422): VFY: unable to find class referenced in signature (Landroid/app/NotificationChannel;)
I/dalvikvm(20422): Could not find method android.app.NotificationManager.createNotificationChannel, referenced from method androidx.core.app.NotificationManagerCompat.createNotificationChannel
W/dalvikvm(20422): VFY: unable to resolve virtual method 484: Landroid/app/NotificationManager;.createNotificationChannel (Landroid/app/NotificationChannel;)V
D/dalvikvm(20422): VFY: replacing opcode 0x6e at 0x0008
W/dalvikvm(20422): VFY: unable to find class referenced in signature (Landroid/app/NotificationChannelGroup;)
I/dalvikvm(20422): Could not find method android.app.NotificationManager.createNotificationChannelGroup, referenced from method androidx.core.app.NotificationManagerCompat.createNotificationChannelGroup
W/dalvikvm(20422): VFY: unable to resolve virtual method 485: Landroid/app/NotificationManager;.createNotificationChannelGroup (Landroid/app/NotificationChannelGroup;)V
D/dalvikvm(20422): VFY: replacing opcode 0x6e at 0x0008
I/dalvikvm(20422): Could not find method android.app.NotificationManager.createNotificationChannelGroups, referenced from method androidx.core.app.NotificationManagerCompat.createNotificationChannelGroups
W/dalvikvm(20422): VFY: unable to resolve virtual method 486: Landroid/app/NotificationManager;.createNotificationChannelGroups (Ljava/util/List;)V
D/dalvikvm(20422): VFY: replacing opcode 0x6e at 0x0008
I/dalvikvm(20422): Could not find method android.app.NotificationManager.createNotificationChannels, referenced from method androidx.core.app.NotificationManagerCompat.createNotificationChannels
W/dalvikvm(20422): VFY: unable to resolve virtual method 487: Landroid/app/NotificationManager;.createNotificationChannels (Ljava/util/List;)V
D/dalvikvm(20422): VFY: replacing opcode 0x6e at 0x0008
I/dalvikvm(20422): Could not find method android.app.NotificationManager.deleteNotificationChannel, referenced from method androidx.core.app.NotificationManagerCompat.deleteNotificationChannel
W/dalvikvm(20422): VFY: unable to resolve virtual method 488: Landroid/app/NotificationManager;.deleteNotificationChannel (Ljava/lang/String;)V
D/dalvikvm(20422): VFY: replacing opcode 0x6e at 0x0008
I/dalvikvm(20422): Could not find method android.app.NotificationManager.deleteNotificationChannelGroup, referenced from method androidx.core.app.NotificationManagerCompat.deleteNotificationChannelGroup
W/dalvikvm(20422): VFY: unable to resolve virtual method 489: Landroid/app/NotificationManager;.deleteNotificationChannelGroup (Ljava/lang/String;)V
D/dalvikvm(20422): VFY: replacing opcode 0x6e at 0x0008
I/dalvikvm(20422): Could not find method android.app.NotificationManager.getImportance, referenced from method androidx.core.app.NotificationManagerCompat.getImportance
W/dalvikvm(20422): VFY: unable to resolve virtual method 490: Landroid/app/NotificationManager;.getImportance ()I
D/dalvikvm(20422): VFY: replacing opcode 0x6e at 0x0008
I/dalvikvm(20422): Could not find method android.app.NotificationManager.getNotificationChannel, referenced from method androidx.core.app.NotificationManagerCompat.getNotificationChannel
W/dalvikvm(20422): VFY: unable to resolve virtual method 491: Landroid/app/NotificationManager;.getNotificationChannel (Ljava/lang/String;)Landroid/app/NotificationChannel;
D/dalvikvm(20422): VFY: replacing opcode 0x6e at 0x0008
W/dalvikvm(20422): VFY: unable to find class referenced in signature (Landroid/app/NotificationChannel;)
I/dalvikvm(20422): Could not find method android.app.NotificationManager.getNotificationChannelGroup, referenced from method androidx.core.app.NotificationManagerCompat.getNotificationChannelGroup
W/dalvikvm(20422): VFY: unable to resolve virtual method 492: Landroid/app/NotificationManager;.getNotificationChannelGroup (Ljava/lang/String;)Landroid/app/NotificationChannelGroup;
D/dalvikvm(20422): VFY: replacing opcode 0x6e at 0x0008
E/dalvikvm(20422): Could not find class 'android.app.NotificationChannelGroup', referenced from method androidx.core.app.NotificationManagerCompat.getNotificationChannelGroup
W/dalvikvm(20422): VFY: unable to resolve check-cast 88 (Landroid/app/NotificationChannelGroup;) in Landroidx/core/app/NotificationManagerCompat;
D/dalvikvm(20422): VFY: replacing opcode 0x1f at 0x0026
W/dalvikvm(20422): VFY: unable to find class referenced in signature (Landroid/app/NotificationChannelGroup;)
I/dalvikvm(20422): Could not find method android.app.NotificationManager.getNotificationChannelGroups, referenced from method androidx.core.app.NotificationManagerCompat.getNotificationChannelGroups
W/dalvikvm(20422): VFY: unable to resolve virtual method 493: Landroid/app/NotificationManager;.getNotificationChannelGroups ()Ljava/util/List;
D/dalvikvm(20422): VFY: replacing opcode 0x6e at 0x0008
I/dalvikvm(20422): Could not find method android.app.NotificationManager.getNotificationChannels, referenced from method androidx.core.app.NotificationManagerCompat.getNotificationChannels
W/dalvikvm(20422): VFY: unable to resolve virtual method 494: Landroid/app/NotificationManager;.getNotificationChannels ()Ljava/util/List;
D/dalvikvm(20422): VFY: replacing opcode 0x6e at 0x0008
I/dalvikvm(20422): Could not find method android.app.Notification$Builder.<init>, referenced from method androidx.core.app.NotificationCompatBuilder.<init>
W/dalvikvm(20422): VFY: unable to resolve direct method 394: Landroid/app/Notification$Builder;.<init> (Landroid/content/Context;Ljava/lang/String;)V
D/dalvikvm(20422): VFY: replacing opcode 0x70 at 0x001f
I/dalvikvm(20422): Could not find method android.app.Notification$Builder.setLocalOnly, referenced from method androidx.core.app.NotificationCompatBuilder.<init>
W/dalvikvm(20422): VFY: unable to resolve virtual method 424: Landroid/app/Notification$Builder;.setLocalOnly (Z)Landroid/app/Notification$Builder;
D/dalvikvm(20422): VFY: replacing opcode 0x6e at 0x0199
I/dalvikvm(20422): Could not find method android.app.Notification$Builder.setCategory, referenced from method androidx.core.app.NotificationCompatBuilder.<init>
W/dalvikvm(20422): VFY: unable to resolve virtual method 404: Landroid/app/Notification$Builder;.setCategory (Ljava/lang/String;)Landroid/app/Notification$Builder;
D/dalvikvm(20422): VFY: replacing opcode 0x6e at 0x01ba
I/dalvikvm(20422): Could not find method android.app.Notification$Builder.setRemoteInputHistory, referenced from method androidx.core.app.NotificationCompatBuilder.<init>
W/dalvikvm(20422): VFY: unable to resolve virtual method 431: Landroid/app/Notification$Builder;.setRemoteInputHistory ([Ljava/lang/CharSequence;)Landroid/app/Notification$Builder;
D/dalvikvm(20422): VFY: replacing opcode 0x6e at 0x0251
I/dalvikvm(20422): Could not find method android.app.Notification$Builder.setBadgeIconType, referenced from method androidx.core.app.NotificationCompatBuilder.<init>
W/dalvikvm(20422): VFY: unable to resolve virtual method 402: Landroid/app/Notification$Builder;.setBadgeIconType (I)Landroid/app/Notification$Builder;
D/dalvikvm(20422): VFY: replacing opcode 0x6e at 0x027d
I/dalvikvm(20422): Could not find method android.app.Notification$Builder.setAllowSystemGeneratedContextualActions, referenced from method androidx.core.app.NotificationCompatBuilder.<init>
W/dalvikvm(20422): VFY: unable to resolve virtual method 400: Landroid/app/Notification$Builder;.setAllowSystemGeneratedContextualActions (Z)Landroid/app/Notification$Builder;
D/dalvikvm(20422): VFY: replacing opcode 0x6e at 0x02c1
E/dalvikvm(20422): Could not find class 'android.app.Notification$Action$Builder', referenced from method androidx.core.app.NotificationCompatBuilder.addAction
W/dalvikvm(20422): VFY: unable to resolve new-instance 74 (Landroid/app/Notification$Action$Builder;) in Landroidx/core/app/NotificationCompatBuilder;
D/dalvikvm(20422): VFY: replacing opcode 0x22 at 0x0006
D/dalvikvm(20422): DexOpt: couldn't find field Landroid/app/Notification;.headsUpContentView
W/dalvikvm(20422): VFY: unable to resolve instance field 77
D/dalvikvm(20422): VFY: replacing opcode 0x5b at 0x0048
I/dalvikvm(20422): Could not find method android.app.Notification.getGroup, referenced from method androidx.core.app.NotificationCompatBuilder.buildInternal
W/dalvikvm(20422): VFY: unable to resolve virtual method 466: Landroid/app/Notification;.getGroup ()Ljava/lang/String;
D/dalvikvm(20422): VFY: replacing opcode 0x6e at 0x001f
D/dalvikvm(20422): DexOpt: couldn't find field Landroid/app/Notification;.headsUpContentView
W/dalvikvm(20422): VFY: unable to resolve instance field 77
D/dalvikvm(20422): VFY: replacing opcode 0x5b at 0x0069
I/dalvikvm(20422): Could not find method android.app.Notification.getGroup, referenced from method androidx.core.app.NotificationCompatBuilder.buildInternal
W/dalvikvm(20422): VFY: unable to resolve virtual method 466: Landroid/app/Notification;.getGroup ()Ljava/lang/String;
D/dalvikvm(20422): VFY: replacing opcode 0x6e at 0x006f
I/dalvikvm(20422): Could not find method android.app.Notification.getGroup, referenced from method androidx.core.app.NotificationCompatBuilder.buildInternal
W/dalvikvm(20422): VFY: unable to resolve virtual method 466: Landroid/app/Notification;.getGroup ()Ljava/lang/String;
D/dalvikvm(20422): VFY: replacing opcode 0x6e at 0x00b9
D/dalvikvm(20422): DexOpt: couldn't find field Landroid/app/Notification;.audioAttributes
I/dalvikvm(20422): DexOpt: unable to optimize instance field ref 0x0044 at 0x1d2 in Landroidx/core/app/NotificationCompatBuilder;.<init>
D/dalvikvm(20422): DexOpt: unable to opt direct call 0x0164 at 0x14 in Landroidx/core/app/NotificationCompatBuilder;.addAction
I/dalvikvm(20422): Could not find method android.app.Notification$Action.getRemoteInputs, referenced from method androidx.core.app.NotificationCompat.getActionCompatFromAction
W/dalvikvm(20422): VFY: unable to resolve virtual method 365: Landroid/app/Notification$Action;.getRemoteInputs ()[Landroid/app/RemoteInput;
D/dalvikvm(20422): VFY: replacing opcode 0x74 at 0x0002
I/dalvikvm(20422): Could not find method android.app.Notification.getAllowSystemGeneratedContextualActions, referenced from method androidx.core.app.NotificationCompat.getAllowSystemGeneratedContextualActions
W/dalvikvm(20422): VFY: unable to resolve virtual method 462: Landroid/app/Notification;.getAllowSystemGeneratedContextualActions ()Z
D/dalvikvm(20422): VFY: replacing opcode 0x6e at 0x0006
I/dalvikvm(20422): Could not find method android.app.Notification.getBadgeIconType, referenced from method androidx.core.app.NotificationCompat.getBadgeIconType
W/dalvikvm(20422): VFY: unable to resolve virtual method 463: Landroid/app/Notification;.getBadgeIconType ()I
D/dalvikvm(20422): VFY: replacing opcode 0x6e at 0x0006
I/dalvikvm(20422): Could not find method android.app.Notification.getBubbleMetadata, referenced from method androidx.core.app.NotificationCompat.getBubbleMetadata
W/dalvikvm(20422): VFY: unable to resolve virtual method 464: Landroid/app/Notification;.getBubbleMetadata ()Landroid/app/Notification$BubbleMetadata;
D/dalvikvm(20422): VFY: replacing opcode 0x6e at 0x0006
D/dalvikvm(20422): DexOpt: couldn't find field Landroid/app/Notification;.category
W/dalvikvm(20422): VFY: unable to resolve instance field 71
D/dalvikvm(20422): VFY: replacing opcode 0x54 at 0x0006
I/dalvikvm(20422): Could not find method android.app.Notification.getChannelId, referenced from method androidx.core.app.NotificationCompat.getChannelId
W/dalvikvm(20422): VFY: unable to resolve virtual method 465: Landroid/app/Notification;.getChannelId ()Ljava/lang/String;
D/dalvikvm(20422): VFY: replacing opcode 0x6e at 0x0006
I/dalvikvm(20422): Could not find method android.app.Notification.getGroup, referenced from method androidx.core.app.NotificationCompat.getGroup
W/dalvikvm(20422): VFY: unable to resolve virtual method 466: Landroid/app/Notification;.getGroup ()Ljava/lang/String;
D/dalvikvm(20422): VFY: replacing opcode 0x6e at 0x0006
I/dalvikvm(20422): Could not find method android.app.Notification.getGroupAlertBehavior, referenced from method androidx.core.app.NotificationCompat.getGroupAlertBehavior
W/dalvikvm(20422): VFY: unable to resolve virtual method 467: Landroid/app/Notification;.getGroupAlertBehavior ()I
D/dalvikvm(20422): VFY: replacing opcode 0x6e at 0x0006
I/dalvikvm(20422): Could not find method android.app.Notification.getShortcutId, referenced from method androidx.core.app.NotificationCompat.getShortcutId
W/dalvikvm(20422): VFY: unable to resolve virtual method 468: Landroid/app/Notification;.getShortcutId ()Ljava/lang/String;
D/dalvikvm(20422): VFY: replacing opcode 0x6e at 0x0006
I/dalvikvm(20422): Could not find method android.app.Notification.getSortKey, referenced from method androidx.core.app.NotificationCompat.getSortKey
W/dalvikvm(20422): VFY: unable to resolve virtual method 469: Landroid/app/Notification;.getSortKey ()Ljava/lang/String;
D/dalvikvm(20422): VFY: replacing opcode 0x6e at 0x0006
I/dalvikvm(20422): Could not find method android.app.Notification.getTimeoutAfter, referenced from method androidx.core.app.NotificationCompat.getTimeoutAfter
W/dalvikvm(20422): VFY: unable to resolve virtual method 470: Landroid/app/Notification;.getTimeoutAfter ()J
D/dalvikvm(20422): VFY: replacing opcode 0x6e at 0x0006
W/ContextImpl(  844): Calling a method in the system process without a qualified user: android.app.ContextImpl.sendBroadcast:1523 com.android.server.StatusBarManagerService.sendNotification:981 com.android.server.StatusBarManagerService.addNotification:670 com.android.server.NotificationManagerService$7.run:2142 android.os.Handler.handleCallback:733 
D/STATUSBAR-StatusBarManagerService(  844): sendNotification(1) - 1313639013
I/AudioService(  844): getStreamVolume 5 index 110
V/MotionRecognitionManager(  844):   .registerListenerEvent : success. listener count = 0->1, motion_events=1,  
V/Vibrator(  844): Called vibrateNotification() API - PUID: 1000, PackageName: android, type: 13
I/SensorManagerA(  844): getReportingMode :: sensor.mType = 5
D/SViewCoverView( 1562): BroadcastReceiver onReceive() : action : com.android.server.NotificationManagerService.NotificationArrived
D/MotionRecognitionService(  844):  open api 0
D/MotionRecognitionService(  844):   .registerCallback : 1, motion_sensors=3, client= 
D/MotionRecognitionService(  844): Acquire sensors : Settings = 1101101000010000000101
D/MotionRecognitionService(  844): Acquired sensors for motion : 11
I/STATUSBAR-NotificationService(  844): Reg. OverTurn
D/STATUSBAR-NotificationService(  844): Noti Alert - doVibrate true convertStoV=false
V/VibratorService(  844): Called vibrateNotification()!
D/VibratorService(  844): ImmVibe vibratorOff()
V/VibratorService(  844): vibrateImmVibe - package: android, type: 13, magnitude: 10000
D/STATUSBAR-NotificationService(  844): updateLightsLocked() : Set custom flashing notification light
D/LightsService(  844): [api] [SvcLED] setFlashing :: id = 4, color = ff5161ff, mode = 1, onMS = 1500, offMS = 1500,  (uid: 1000 pid: 844) 
D/LightsService(  844): [SvcLED] setSvcLedStateLocked:: SvcLEDState : 0x40 -> 0x44 | SvcLED(id=4) set On
D/SensorManager(  844): registerListener :: 4, CM36651 Light Sensor, 200000, 0,  
V/MediaPlayer-JNI( 1037): native_setup
V/MediaPlayer( 1037): constructor
V/MediaPlayer( 1037): setListener
E/MediaPlayer-JNI( 1037): QCMediaPlayer mediaplayer NOT present
V/MediaPlayer-JNI( 1037): setAudioStreamType: 5
V/MediaPlayer( 1037): MediaPlayer::setAudioStreamType
I/MediaPlayer( 1037): it is a Ringtone type is : 2
D/RingtoneManager( 1037): getActualDefaultRingtoneUri  type    :2
D/RingtoneManager( 1037): checkDefaultRingtoneProperUri : InternalMediaAudio uriString not null    type:2
I/MediaPlayer( 1037): It is a Not a DRM RingTone: return NULL
I/MediaPlayer( 1037): path is null
D/RingtoneManager(  844): getActualDefaultRingtoneUri  type    :2
D/RingtoneManager(  844): checkDefaultRingtoneProperUri : InternalMediaAudio uriString not null    type:2
V/MediaPlayer-JNI( 1037): setDataSourceFD: fd 110
V/MediaPlayer( 1037): setDataSource(110, 0, 576460752303423487)
V/MediaPlayerService(  250): Create new client(29) from pid 1037, uid 10019, 
V/MediaPlayerService(  250): setDataSource fd=47, offset=0, length=576460752303423487
V/MediaPlayerService(  250): st_dev  = 45847
V/MediaPlayerService(  250): st_mode = 33188
V/MediaPlayerService(  250): st_uid  = 0
V/MediaPlayerService(  250): st_gid  = 0
V/MediaPlayerService(  250): st_size = 25929
V/MediaPlayerService(  250): calculated length = 25929
V/MediaPlayerService(  250): player type = 3
V/AwesomePlayer(  250): setDefault
V/AwesomePlayer(  250): constructor
V/AwesomePlayer(  250): setDefault
V/AwesomePlayer(  250): reset_l()
V/AwesomePlayer(  250): notifyListner_l() msg (8-MEDIA_STOPPED), ext1 (0), ext2 (0)
V/AwesomePlayer(  250): cancelPlayerEvents (keepNotifications=0)
V/AwesomePlayer(  250): mAudioTrackVector clear
V/AwesomePlayer(  250): reset_l() mAudioPlayer successfully deleted
V/AwesomePlayer(  250): mSecMediaClock clear
V/StagefrightPlayer(  250): StagefrightPlayer
V/AwesomePlayer(  250): setListener
V/StagefrightPlayer(  250): initCheck
V/AwesomePlayer(  250): AwesomePlayer running on behalf of uid 10019
V/AudioSink(  250): AudioOutput(1283)
V/AwesomePlayer(  250): setAudioSink
V/StagefrightPlayer(  250): setDataSource(47, 0, 25929)
V/AwesomePlayer(  250): reset_l()
V/AwesomePlayer(  250): notifyListner_l() msg (8-MEDIA_STOPPED), ext1 (0), ext2 (0)
V/MediaPlayerService(  250): [29] notify (0xb77ce480, 8, 0, 0)
V/MediaPlayer( 1037): message received msg=8, ext1=0, ext2=0
V/MediaPlayer( 1037): notify(8, 0, 0) callback on disconnected mediaplayer
V/AwesomePlayer(  250): cancelPlayerEvents (keepNotifications=0)
V/AwesomePlayer(  250): mAudioTrackVector clear
V/AwesomePlayer(  250): reset_l() mAudioPlayer successfully deleted
V/AwesomePlayer(  250): mSecMediaClock clear
V/AwesomePlayer(  250): track of type 'audio/vorbis' does not publish bitrate
V/AwesomePlayer(  250): mBitrate = -1 bits/sec
V/AwesomePlayer(  250): current audio track index (0) is added to vector
V/AwesomePlayer(  250): setDataSource_l: Audio(1), Video(0)
I/AwesomePlayer(  250): AwesomePlayer::setDataSource_l():: This is not a DRM content
V/MediaPlayerService(  250): [29] setParameter(1604)
V/StagefrightPlayer(  250): setParameter(key=1604)
V/AwesomePlayer(  250): setParameter key (1604)
V/AwesomePlayer(  250): Current Contet PID : 1037
V/MediaPlayerService(  250): [29] getParameter(1700)
V/MediaPlayer-JNI( 1037): setLooping: 0
V/MediaPlayer( 1037): MediaPlayer::setLooping
V/MediaPlayerService(  250): [29] setLooping(0)
V/StagefrightPlayer(  250): setLooping
V/AwesomePlayer(  250): setLooping (0)
V/MediaPlayer( 1037): setVideoSurfaceTexture
V/MediaPlayerService(  250): [29] setVideoSurfaceTexture(0x0)
V/MediaPlayer( 1037): prepare
V/MediaPlayerService(  250): [29] setAudioStreamType(5)
V/MediaPlayerService(  250): [29] prepareAsync
V/AwesomePlayer(  250): prepareAsync
V/AwesomePlayer(  250): onPrepareAsyncEvent
I/SecMediaClock(  250): SecMediaClock constructor
I/SecMediaClock(  250): reset
W/ResourceType( 1037): Attempt to retrieve bag 0x01030068 which is invalid or in a cycle.
V/AwesomePlayer(  250): initAudioDecoder
V/AwesomePlayer(  250): checkOffloadExceptions is true
I/OMXCodec(  250): Attempting to allocate OMX node 'OMX.google.vorbis.decoder'
I/OMX     (  250): mDispatchers.add
I/OMXCodec(  250): Successfully allocated OMX node 'OMX.google.vorbis.decoder'
I/OMXCodec(  250): [OMX.google.vorbis.decoder] OMXCodec::start mState=1
I/OMXCodec(  250): [OMX.google.vorbis.decoder] allocating 4 buffers of size 8192 on input port
I/OMXCodec(  250): [OMX.google.vorbis.decoder] allocating 4 buffers of size 32768 on output port
I/OMXCodec(  250): [OMX.google.vorbis.decoder] Now Idle. Component sends idle done Event 
W/ResourceType( 1037): Attempt to retrieve bag 0x01030067 which is invalid or in a cycle.
V/AwesomePlayer(  250): finishAsyncPrepare_l
V/AwesomePlayer(  250): notifyListner_l() msg (200-MEDIA_INFO), ext1 (973), ext2 (0)
V/MediaPlayerService(  250): [29] notify (0xb77ce480, 200, 973, 0)
V/MediaPlayer( 1037): message received msg=200, ext1=973, ext2=0
W/MediaPlayer( 1037): info/warning (973, 0)
V/MediaPlayer( 1037): callback application
V/MediaPlayer( 1037): back from callback
V/AwesomePlayer(  250): notifyListner_l() msg (5-MEDIA_SET_VIDEO_SIZE), ext1 (0), ext2 (0)
V/MediaPlayerService(  250): [29] notify (0xb77ce480, 5, 0, 0)
V/MediaPlayer( 1037): message received msg=5, ext1=0, ext2=0
V/MediaPlayer( 1037): New video size 0 x 0
V/MediaPlayer( 1037): callback application
V/MediaPlayer( 1037): back from callback
V/AwesomePlayer(  250): notifyListner_l() msg (1-MEDIA_PREPARED), ext1 (0), ext2 (0)
V/MediaPlayerService(  250): [29] notify (0xb77ce480, 1, 0, 0)
V/MediaPlayer( 1037): message received msg=1, ext1=0, ext2=0
V/MediaPlayer( 1037): prepared
V/MediaPlayer( 1037): signal application thread
V/MediaPlayer( 1037): callback application
V/MediaPlayer( 1037): prepare complete - status=0
V/MediaPlayer( 1037): back from callback
I/MediaFocusControl(  844):  AudioFocus  requestAudioFocus() from android.media.AudioManager$42515be0 hint:3
V/MediaPlayer-JNI( 1037): start
V/MediaPlayer( 1037): start
V/MediaPlayerService(  250): [29] setLooping(0)
V/StagefrightPlayer(  250): setLooping
V/AwesomePlayer(  250): setLooping (0)
V/MediaPlayerService(  250): [29] setVolume(1.000000, 1.000000)
V/AudioSink(  250): setVolume(1.000000, 1.000000)
V/MediaPlayerService(  250): [29] setAuxEffectSendLevel(0.000000)
V/AudioSink(  250): setAuxEffectSendLevel(0.000000)
V/MediaPlayerService(  250): [29] start
V/StagefrightPlayer(  250): setLooping
V/AwesomePlayer(  250): setLooping (0)
E/MediaPlayerService(  250): WFD client is not created 
V/StagefrightPlayer(  250): start
V/AwesomePlayer(  250): play
V/AwesomePlayer(  250): AwesomePlayer::play_l():: This is not a DRM content
V/AwesomePlayer(  250): startAudioPlayer_l, sendErrorNotification (0)
D/ProgressBar( 1037): setProgressDrawable drawableHeight = 12
I/OMXCodec(  250): [OMX.google.vorbis.decoder] 0onCmdComplete  mState =  7
I/OMXCodec(  250): [OMX.google.vorbis.decoder] PORT_DISABLED(1)
I/OMXCodec(  250): [OMX.google.vorbis.decoder] allocating 4 buffers of size 32768 on output port
I/AudioPlayer(  250):  Audioplayer kKeyAudioPCMFormat:1, 2, 0
I/AudioPlayer(  250):  Audioplayer kKeyAudioPCMFormat read fail(2, 1)
V/AudioSink(  250): open(44100, 2, 0x0, 0x1, 4, 1283 0x40000)
V/AudioPolicyManagerBase(  250): getOutput() device 2, stream 5, samplingRate 0, format 0, channelMask 3, flags 0
V/AudioPolicyManagerBase(  250): getOutputsForDevice device 0002 -> 0002
V/AudioPolicyManagerBase(  250): selectOutput() output 2 outputDesc->mProfile->mFlags 0002 flags 0000
V/AudioPolicyManagerBase(  250): selectOutput() output 3 outputDesc->mProfile->mFlags 0004 flags 0000
V/AudioPolicyManagerBase(  250): getOutput() returns output 2
V/AudioPolicyManagerBase(  250): getOutput() device 2, stream 5, samplingRate 0, format 0, channelMask 3, flags 0
V/AudioPolicyManagerBase(  250): getOutputsForDevice device 0002 -> 0002
V/AudioPolicyManagerBase(  250): selectOutput() output 2 outputDesc->mProfile->mFlags 0002 flags 0000
V/AudioPolicyManagerBase(  250): selectOutput() output 3 outputDesc->mProfile->mFlags 0004 flags 0000
V/AudioPolicyManagerBase(  250): getOutput() returns output 2
V/AudioSink(  250): no track available to recycle
V/AudioSink(  250): creating new AudioTrack
V/AudioPolicyManagerBase(  250): getOutput() device 2, stream 5, samplingRate 44100, format 1, channelMask 3, flags 40000
V/AudioPolicyManagerBase(  250): getOutputsForDevice device 0002 -> 0002
V/AudioPolicyManagerBase(  250): selectOutput() output 2 outputDesc->mProfile->mFlags 0002 flags 40000
V/AudioPolicyManagerBase(  250): selectOutput() output 3 outputDesc->mProfile->mFlags 0004 flags 40000
V/AudioPolicyManagerBase(  250): getOutput() returns output 2
V/AudioSink(  250): deleteRecycledTrack
V/AudioSink(  250): setVolume
V/AudioPolicyManagerBase(  250): getOutput() device 2, stream 5, samplingRate 0, format 0, channelMask 3, flags 0
V/AudioPolicyManagerBase(  250): getOutputsForDevice device 0002 -> 0002
V/AudioPolicyManagerBase(  250): selectOutput() output 2 outputDesc->mProfile->mFlags 0002 flags 0000
V/AudioPolicyManagerBase(  250): selectOutput() output 3 outputDesc->mProfile->mFlags 0004 flags 0000
V/AudioPolicyManagerBase(  250): getOutput() returns output 2
V/AudioSink(  250): open() DONE status 0
V/AudioSink(  250): start
V/AudioPolicyManagerBase(  250): startOutput() output 2, stream 5, session 1283
V/AudioPolicyManagerBase(  250): changeRefCount() stream 5, count 1
V/AudioPolicyManagerBase(  250): getNewDevice() selected device 2
V/AudioPolicyManagerBase(  250): setOutputDevice() output 2 device 0002 force 0 delayMs 0 
V/AudioPolicyManagerBase(  250): setOutputDevice() prevDevice (0002)
V/AudioPolicyManagerBase(  250): setOutputDevice() setting same device 0002 or null device for output 2
V/AwesomePlayer(  250): notifyListner_l() msg (6-MEDIA_STARTED), ext1 (0), ext2 (0)
V/MediaPlayerService(  250): [29] notify (0xb77ce480, 6, 0, 0)
V/AwesomePlayer(  250): addBatteryData
V/MediaPlayer( 1037): message received msg=6, ext1=0, ext2=0
I/MediaPlayer( 1037): Don't send intent. msg.arg1 = 0, msg.arg2 = 0
E/MediaPlayer( 1037): Should have subtitle controller already set
V/audio_hw_primary(  250): start_output_stream: enter: usecase(0: deep-buffer-playback) devices(0x2)
V/audio_hw_primary(  250): select_devices: ENTER
V/audio_hw_primary(  250): select_devices: usecase(normal)
V/audio_hw_primary(  250): select_devices: usecase(PCM_PLAYBACK)
V/msm8974_platform(  250): platform_get_output_snd_device: enter: output devices(0x2)
V/msm8974_platform(  250): get_OUTPUT_snd_device: for Normal Playback
V/msm8974_platform(  250): platform_get_output_snd_device: exit: snd_device(speaker)
D/audio_hw_primary(  250): select_devices: out_snd_device(2: speaker)
D/audio_hw_primary(  250): select_devices: in_snd_device(0: dummy)
D/ACDB-LOADER(  250): ACDB -> send_audio_cal, acdb_id = 15, path =  0
D/ACDB-LOADER(  250): ACDB -> send_adm_topology
D/ACDB-LOADER(  250): ACDB -> ACDB_CMD_GET_AUDPROC_COMMON_TOPOLOGY_ID
D/ACDB-LOADER(  250): ACDB -> send_audtable
D/ACDB-LOADER(  250): ACDB -> ACDB_CMD_GET_AUDPROC_COMMON_TABLE
D/ACDB-LOADER(  250): ACDB -> AUDIO_SET_AUDPROC_CAL
D/ACDB-LOADER(  250): ACDB -> send_audvoltable
D/ACDB-LOADER(  250): ACDB -> ACDB_CMD_GET_AUDPROC_GAIN_DEP_STEP_TABLE
D/ACDB-LOADER(  250): ACDB -> AUDIO_SET_AUDPROC_VOL_CAL
D/ACDB-LOADER(  250): ACDB -> send_afe_cal
D/ACDB-LOADER(  250): ACDB -> ACDB_CMD_GET_AFE_COMMON_TABLE
D/ACDB-LOADER(  250): ACDB -> AUDIO_SET_AFE_CAL
V/audio_hw_primary(  250): enable_snd_device: snd_device(2: speaker, speaker)
D/audio_route(  250): ++++ audio_route_update_mixer ==============
D/audio_route(  250): Setting mixer control: RX4 Digital Volume, value: 83
V/MediaPlayer( 1037): Received MEDIA_STARTED
V/MediaPlayer( 1037): callback application
V/MediaPlayer( 1037): back from callback
V/MediaPlayer-JNI( 1037): getCurrentPosition: 83 (msec)
V/MediaPlayer-JNI( 1037): isPlaying: 1
D/audio_route(  250): Setting mixer control: RX4 MIX1 INP1, value: 5
D/audio_route(  250): Setting mixer control: SPK DAC Switch, value: 1
D/audio_route(  250): Setting mixer control: SLIM RX1 MUX, value: 1
D/audio_route(  250): ------ audio_route_update_mixer ==============
V/audio_hw_primary(  250): enable_audio_route: enter: usecase(0)
V/audio_hw_primary(  250): enable_audio_route: apply mixer path: deep-buffer-playback
D/audio_route(  250): ++++ audio_route_update_mixer ==============
D/audio_route(  250): Setting mixer control: SLIMBUS_0_RX Audio Mixer MultiMedia1, value: 1
D/audio_route(  250): ------ audio_route_update_mixer ==============
V/audio_hw_primary(  250): enable_audio_route: exit
V/audio_hw_primary(  250): start_output_stream: Opening PCM device card_id(0) device_id(0)
V/audio_hw_primary(  250): start_output_stream: exit
W/ResourceType( 1037): Attempt to retrieve bag 0x01030200 which is invalid or in a cycle.
D/ProgressBar( 1037): setProgressDrawable drawableHeight = 12
E/AudioResampler(  250): Unsupported sample format, 1 bits, 2 channels
D/AudioResampler(  250): AudioResamplerOrder1::resample common!!!!!
D/AudioResampler(  250): new common resampler(44100 -> 48000, 2, 2)
D/SoundAliveResampler(  250): [SoundAliveResampler] Init+++
I/AudioTrack(  250): track is underrun status. skip wait time.
D/PhoneStatusBar( 1037): tick(): knoxCustomManager = android.app.enterprise.knoxcustom.KnoxCustomManager@4259de48
D/ContexualWidgetMonitor( 1037): action =com.android.server.NotificationManagerService.NotificationArrived
D/ContexualWidgetMonitor( 1037): pkg =null
D/ContexualWidgetMonitor( 1037): mCheckMissedEvent =false
V/KeyguardUpdateMonitor( 1037): handleSetGenerationId(g=29, clear=true)
V/KeyguardHostView( 1037): hide transport, gen:29
D/STATUSBAR-IconMerger( 1037): checkOverflow(288), More:false, Req:false Child:4
D/SensorManager(  844): unregisterListener ::   
D/lights  (  844): led_blink : 0xff5161ff 1500 1500
D/lights  (  844):  +
D/lights  (  844): led_blink : 0xff5161ff 1500 1500
D/lights  (  844):  -
D/LightsService(  844): [SvcLED]  onSensorChanged::light value = 0
D/LightsService(  844): [SvcLED]  setSvcLedLightLocked :: priority changed! SvcLED(id=3) OUT; SvcLED(id=4) IN
I/OMXCodec(  250): [OMX.google.vorbis.decoder] End Of Stream
I/AudioPlayer(  250): getNumFramesPendingPlayout() mNumFramesPlayed (70560), numFramesPlayedOut (68182)
V/AwesomePlayer(  250): postAudioEOS delayUs (233922)
E/SMD     (  236): DCD ON
V/AwesomePlayer(  250): onCheckAudioStatus
V/AwesomePlayer(  250): onCheckAudioStatus() set AUDIO_AT_EOS flag
V/AwesomePlayer(  250): onStreamDone
V/AwesomePlayer(  250): MEDIA_PLAYBACK_COMPLETE
V/AwesomePlayer(  250): notifyListner_l() msg (2-MEDIA_PLAYBACK_COMPLETE), ext1 (0), ext2 (0)
V/MediaPlayerService(  250): [29] notify (0xb77ce480, 2, 0, 0)
V/AwesomePlayer(  250): notifyListner_l() msg (7-MEDIA_PAUSED), ext1 (0), ext2 (0)
V/MediaPlayerService(  250): [29] notify (0xb77ce480, 7, 0, 0)
V/MediaPlayer( 1037): message received msg=2, ext1=0, ext2=0
V/MediaPlayer( 1037): playback complete
V/MediaPlayer( 1037): callback application
V/MediaPlayer( 1037): back from callback
I/MediaFocusControl(  844):  AudioFocus  abandonAudioFocus() from android.media.AudioManager$42515be0
V/KeyguardUpdateMonitor( 1037): handleSetGenerationId(g=30, clear=true)
V/KeyguardHostView( 1037): hide transport, gen:30
V/AwesomePlayer(  250): cancelPlayerEvents (keepNotifications=1)
V/AudioSink(  250): stop
V/MediaPlayer( 1037): message received msg=7, ext1=0, ext2=0
V/MediaPlayer( 1037): unrecognized message: (7, 0, 0)
V/MediaPlayer( 1037): callback application
V/MediaPlayer( 1037): back from callback
V/AwesomePlayer(  250): addBatteryData
D/MotionRecognitionManager(  844): @ member 0 =  
I/MotionRecognitionManager(  844):   .unregisterListener : / listener count = 1->0,  
D/MotionRecognitionService(  844):  open api 0
D/MotionRecognitionService(  844):   .unregisterCallback : 0, client= 
I/STATUSBAR-NotificationService(  844): UnReg. OverTurn
V/AudioPolicyManagerBase(  250): stopOutput() output 2, stream 5, session 1283
V/AudioPolicyManagerBase(  250): changeRefCount() stream 5, count 0
V/AudioPolicyManagerBase(  250): getNewDevice() selected device 0
V/AudioPolicyManagerBase(  250): setOutputDevice() output 2 device 0000 force 0 delayMs 160 
V/AudioPolicyManagerBase(  250): setOutputDevice() prevDevice (0002)
V/AudioPolicyManagerBase(  250): setOutputDevice() setting same device 0000 or null device for output 2
D/SSRMv2:SIOP(  844): SIOP:: AP = 300, Delta = 0
E/Watchdog(  844): !@Sync 1342
E/SMD     (  236): DCD ON
V/audio_hw_primary(  250): out_standby: enter: usecase(0: deep-buffer-playback)
V/audio_hw_primary(  250): stop_output_stream: enter: usecase(0: deep-buffer-playback)
V/audio_hw_primary(  250): disable_audio_route: enter: usecase(0)
V/audio_hw_primary(  250): disable_audio_route: reset mixer path: deep-buffer-playback
D/audio_route(  250): ++++ audio_route_update_mixer ==============
D/audio_route(  250): Setting mixer control: SLIMBUS_0_RX Audio Mixer MultiMedia1, value: 0
D/audio_route(  250): ------ audio_route_update_mixer ==============
V/audio_hw_primary(  250): disable_audio_route: exit
V/audio_hw_primary(  250): disable_snd_device: snd_device(2: speaker)
D/audio_route(  250): ++++ audio_route_update_mixer ==============
D/audio_route(  250): Setting mixer control: RX4 Digital Volume, value: 84
D/audio_route(  250): Setting mixer control: RX4 MIX1 INP1, value: 0
D/audio_route(  250): Setting mixer control: SPK DAC Switch, value: 0
D/audio_route(  250): Setting mixer control: SLIM RX1 MUX, value: 0
D/audio_route(  250): ------ audio_route_update_mixer ==============
V/audio_hw_primary(  250): stop_output_stream: exit: status(0)
V/audio_hw_primary(  250): out_standby: exit
E/SMD     (  236): DCD ON
I/GCM     ( 1420): GCM message com.discord 0:1771444582360047%af81bdbff9fd7ecd
V/AlarmManager(  844):  next == MAX_VALUE
I/Discord (20422): Got notification: {channel_id=851467393876230175, image_count=2, message_id=1473770135318695957, guild_icon=a0bf74f23cdf2042b3eb547727a942de, guild_name=La Gente de Craker, __category=can_reply, guild_id=464031924764278785, image_url_ergo_android=https://media.discordapp.net/attachments/851467393876230175/1473770134647865414/IMG_20260218_205049.jpg?format=png&height=500&width=500&ex=69976ae5&is=69961965&hm=187b6b2c443c4919f74f19105da07455c8aac9a67d9600b6fc22f0e6627024b2&, message_flags=0, message_type_=0, user_avatar=056a6e141e4af0256df96bcc607d14c3, notif_type_id=1, message_content=IMG_20260218_205049.jpg, user_username=esdla360, user_id=635857436938469377, channel_name=colecciones-y-adquisiciones, channel_type=0, type=MESSAGE_CREATE, image_url_v2=https://media.discordapp.net/attachments/851467393876230175/1473770134647865414/IMG_20260218_205049.jpg?format=png&height=500&width=500&ex=69976ae5&is=69961965&hm=187b6b2c443c4919f74f19105da07455c8aac9a67d9600b6fc22f0e6627024b2&, notif_insta
I/Discord (20422): nce_id=1473770135318695957, attachment_text_variant=2, __sound=message1.mp3, video_count=0, receiving_user_id=603311227719909486}
W/ContextImpl(  844): Calling a method in the system process without a qualified user: android.app.ContextImpl.sendBroadcast:1523 com.android.server.StatusBarManagerService.sendNotification:981 com.android.server.StatusBarManagerService.updateNotification:690 com.android.server.NotificationManagerService$7.run:2134 android.os.Handler.handleCallback:733 
D/STATUSBAR-StatusBarManagerService(  844): sendNotification(2) - 1313639013
D/STATUSBAR-NotificationService(  844): updateLightsLocked() : Set custom flashing notification light
D/LightsService(  844): [api] [SvcLED] setFlashing :: id = 4, color = ff5161ff, mode = 1, onMS = 1500, offMS = 1500,  (uid: 1000 pid: 844) 
D/LightsService(  844): [SvcLED] setSvcLedStateLocked:: SvcLEDState : 0x44 -> 0x44 | SvcLED(id=4) set On
I/SensorManagerA(  844): getReportingMode :: sensor.mType = 5
D/SensorManager(  844): registerListener :: 4, CM36651 Light Sensor, 200000, 0,  
D/SViewCoverView( 1562): BroadcastReceiver onReceive() : action : com.android.server.NotificationManagerService.NotificationArrived
D/ProgressBar( 1037): setProgressDrawable drawableHeight = 12
D/ProgressBar( 1037): setProgressDrawable drawableHeight = 12
D/ConnectivityService(  844): handleInetConditionHoldEnd: net=1, condition=100, published condition=100
D/ContexualWidgetMonitor( 1037): action =com.android.server.NotificationManagerService.NotificationArrived
D/ContexualWidgetMonitor( 1037): pkg =null
D/ContexualWidgetMonitor( 1037): mCheckMissedEvent =false
D/STATUSBAR-IconMerger( 1037): checkOverflow(288), More:false, Req:false Child:4
D/STATUSBAR-NetworkController( 1037): onReceive() - CONNECTIVITY_ACTION, INET_CONDITION_ACTION
D/STATUSBAR-NetworkController( 1037): getUpdateDataNetType() - mDataNetType:0
D/STATUSBAR-NetworkController( 1037): updateDataNetType()
D/STATUSBAR-NetworkController( 1037): Nothing, mRoamingIconId = 0
D/SensorManager(  844): unregisterListener ::   
D/LightsService(  844): [SvcLED]  onSensorChanged::light value = 0
D/LightsService(  844): [SvcLED]  setSvcLedLightLocked :: Current SvcLED(id=4) maintains its priority right
W/ContextImpl(  844): Calling a method in the system process without a qualified user: android.app.ContextImpl.sendBroadcast:1523 com.android.server.StatusBarManagerService.sendNotification:981 com.android.server.StatusBarManagerService.updateNotification:690 com.android.server.NotificationManagerService$7.run:2134 android.os.Handler.handleCallback:733 
D/STATUSBAR-StatusBarManagerService(  844): sendNotification(2) - 273
D/SViewCoverView( 1562): BroadcastReceiver onReceive() : action : com.android.server.NotificationManagerService.NotificationArrived
D/ContexualWidgetMonitor( 1037): action =com.android.server.NotificationManagerService.NotificationArrived
D/ContexualWidgetMonitor( 1037): pkg =null
D/ContexualWidgetMonitor( 1037): mCheckMissedEvent =false
E/SMD     (  236): DCD ON
I/PowerManagerService(  844): [PWL] Off : 30s ago
V/AlarmManager(  844): waitForAlarm result :4
V/AlarmManager(  844): trigger ELAPSED_REALTIME_WAKEUP or RTC_WAKEUP
D/SSRMv2:SIOP(  844): SIOP:: AP = 300, Delta = 0
E/SMD     (  236): DCD ON
E/SMD     (  236): DCD ON
E/SMD     (  236): DCD ON
E/SMD     (  236): DCD ON
D/SSRMv2:SIOP(  844): SIOP:: AP = 300, Delta = 0
E/SMD     (  236): DCD ON
E/SMD     (  236): DCD ON
E/SMD     (  236): DCD ON
I/PowerManagerService(  844): [PWL] Off : 50s ago
D/SSRMv2:SIOP(  844): SIOP:: AP = 300, Delta = 0
E/Watchdog(  844): !@Sync 1343
E/SMD     (  236): DCD ON
E/SMD     (  236): DCD ON
E/SMD     (  236): DCD ON
D/SSRMv2:SIOP(  844): SIOP:: AP = 300, Delta = 0
E/SMD     (  236): DCD ON
D/BatteryService(  844): level:100, scale:100, status:5, health:2, present:true, voltage: 4339, temperature: 276, technology: Li-ion, AC powered:true, USB powered:false, Wireless powered:false, icon:17303542, invalid charger:0, online:6, current avg:0, charge type:0, power sharing:false
D/BatteryService(  844): Sending ACTION_BATTERY_CHANGED.
D/BatteryService(  844): stay LED for fully charged
D/KeyguardUpdateMonitor( 1037): received broadcast android.intent.action.BATTERY_CHANGED
D/KeyguardUpdateMonitor( 1037): handleBatteryUpdate
D/UiModeManager(  844): mCoverManager.getCoverState() : true
D/SViewCoverView( 1562): BroadcastReceiver onReceive() : action : android.intent.action.BATTERY_CHANGED
D/STATUSBAR-PhoneStatusBar( 1037):  mBrightnessEnablebySettings = true mBrightnessEnablebyBattery = true mBrightnessEnablebyDisableFlag = true mPmsBrightnessEnablebySettings = true
D/STATUSBAR-IconMerger( 1037): checkOverflow(288), More:false, Req:false Child:4
D/HeadsetStateMachine( 1967): Disconnected process message: 10
D/BatteryMeterView( 1037): ACTION_BATTERY_CHANGED : level:100 status:5 health:2
I/GCM     ( 1420): GCM message com.discord 0:1771444617517100%af81bdbff9fd7ecd
V/AlarmManager(  844):  next == MAX_VALUE
