D/STATUSBAR-StatusBarManagerService(  844): sendNotification(2) - 1001
D/SViewCoverView( 1562): BroadcastReceiver onReceive() : action : com.android.server.NotificationManagerService.NotificationArrived
W/ContextImpl(  844): Calling a method in the system process without a qualified user: android.app.ContextImpl.sendBroadcast:1523 com.android.server.StatusBarManagerService.sendNotification:981 com.android.server.StatusBarManagerService.updateNotification:690 com.android.server.NotificationManagerService$7.run:2134 android.os.Handler.handleCallback:733 
D/STATUSBAR-StatusBarManagerService(  844): sendNotification(2) - 1001
D/SViewCoverView( 1562): BroadcastReceiver onReceive() : action : com.android.server.NotificationManagerService.NotificationArrived
D/ProgressBar( 1037): setProgressDrawable drawableHeight = 0
D/ContexualWidgetMonitor( 1037): action =com.android.server.NotificationManagerService.NotificationArrived
D/ContexualWidgetMonitor( 1037): pkg =null
D/ContexualWidgetMonitor( 1037): mCheckMissedEvent =false
D/ProgressBar( 1037): setProgressDrawable drawableHeight = 0
D/ContexualWidgetMonitor( 1037): action =com.android.server.NotificationManagerService.NotificationArrived
D/ContexualWidgetMonitor( 1037): pkg =null
D/ContexualWidgetMonitor( 1037): mCheckMissedEvent =false
W/ContextImpl(  844): Calling a method in the system process without a qualified user: android.app.ContextImpl.sendBroadcast:1523 com.android.server.StatusBarManagerService.sendNotification:981 com.android.server.StatusBarManagerService.updateNotification:690 com.android.server.NotificationManagerService$7.run:2134 android.os.Handler.handleCallback:733 
D/STATUSBAR-StatusBarManagerService(  844): sendNotification(2) - 1001
D/SViewCoverView( 1562): BroadcastReceiver onReceive() : action : com.android.server.NotificationManagerService.NotificationArrived
D/ProgressBar( 1037): setProgressDrawable drawableHeight = 0
W/ContextImpl(  844): Calling a method in the system process without a qualified user: android.app.ContextImpl.sendBroadcast:1523 com.android.server.StatusBarManagerService.sendNotification:981 com.android.server.StatusBarManagerService.updateNotification:690 com.android.server.NotificationManagerService$7.run:2134 android.os.Handler.handleCallback:733 
D/STATUSBAR-StatusBarManagerService(  844): sendNotification(2) - 1001
D/SViewCoverView( 1562): BroadcastReceiver onReceive() : action : com.android.server.NotificationManagerService.NotificationArrived
D/ContexualWidgetMonitor( 1037): action =com.android.server.NotificationManagerService.NotificationArrived
D/ContexualWidgetMonitor( 1037): pkg =null
D/ContexualWidgetMonitor( 1037): mCheckMissedEvent =false
D/HTTP    (20699): Request URI: http://146.59.80.3/api/v9/users/@me/channels
D/HTTP    (20699): Response Code: 200
W/ContextImpl(  844): Calling a method in the system process without a qualified user: android.app.ContextImpl.sendBroadcast:1523 com.android.server.StatusBarManagerService.sendNotification:981 com.android.server.StatusBarManagerService.updateNotification:690 com.android.server.NotificationManagerService$7.run:2134 android.os.Handler.handleCallback:733 
D/STATUSBAR-StatusBarManagerService(  844): sendNotification(2) - 1001
D/SViewCoverView( 1562): BroadcastReceiver onReceive() : action : com.android.server.NotificationManagerService.NotificationArrived
D/ProgressBar( 1037): setProgressDrawable drawableHeight = 0
D/CustomFrequencyManagerService(  844): releaseDVFSLockLocked : Getting Lock type frm List : DVFS_MIN_LIMIT  frequency : 1190400  uid : 1000  pid : 844  tag : ACTIVITY_RESUME_BOOSTER@9
D/ContexualWidgetMonitor( 1037): action =com.android.server.NotificationManagerService.NotificationArrived
D/ContexualWidgetMonitor( 1037): pkg =null
D/ContexualWidgetMonitor( 1037): mCheckMissedEvent =false
D/ProgressBar( 1037): setProgressDrawable drawableHeight = 0
D/ContexualWidgetMonitor( 1037): action =com.android.server.NotificationManagerService.NotificationArrived
D/ContexualWidgetMonitor( 1037): pkg =null
D/ContexualWidgetMonitor( 1037): mCheckMissedEvent =false
W/ContextImpl(  844): Calling a method in the system process without a qualified user: android.app.ContextImpl.sendBroadcast:1523 com.android.server.StatusBarManagerService.sendNotification:981 com.android.server.StatusBarManagerService.updateNotification:690 com.android.server.NotificationManagerService$7.run:2134 android.os.Handler.handleCallback:733 
D/STATUSBAR-StatusBarManagerService(  844): sendNotification(2) - 1001
D/SViewCoverView( 1562): BroadcastReceiver onReceive() : action : com.android.server.NotificationManagerService.NotificationArrived
D/ProgressBar( 1037): setProgressDrawable drawableHeight = 0
W/ContextImpl(  844): Calling a method in the system process without a qualified user: android.app.ContextImpl.sendBroadcast:1523 com.android.server.StatusBarManagerService.sendNotification:981 com.android.server.StatusBarManagerService.updateNotification:690 com.android.server.NotificationManagerService$7.run:2134 android.os.Handler.handleCallback:733 
D/STATUSBAR-StatusBarManagerService(  844): sendNotification(2) - 1001
D/SViewCoverView( 1562): BroadcastReceiver onReceive() : action : com.android.server.NotificationManagerService.NotificationArrived
D/ContexualWidgetMonitor( 1037): action =com.android.server.NotificationManagerService.NotificationArrived
D/ContexualWidgetMonitor( 1037): pkg =null
D/ContexualWidgetMonitor( 1037): mCheckMissedEvent =false
D/NotificationService(  844): cancelNotificationLocked
D/NotificationService(  844):  hasClearableItems
D/NotificationService(  844):  has clearable items no 
D/NotificationService(  844): cancelNotificationLocked: cancel alarm
D/NotificationService(  844): cancelNotificationLocked: cancel alarm
W/ContextImpl(  844): Calling a method in the system process without a qualified user: android.app.ContextImpl.sendBroadcast:1523 com.android.server.StatusBarManagerService.sendNotification:981 com.android.server.StatusBarManagerService.removeNotification:706 com.android.server.NotificationManagerService.cancelNotificationLocked:2455 com.android.server.NotificationManagerService.access$5100:160 
D/STATUSBAR-StatusBarManagerService(  844): sendNotification(3) - 1001
D/LightsService(  844): [api] [SvcLED] turnOff:: id = 4 (uid: 1000 pid: 844) 
D/LightsService(  844): [SvcLED] setSvcLedStateLocked:: SvcLEDState : 0x0 -> 0x0 | SvcLED(id=4) set Off
D/LightsService(  844): [SvcLED] Lux failed to be updated in 700ms. -> handleForcedSvcLEDTasK
D/LightsService(  844): [SvcLED]  setSvcLedLightLocked :: Current SvcLED(id=4) maintains its priority right
D/ProgressBar( 1037): setProgressDrawable drawableHeight = 0
D/ContexualWidgetMonitor( 1037): action =com.android.server.NotificationManagerService.NotificationArrived
D/ContexualWidgetMonitor( 1037): pkg =null
D/ContexualWidgetMonitor( 1037): mCheckMissedEvent =false
E/SMD     (  236): DCD ON
D/STATUSBAR-NetworkController( 1037): refreshSignalCluster - setNWBoosterIndicators(false)
D/STATUSBAR-NetworkController( 1037): refreshSignalCluster: data=-1 bt=false
D/KeyguardUpdateMonitor( 1037): sendKeyguardVisibilityChanged(true)
D/KeyguardUpdateMonitor( 1037): handleKeyguardVisibilityChanged(1)
D/PowerManagerService(  844): [api] [s] userActivity : event: 0 flags: 0 (uid: 1000 pid: 844)
D/PowerManagerService(  844): [api] release WakeLock flags=0x2000000a tag=WindowManager uid=1000 pid=844 (0x0)
D/PowerManagerService(  844): [api] applyWakeLockFlagsOnReleaseLocked : userActivityNoUpdateLocked is called : SCREEN_BRIGHT_WAKE_LOCK        'WindowManager' ON_AFTER_RELEASE (uid=1000, pid=844, ws=WorkSource{10176}) (elapsedTime=3016)
D/KeyguardUpdateMonitor( 1037): sendKeyguardVisibilityChanged(true)
I/SurfaceFlinger(  246): id=1725 Removed Uoast (14/14)
I/SurfaceFlinger(  246): id=1725 Removed Uoast (-2/14)
D/KeyguardUpdateMonitor( 1037): sendKeyguardVisibilityChanged(true)
D/KeyguardUpdateMonitor( 1037): handleKeyguardVisibilityChanged(1)
D/KeyguardUpdateMonitor( 1037): handleKeyguardVisibilityChanged(1)
D/STATUSBAR-IconMerger( 1037): checkOverflow(288), More:false, Req:false Child:4
D/STATUSBAR-NetworkController( 1037): refreshSignalCluster - setNWBoosterIndicators(false)
D/STATUSBAR-NetworkController( 1037): refreshSignalCluster: data=-1 bt=false
D/STATUSBAR-IconMerger( 1037): checkOverflow(288), More:false, Req:false Child:4
E/SMD     (  236): DCD ON
D/STATUSBAR-NetworkController( 1037): refreshSignalCluster - setNWBoosterIndicators(false)
D/STATUSBAR-NetworkController( 1037): refreshSignalCluster: data=-1 bt=false
D/STATUSBAR-IconMerger( 1037): checkOverflow(288), More:false, Req:false Child:4
D/SSRMv2:SIOP(  844): SIOP:: AP = 300, Delta = 0
D/STATUSBAR-NetworkController( 1037): refreshSignalCluster - setNWBoosterIndicators(false)
D/STATUSBAR-NetworkController( 1037): refreshSignalCluster: data=-1 bt=false
D/STATUSBAR-IconMerger( 1037): checkOverflow(288), More:false, Req:false Child:4
D/STATUSBAR-NetworkController( 1037): refreshSignalCluster - setNWBoosterIndicators(false)
D/STATUSBAR-NetworkController( 1037): refreshSignalCluster: data=-1 bt=false
D/STATUSBAR-IconMerger( 1037): checkOverflow(288), More:false, Req:false Child:4
E/SMD     (  236): DCD ON
V/ConfigFetchTask( 1308): ConfigFetchTask getDeviceDataVersionInfo(): ABFEt1UDjeBQTvPs8tOQvLW2HJhpHrPJtNs7GjglhYX8MzXtSXUrL2Q5zzkI7XShuw2lzIUVV2dMlW9LxsvfqChohwYwXXM0yQCr0-tOnHL-1KRLxYrbCseio8ZW_ryYe1XDONxe0sOtmorJzy7E534XqW6MVnbhrBhhqbnzdgvVRly3IFnA3pkqZp0zlFVgtELkp471jnKjyvTu1I0rDX4FHgWN2I93N-WjJffGLR3RbX2OiiD3p7MiTrKglW5mpImpIxUqda9v9v8ZCiTiGGy3RZUQpktRjgHDKAFB6KPEZHsTubLbxd1hXNxOFOIOmJCu8yBL0C8dwI8j9hyypSqKK5dxQrb4E0YQON93X7i_eGu9SNvEOfVGlJtA9l_C3bjcjf4u3goh7wSSUlaoKWHzWnyu1b5BekSHTzAPAdyHihUyOKI029A
I/GoogleHttpClient( 1308): Falling back to old SSLCertificateSocketFactory
D/STATUSBAR-NetworkController( 1037): refreshSignalCluster - setNWBoosterIndicators(false)
D/STATUSBAR-NetworkController( 1037): refreshSignalCluster: data=-1 bt=false
D/STATUSBAR-IconMerger( 1037): checkOverflow(288), More:false, Req:false Child:4
D/dalvikvm( 1308): GC_CONCURRENT freed 1890K, 51% free 9541K/19104K, paused 4ms+5ms, total 37ms
D/PackageManager(  844): [MSG] WRITE_PACKAGE_RESTRICTIONS
W/ConfigFetchTask( 1308): bad response from server: 403 Forbidden
I/ConfigFetchService( 1308): fetch service done; releasing wakelock
I/ConfigFetchService( 1308): stopping self
I/ConfigService( 1420): onDestroy
D/STATUSBAR-NetworkController( 1037): refreshSignalCluster - setNWBoosterIndicators(false)
D/STATUSBAR-NetworkController( 1037): refreshSignalCluster: data=-1 bt=false
D/STATUSBAR-IconMerger( 1037): checkOverflow(288), More:false, Req:false Child:4
D/InputReader(  844): Input event: value=1
D/InputReader(  844): !@notifyKey(172), action=0
D/InputManager-JNI(  844): !@interceptKeyBeforeQueueing(172), action=0
D/InputManager-JNI(  844): !@handleInterceptActions(172), action=0
D/RecentTasksLoader( 1037): preloadRecentTasksList
D/STATUSBAR-RecentTasksLoader( 1037): loadTasksInBackground() mstate:CANCELLED
D/STATUSBAR-RecentTasksLoader( 1037): loadThumbnailsAndIconsInBackground()
E/EnterpriseContainerManager(  844): ContainerPolicy Service is not yet ready!!!
D/EnterpriseDeviceManager(  844): ContainerId: 0
E/EnterpriseContainerManager(  844): ContainerPolicy Service is not yet ready!!!
D/EnterpriseDeviceManager(  844): ContainerId: 0
E/EnterpriseContainerManager( 1037): ContainerPolicy Service is not yet ready!!!
D/EnterpriseDeviceManager( 1037): ContainerId: 0
D/STATUSBAR-RecentTasksLoader( 1037): loadTasksInBackground -doInBackground()
D/STATUSBAR-RecentTasksLoader( 1037): loadThumbnailsAndIconsInBackground-doInBackground()
E/EnterpriseContainerManager(  844): ContainerPolicy Service is not yet ready!!!
D/EnterpriseDeviceManager(  844): ContainerId: 0
E/EnterpriseContainerManager(  844): ContainerPolicy Service is not yet ready!!!
D/EnterpriseDeviceManager(  844): ContainerId: 0
E/EnterpriseContainerManager(  844): ContainerPolicy Service is not yet ready!!!
D/EnterpriseDeviceManager(  844): ContainerId: 0
E/EnterpriseContainerManager(  844): ContainerPolicy Service is not yet ready!!!
D/EnterpriseDeviceManager(  844): ContainerId: 0
E/EnterpriseContainerManager(  844): ContainerPolicy Service is not yet ready!!!
D/EnterpriseDeviceManager(  844): ContainerId: 0
V/STATUSBAR-RecentTasksLoader( 1037): Loaded bitmap for task 235: android.graphics.Bitmap@424b1a60 isPrivate? false PrivateSetting:false
D/STATUSBAR-RecentTasksLoader( 1037):     recentTasks.size():6
E/EnterpriseContainerManager(  844): ContainerPolicy Service is not yet ready!!!
D/EnterpriseDeviceManager(  844): ContainerId: 0
E/EnterpriseContainerManager( 1037): ContainerPolicy Service is not yet ready!!!
D/EnterpriseDeviceManager( 1037): ContainerId: 0
E/EnterpriseContainerManager(  844): ContainerPolicy Service is not yet ready!!!
D/EnterpriseDeviceManager(  844): ContainerId: 0
D/InputReader(  844): Input event: value=0
D/InputReader(  844): !@notifyKey(172), action=1
D/InputManager-JNI(  844): !@interceptKeyBeforeQueueing(172), action=1
D/InputManager-JNI(  844): !@handleInterceptActions(172), action=1
D/VoIPInterfaceManager(  844): isVoIPRinging()...
D/VoIPInterfaceManager(  844): isVoIPRunningAndDeregi()...
D/VoIPInterfaceManager(  844): Not exist call session
D/STATUSBAR-NetworkController( 1037): refreshSignalCluster - setNWBoosterIndicators(false)
D/STATUSBAR-NetworkController( 1037): refreshSignalCluster: data=-1 bt=false
D/RecentTasksLoader( 1037): cancelPreloadingRecentTasksList
D/STATUSBAR-RecentTasksLoader( 1037): cancelLoadingThumbnailsAndIcons()
D/STATUSBAR-RecentTasksLoader( 1037): mTaskLoader.cancel()
D/STATUSBAR-RecentTasksLoader( 1037): mThumbnailLoader.cancel()
V/STATUSBAR-RecentTasksLoader( 1037): Loaded bitmap for task 235: android.graphics.Bitmap@4403ef18 isPrivate? false PrivateSetting:false
E/EnterpriseContainerManager( 1037): ContainerPolicy Service is not yet ready!!!
D/EnterpriseDeviceManager( 1037): ContainerId: 0
D/STATUSBAR-IconMerger( 1037): checkOverflow(288), More:false, Req:false Child:4
D/STATUSBAR-RecentTasksLoader( 1037):     isCancelled - break
I/WindowManager(  844): startDockOrHome
D/PowerManagerService(  844): [api] [s] userActivity : event: 0 flags: 0 (uid: 1000 pid: 844)
D/STATUSBAR-AirplaneModeQuickSettingButton( 1037): onReceive : android.intent.action.CLOSE_SYSTEM_DIALOGS
D/CustomFrequencyManagerService(  844): acquireDVFSLockLocked : type : DVFS_MIN_LIMIT  frequency : 1190400  uid : 1000  pid : 844  pkgName : ACTIVITY_RESUME_BOOSTER@6
W/ActivityManager(  844): mDVFSHelper.acquire()
D/PointerIcon(  844): setMouseIconStyle1 pointerType: 1001iconType:101 flag:0
D/PointerIcon(  844): setMouseCustomIcon IconType is same.101
D/PointerIcon(  844): setHoveringSpenIconStyle1 pointerType: 10001iconType:1 flag:0
D/PointerIcon(  844): setHoveringSpenCustomIcon IconType is same.1
D/AbsListView(20699): unregisterIRListener() is called 
D/KeyguardUpdateMonitor( 1037): sendKeyguardVisibilityChanged(true)
D/KeyguardUpdateMonitor( 1037): handleKeyguardVisibilityChanged(1)
V/WindowManager(  844): rotationForOrientationLw(orient=1, last=0); user=0 USER_ROTATION_LOCKED sensorRotation=-1 mLidState=-1 mDockMode=0 mHdmiPlugged=false mAccelerometerDefault=false gripRotationLock=false
D/KeyguardUpdateMonitor( 1037): sendKeyguardVisibilityChanged(true)
D/KeyguardUpdateMonitor( 1037): handleKeyguardVisibilityChanged(1)
D/Launcher.Workspace( 1194): exitWidgetResizeMode State: NORMAL, newDragStarted: false
D/Launcher( 1194): onRestart, Launcher: 1109580488
D/Launcher( 1194): onStart, Launcher: 1109580488
D/Launcher.HomeView( 1194): onStart
D/Launcher( 1194): onResume, Launcher: 1109580488
D/Launcher.HomeView( 1194): onResume
D/PhoneStatusBar( 1037): setSemiTransparentMode=false, mTransparentMode=false, mSemiTransparentMode=false, mMultiWindowMode=false
D/MenuAppsGridFragment( 1194): onResume
D/StatusBarManagerService(  844): semi p:1194,o:f
D/WallpaperManager( 1194): SEC_PRODUCT_FEATURE_COMMON_ENABLE_TEXTURE_COMPRESSION is false
D/WallpaperManager( 1194): SEC_PRODUCT_FEATURE_COMMON_ENABLE_TEXTURE_COMPRESSION is false
D/Mms/UIEventReceiver(27942): ui event
D/AbsListView( 1194): onVisibilityChanged() is called, visibility : 0
D/AbsListView( 1194): unregisterIRListener() is called 
V/TaskCloserActivity(28004): TaskCloserActivity onReceive() - com.sec.android.intent.action.HOME_RESUME
I/SurfaceFlinger(  246): id=1726 createSurf (720x1280),1 flag=4, Mauncher
I/SpenGestureManager(  844): setFocusWindow21015
D/EnterpriseDeviceManager(  844): ContainerId: 0
D/KeyguardUpdateMonitor( 1037): sendKeyguardVisibilityChanged(true)
D/KeyguardUpdateMonitor( 1037): handleKeyguardVisibilityChanged(1)
D/PointerIcon(  844): setMouseIconStyle1 pointerType: 1001iconType:101 flag:0
D/PointerIcon(  844): setMouseCustomIcon IconType is same.101
D/PointerIcon(  844): setHoveringSpenIconStyle1 pointerType: 10001iconType:1 flag:0
D/PointerIcon(  844): setHoveringSpenCustomIcon IconType is same.1
D/STATUSBAR-StatusBarManagerService(  844): manageDisableList what=0x0 pkg=WindowManager.LayoutParams
D/AbsListView( 1194): unregisterIRListener() is called 
D/KeyguardUpdateMonitor( 1037): sendKeyguardVisibilityChanged(true)
D/KeyguardUpdateMonitor( 1037): handleKeyguardVisibilityChanged(1)
D/KeyguardUpdateMonitor( 1037): sendKeyguardVisibilityChanged(true)
D/KeyguardUpdateMonitor( 1037): handleKeyguardVisibilityChanged(1)
D/EnterpriseDeviceManager(  844): ContainerId: 0
D/KeyguardUpdateMonitor( 1037): sendKeyguardVisibilityChanged(true)
D/KeyguardUpdateMonitor( 1037): sendKeyguardVisibilityChanged(true)
D/KeyguardUpdateMonitor( 1037): sendKeyguardVisibilityChanged(true)
D/STATUSBAR-StatusBarManagerService(  844): manageDisableList what=0x0 pkg=WindowManager.LayoutParams
W/ContextImpl(  844): Calling a method in the system process without a qualified user: android.app.ContextImpl.sendBroadcast:1509 com.android.server.InputMethodManagerService$4.run:2829 java.lang.Thread.run:841 <bottom of call stack> <bottom of call stack> 
D/KeyguardUpdateMonitor( 1037): sendKeyguardVisibilityChanged(true)
D/KeyguardUpdateMonitor( 1037): handleKeyguardVisibilityChanged(1)
D/KeyguardUpdateMonitor( 1037): handleKeyguardVisibilityChanged(1)
D/KeyguardUpdateMonitor( 1037): handleKeyguardVisibilityChanged(1)
D/KeyguardUpdateMonitor( 1037): handleKeyguardVisibilityChanged(1)
E/SMD     (  236): DCD ON
D/CustomFrequencyManagerService(  844): releaseDVFSLockLocked : Getting Lock type frm List : DVFS_MIN_LIMIT  frequency : 1190400  uid : 1000  pid : 844  tag : ACTIVITY_RESUME_BOOSTER@6
W/ActivityManager(  844): mDVFSHelper.release()
D/CustomFrequencyManagerService(  844): acquireDVFSLockLocked : type : DVFS_MIN_LIMIT  frequency : 1190400  uid : 1000  pid : 844  pkgName : ACTIVITY_RESUME_BOOSTER@9
D/AbsListView(20699): onVisibilityChanged() is called, visibility : 4
D/AbsListView(20699): unregisterIRListener() is called 
D/AbsListView(20699): onVisibilityChanged() is called, visibility : 4
D/AbsListView(20699): unregisterIRListener() is called 
D/KeyguardUpdateMonitor( 1037): sendKeyguardVisibilityChanged(true)
D/KeyguardUpdateMonitor( 1037): handleKeyguardVisibilityChanged(1)
I/SurfaceFlinger(  246): id=1724 Removed NainActivit (12/14)
I/SurfaceFlinger(  246): id=1724 Removed NainActivit (-2/14)
D/KeyguardUpdateMonitor( 1037): sendKeyguardVisibilityChanged(true)
D/KeyguardUpdateMonitor( 1037): handleKeyguardVisibilityChanged(1)
D/KeyguardUpdateMonitor( 1037): sendKeyguardVisibilityChanged(true)
D/KeyguardUpdateMonitor( 1037): handleKeyguardVisibilityChanged(1)
D/KeyguardUpdateMonitor( 1037): sendKeyguardVisibilityChanged(true)
D/KeyguardUpdateMonitor( 1037): handleKeyguardVisibilityChanged(1)
I/InputReader(  844): Touch event's action is 0x0 (deviceType=0) [pCnt=1, s=0.1551 ] when=40360034769000
I/InputDispatcher(  844): Delivering touch to: action: 0x4, toolType: 1
I/InputDispatcher(  844): Delivering touch to: action: 0x0, toolType: 1
I/InputDispatcher(  844): Delivering touch to: action: 0x0, toolType: 1
D/CustomFrequencyManagerService(  844): acquireDVFSLockLocked : type : DVFS_MIN_LIMIT  frequency : 1401600  uid : 10007  pid : 1194  pkgName : com.sec.android.app.launcher@1
I/InputReader(  844): Touch event's action is 0x1 (deviceType=0) [pCnt=1, s=] when=40360116249000
I/InputDispatcher(  844): Delivering touch to: action: 0x1, toolType: 1
I/InputDispatcher(  844): Delivering touch to: action: 0x1, toolType: 1
D/Launcher.Workspace( 1194): exitWidgetResizeMode State: NORMAL, newDragStarted: false
I/AudioPolicyManagerBase(  250): getSituationVolume: isBTConnected:0 isHeadConnected:0
V/AudioPolicyManagerBase(  250): getParamFromPolicy  deviceInt = 0, situationInt = 1, situationVolume = 1.000000
V/AudioPolicyManagerBase(  250): getOutput() device 2, stream 1, samplingRate 0, format 0, channelMask 3, flags 0
V/AudioPolicyManagerBase(  250): getOutputsForDevice device 0002 -> 0002
V/AudioPolicyManagerBase(  250): selectOutput() output 2 outputDesc->mProfile->mFlags 0002 flags 0000
V/AudioPolicyManagerBase(  250): selectOutput() output 3 outputDesc->mProfile->mFlags 0004 flags 0000
V/AudioPolicyManagerBase(  250): getOutput() returns output 2
V/AudioPolicyManagerBase(  250): getOutput() device 2, stream 1, samplingRate 0, format 0, channelMask 3, flags 0
V/AudioPolicyManagerBase(  250): getOutputsForDevice device 0002 -> 0002
V/AudioPolicyManagerBase(  250): selectOutput() output 2 outputDesc->mProfile->mFlags 0002 flags 0000
V/AudioPolicyManagerBase(  250): selectOutput() output 3 outputDesc->mProfile->mFlags 0004 flags 0000
V/AudioPolicyManagerBase(  250): getOutput() returns output 2
V/AudioPolicyManagerBase(  250): getOutput() device 2, stream 1, samplingRate 44100, format 1, channelMask 3, flags 4
V/AudioPolicyManagerBase(  250): getOutputsForDevice device 0002 -> 0002
V/AudioPolicyManagerBase(  250): selectOutput() output 2 outputDesc->mProfile->mFlags 0002 flags 0004
V/AudioPolicyManagerBase(  250): selectOutput() output 3 outputDesc->mProfile->mFlags 0004 flags 0004
V/AudioPolicyManagerBase(  250): selectOutput() commonFlags for output 3, 0001
V/AudioPolicyManagerBase(  250): getOutput() returns output 3
D/CustomFrequencyManagerService(  844): releaseDVFSLockLocked : Getting Lock type frm List : DVFS_MIN_LIMIT  frequency : 1401600  uid : 10007  pid : 1194  tag : com.sec.android.app.launcher@1
V/AudioPolicyManagerBase(  250): startOutput() output 3, stream 1, session 1287
V/AudioPolicyManagerBase(  250): changeRefCount() stream 1, count 1
V/AudioPolicyManagerBase(  250): getNewDevice() selected device 2
V/AudioPolicyManagerBase(  250): setOutputDevice() output 3 device 0002 force 0 delayMs 0 
V/AudioPolicyManagerBase(  250): setOutputDevice() prevDevice (0002)
V/AudioPolicyManagerBase(  250): setOutputDevice() setting same device 0002 or null device for output 3
E/AudioResampler(  250): Unsupported sample format, 1 bits, 2 channels
D/AudioResampler(  250): AudioResamplerOrder1::resample common!!!!!
D/AudioResampler(  250): new common resampler(44100 -> 48000, 2, 2)
D/SoundAliveResampler(  250): [SoundAliveResampler] Init+++
V/AudioPolicyManagerBase(  250): releaseOutput() 3
V/audio_hw_primary(  250): start_output_stream: enter: usecase(1: low-latency-playback) devices(0x2)
V/audio_hw_primary(  250): select_devices: ENTER
V/audio_hw_primary(  250): select_devices: usecase(normal)
V/audio_hw_primary(  250): select_devices: usecase(PCM_PLAYBACK)
V/msm8974_platform(  250): platform_get_output_snd_device: enter: output devices(0x2)
V/msm8974_platform(  250): get_OUTPUT_snd_device: for Normal Playback
V/msm8974_platform(  250): platform_get_output_snd_device: exit: snd_device(speaker)
D/audio_hw_primary(  250): select_devices: out_snd_device(2: speaker)
D/audio_hw_primary(  250): select_devices: in_snd_device(0: dummy)
D/ACDB-LOADER(  250): ACDB -> send_audio_cal, acdb_id = 15, path =  0
D/ACDB-LOADER(  250): ACDB -> send_adm_topology
D/ACDB-LOADER(  250): ACDB -> ACDB_CMD_GET_AUDPROC_COMMON_TOPOLOGY_ID
D/ACDB-LOADER(  250): ACDB -> send_audtable
D/ACDB-LOADER(  250): ACDB -> ACDB_CMD_GET_AUDPROC_COMMON_TABLE
D/ACDB-LOADER(  250): ACDB -> AUDIO_SET_AUDPROC_CAL
D/ACDB-LOADER(  250): ACDB -> send_audvoltable
D/ACDB-LOADER(  250): ACDB -> ACDB_CMD_GET_AUDPROC_GAIN_DEP_STEP_TABLE
D/ACDB-LOADER(  250): ACDB -> AUDIO_SET_AUDPROC_VOL_CAL
D/ACDB-LOADER(  250): ACDB -> send_afe_cal
D/ACDB-LOADER(  250): ACDB -> ACDB_CMD_GET_AFE_COMMON_TABLE
D/ACDB-LOADER(  250): ACDB -> AUDIO_SET_AFE_CAL
V/audio_hw_primary(  250): enable_snd_device: snd_device(2: speaker, speaker)
D/audio_route(  250): ++++ audio_route_update_mixer ==============
D/audio_route(  250): Setting mixer control: RX4 Digital Volume, value: 83
D/audio_route(  250): Setting mixer control: RX4 MIX1 INP1, value: 5
D/audio_route(  250): Setting mixer control: SPK DAC Switch, value: 1
D/audio_route(  250): Setting mixer control: SLIM RX1 MUX, value: 1
D/audio_route(  250): ------ audio_route_update_mixer ==============
V/audio_hw_primary(  250): enable_audio_route: enter: usecase(1)
V/audio_hw_primary(  250): enable_audio_route: apply mixer path: low-latency-playback
D/audio_route(  250): ++++ audio_route_update_mixer ==============
D/audio_route(  250): Setting mixer control: SLIMBUS_0_RX Audio Mixer MultiMedia5, value: 1
D/audio_route(  250): ------ audio_route_update_mixer ==============
V/audio_hw_primary(  250): enable_audio_route: exit
V/audio_hw_primary(  250): start_output_stream: Opening PCM device card_id(0) device_id(15)
V/audio_hw_primary(  250): start_output_stream: exit
D/AbsListView( 1194): onVisibilityChanged() is called, visibility : 4
D/AbsListView( 1194): unregisterIRListener() is called 
D/CustomFrequencyManagerService(  844): releaseDVFSLockLocked : Getting Lock type frm List : DVFS_MIN_LIMIT  frequency : 1190400  uid : 1000  pid : 844  tag : ACTIVITY_RESUME_BOOSTER@9
D/STATUSBAR-NetworkController( 1037): refreshSignalCluster - setNWBoosterIndicators(false)
D/STATUSBAR-NetworkController( 1037): refreshSignalCluster: data=-1 bt=false
D/STATUSBAR-IconMerger( 1037): checkOverflow(288), More:false, Req:false Child:4
V/AudioPolicyManagerBase(  250): stopOutput() output 3, stream 1, session 1287
V/AudioPolicyManagerBase(  250): changeRefCount() stream 1, count 0
V/AudioPolicyManagerBase(  250): getNewDevice() selected device 0
V/AudioPolicyManagerBase(  250): setOutputDevice() output 3 device 0000 force 0 delayMs 100 
V/AudioPolicyManagerBase(  250): setOutputDevice() prevDevice (0002)
V/AudioPolicyManagerBase(  250): setOutputDevice() setting same device 0000 or null device for output 3
D/PackageManager(  844): [MSG] CHECK_PENDING_VERIFICATION
I/InputReader(  844): Touch event's action is 0x0 (deviceType=0) [pCnt=1, s=0.1552 ] when=40361642479000
I/InputDispatcher(  844): Delivering touch to: action: 0x4, toolType: 1
I/InputDispatcher(  844): Delivering touch to: action: 0x0, toolType: 1
I/InputDispatcher(  844): Delivering touch to: action: 0x0, toolType: 1
D/CustomFrequencyManagerService(  844): acquireDVFSLockLocked : type : DVFS_MIN_LIMIT  frequency : 1401600  uid : 10007  pid : 1194  pkgName : com.sec.android.app.launcher@1
I/InputReader(  844): Touch event's action is 0x1 (deviceType=0) [pCnt=1, s=] when=40361724278000
I/InputDispatcher(  844): Delivering touch to: action: 0x1, toolType: 1
I/InputDispatcher(  844): Delivering touch to: action: 0x1, toolType: 1
I/AudioPolicyManagerBase(  250): getSituationVolume: isBTConnected:0 isHeadConnected:0
V/AudioPolicyManagerBase(  250): getParamFromPolicy  deviceInt = 0, situationInt = 1, situationVolume = 1.000000
V/AudioPolicyManagerBase(  250): getOutput() device 2, stream 1, samplingRate 0, format 0, channelMask 3, flags 0
V/AudioPolicyManagerBase(  250): getOutputsForDevice device 0002 -> 0002
V/AudioPolicyManagerBase(  250): selectOutput() output 2 outputDesc->mProfile->mFlags 0002 flags 0000
V/AudioPolicyManagerBase(  250): selectOutput() output 3 outputDesc->mProfile->mFlags 0004 flags 0000
V/AudioPolicyManagerBase(  250): getOutput() returns output 2
V/AudioPolicyManagerBase(  250): getOutput() device 2, stream 1, samplingRate 0, format 0, channelMask 3, flags 0
V/AudioPolicyManagerBase(  250): getOutputsForDevice device 0002 -> 0002
V/AudioPolicyManagerBase(  250): selectOutput() output 2 outputDesc->mProfile->mFlags 0002 flags 0000
V/AudioPolicyManagerBase(  250): selectOutput() output 3 outputDesc->mProfile->mFlags 0004 flags 0000
V/AudioPolicyManagerBase(  250): getOutput() returns output 2
V/AudioPolicyManagerBase(  250): getOutput() device 2, stream 1, samplingRate 44100, format 1, channelMask 3, flags 4
V/AudioPolicyManagerBase(  250): getOutputsForDevice device 0002 -> 0002
V/AudioPolicyManagerBase(  250): selectOutput() output 2 outputDesc->mProfile->mFlags 0002 flags 0004
V/AudioPolicyManagerBase(  250): selectOutput() output 3 outputDesc->mProfile->mFlags 0004 flags 0004
V/AudioPolicyManagerBase(  250): selectOutput() commonFlags for output 3, 0001
V/AudioPolicyManagerBase(  250): getOutput() returns output 3
D/CustomFrequencyManagerService(  844): releaseDVFSLockLocked : Getting Lock type frm List : DVFS_MIN_LIMIT  frequency : 1401600  uid : 10007  pid : 1194  tag : com.sec.android.app.launcher@1
V/AudioPolicyManagerBase(  250): startOutput() output 3, stream 1, session 1288
V/AudioPolicyManagerBase(  250): changeRefCount() stream 1, count 1
V/AudioPolicyManagerBase(  250): getNewDevice() selected device 2
V/AudioPolicyManagerBase(  250): setOutputDevice() output 3 device 0002 force 0 delayMs 0 
V/AudioPolicyManagerBase(  250): setOutputDevice() prevDevice (0002)
V/AudioPolicyManagerBase(  250): setOutputDevice() setting same device 0002 or null device for output 3
V/AudioPolicyManagerBase(  250): releaseOutput() 3
E/AudioResampler(  250): Unsupported sample format, 1 bits, 2 channels
D/AudioResampler(  250): AudioResamplerOrder1::resample common!!!!!
D/AudioResampler(  250): new common resampler(44100 -> 48000, 2, 2)
D/SoundAliveResampler(  250): [SoundAliveResampler] Init+++
E/EnterpriseContainerManager(  844): ContainerPolicy Service is not yet ready!!!
D/EnterpriseDeviceManager(  844): ContainerId: 0
V/ApplicationPolicy(  844): isApplicationStateBlocked userId 0 pkgname com.discord
D/CustomFrequencyManagerService(  844): acquireDVFSLockLocked : type : DVFS_MIN_LIMIT  frequency : 1401600  uid : 10007  pid : 1194  pkgName : LAUNCHER_APP_BOOSTER_CPU@381
I/SurfaceFlinger(  246): id=1727 createSurf (16x16),-1 flag=20004, EimLayer
I/SurfaceFlinger(  246): id=1728 createSurf (16x16),-1 flag=20004, EimLayer
D/KeyguardUpdateMonitor( 1037): sendKeyguardVisibilityChanged(true)
D/KeyguardUpdateMonitor( 1037): handleKeyguardVisibilityChanged(1)
D/CustomFrequencyManagerService(  844): acquireDVFSLockLocked : type : DVFS_MIN_LIMIT  frequency : 1190400  uid : 1000  pid : 844  pkgName : ACTIVITY_RESUME_BOOSTER@6
W/ActivityManager(  844): mDVFSHelper.acquire()
D/PhoneStatusBar( 1037): setTransGradationMode=false, mTransparentMode=false, mSemiTransparentMode=false, mMultiWindowMode=false
D/Launcher.HomeView( 1194): onPause
D/Launcher.Workspace( 1194): exitWidgetResizeMode State: NORMAL, newDragStarted: false
D/PointerIcon(  844): setMouseIconStyle1 pointerType: 1001iconType:101 flag:0
D/PointerIcon(  844): setMouseCustomIcon IconType is same.101
D/PointerIcon(  844): setHoveringSpenIconStyle1 pointerType: 10001iconType:1 flag:0
D/PointerIcon(  844): setHoveringSpenCustomIcon IconType is same.1
V/TaskCloserActivity(28004): TaskCloserActivity onReceive() - com.sec.android.intent.action.HOME_PAUSE
D/StatusBarManagerService(  844): tr p:844,o:f
V/WindowManager(  844): rotationForOrientationLw(orient=13, last=0); user=0 USER_ROTATION_LOCKED sensorRotation=-1 mLidState=-1 mDockMode=0 mHdmiPlugged=false mAccelerometerDefault=false gripRotationLock=false
I/SurfaceFlinger(  246): id=1729 createSurf (1x1),1 flag=4, eiscord
D/KeyguardUpdateMonitor( 1037): sendKeyguardVisibilityChanged(true)
D/KeyguardUpdateMonitor( 1037): handleKeyguardVisibilityChanged(1)
I/dalvikvm(20422): Could not find method android.content.res.Configuration.getLocales, referenced from method com.discord.app.AppActivity.a
W/dalvikvm(20422): VFY: unable to resolve virtual method 906: Landroid/content/res/Configuration;.getLocales ()Landroid/os/LocaleList;
D/dalvikvm(20422): VFY: replacing opcode 0x6e at 0x001a
D/KeyguardUpdateMonitor( 1037): sendKeyguardVisibilityChanged(true)
D/KeyguardUpdateMonitor( 1037): handleKeyguardVisibilityChanged(1)
D/KeyguardUpdateMonitor( 1037): sendKeyguardVisibilityChanged(true)
D/KeyguardUpdateMonitor( 1037): handleKeyguardVisibilityChanged(1)
D/AbsListView( 1194): unregisterIRListener() is called 
D/KeyguardUpdateMonitor( 1037): sendKeyguardVisibilityChanged(true)
D/KeyguardUpdateMonitor( 1037): handleKeyguardVisibilityChanged(1)
D/KeyguardUpdateMonitor( 1037): sendKeyguardVisibilityChanged(true)
D/KeyguardUpdateMonitor( 1037): handleKeyguardVisibilityChanged(1)
D/KeyguardUpdateMonitor( 1037): sendKeyguardVisibilityChanged(true)
D/KeyguardUpdateMonitor( 1037): handleKeyguardVisibilityChanged(1)
D/EnterpriseDeviceManager(  844): ContainerId: 0
D/KeyguardUpdateMonitor( 1037): sendKeyguardVisibilityChanged(true)
D/PhoneStatusBar( 1037): Status bar WINDOW_STATE_HIDING
D/KeyguardUpdateMonitor( 1037): handleKeyguardVisibilityChanged(1)
I/SurfaceFlinger(  246): id=1726 Removed Mauncher (10/16)
D/STATUSBAR-StatusBarManagerService(  844): manageDisableList what=0x0 pkg=WindowManager.LayoutParams
W/ContextImpl(  844): Calling a method in the system process without a qualified user: android.app.ContextImpl.sendBroadcast:1509 com.android.internal.policy.impl.PhoneWindowManager.notifyToSSRM:5923 com.android.internal.policy.impl.PhoneWindowManager.access$200:187 com.android.internal.policy.impl.PhoneWindowManager$PolicyHandler.handleMessage:734 android.os.Handler.dispatchMessage:102 
D/SSRMv2:TSP:AirViewOnOff(  844): DeviceInfo:: 00000000000
D/SSRMv2:TSP:AirViewOnOff(  844): SettingsAirViewInfo:: 000000000
I/SurfaceFlinger(  246): id=1726 Removed Mauncher (-2/16)
D/KeyguardUpdateMonitor( 1037): sendKeyguardVisibilityChanged(true)
D/KeyguardUpdateMonitor( 1037): handleKeyguardVisibilityChanged(1)
V/AlarmManager(  844): waitForAlarm result :4
V/AlarmManager(  844): trigger ELAPSED_REALTIME_WAKEUP or RTC_WAKEUP
D/dalvikvm( 1194): GC_CONCURRENT freed 6506K, 33% free 35644K/52984K, paused 2ms+8ms, total 38ms
D/KeyguardUpdateMonitor( 1037): sendKeyguardVisibilityChanged(true)
D/KeyguardUpdateMonitor( 1037): handleKeyguardVisibilityChanged(1)
D/KeyguardUpdateMonitor( 1037): sendKeyguardVisibilityChanged(true)
D/KeyguardUpdateMonitor( 1037): handleKeyguardVisibilityChanged(1)
D/PhoneStatusBar( 1037): Status bar WINDOW_STATE_HIDDEN
D/InputReader(  844): Input event: value=1
D/InputReader(  844): !@notifyKey(172), action=0
D/InputManager-JNI(  844): !@interceptKeyBeforeQueueing(172), action=0
D/InputManager-JNI(  844): !@handleInterceptActions(172), action=0
E/EnterpriseContainerManager(  844): ContainerPolicy Service is not yet ready!!!
D/EnterpriseDeviceManager(  844): ContainerId: 0
E/EnterpriseContainerManager(  844): ContainerPolicy Service is not yet ready!!!
D/EnterpriseDeviceManager(  844): ContainerId: 0
E/EnterpriseContainerManager(  844): ContainerPolicy Service is not yet ready!!!
D/EnterpriseDeviceManager(  844): ContainerId: 0
E/EnterpriseContainerManager(  844): ContainerPolicy Service is not yet ready!!!
D/EnterpriseDeviceManager(  844): ContainerId: 0
E/EnterpriseContainerManager(  844): ContainerPolicy Service is not yet ready!!!
D/EnterpriseDeviceManager(  844): ContainerId: 0
E/EnterpriseContainerManager(  844): ContainerPolicy Service is not yet ready!!!
D/EnterpriseDeviceManager(  844): ContainerId: 0
D/RecentTasksLoader( 1037): preloadRecentTasksList
D/STATUSBAR-RecentTasksLoader( 1037): loadTasksInBackground() mstate:CANCELLED
D/STATUSBAR-RecentTasksLoader( 1037): loadThumbnailsAndIconsInBackground()
D/STATUSBAR-RecentTasksLoader( 1037): loadTasksInBackground -doInBackground()
D/STATUSBAR-RecentTasksLoader( 1037): loadThumbnailsAndIconsInBackground-doInBackground()
E/EnterpriseContainerManager(  844): ContainerPolicy Service is not yet ready!!!
D/EnterpriseDeviceManager(  844): ContainerId: 0
E/EnterpriseContainerManager(  844): ContainerPolicy Service is not yet ready!!!
D/EnterpriseDeviceManager(  844): ContainerId: 0
E/EnterpriseContainerManager( 1037): ContainerPolicy Service is not yet ready!!!
D/EnterpriseDeviceManager( 1037): ContainerId: 0
E/EnterpriseContainerManager(  844): ContainerPolicy Service is not yet ready!!!
D/EnterpriseDeviceManager(  844): ContainerId: 0
E/EnterpriseContainerManager( 1037): ContainerPolicy Service is not yet ready!!!
D/EnterpriseDeviceManager( 1037): ContainerId: 0
D/STATUSBAR-RecentTasksLoader( 1037):     recentTasks.size():7
E/EnterpriseContainerManager(  844): ContainerPolicy Service is not yet ready!!!
D/EnterpriseDeviceManager(  844): ContainerId: 0
E/EnterpriseContainerManager( 1037): ContainerPolicy Service is not yet ready!!!
D/EnterpriseDeviceManager( 1037): ContainerId: 0
E/EnterpriseContainerManager(  844): ContainerPolicy Service is not yet ready!!!
D/EnterpriseDeviceManager(  844): ContainerId: 0
E/EnterpriseContainerManager( 1037): ContainerPolicy Service is not yet ready!!!
D/EnterpriseDeviceManager( 1037): ContainerId: 0
D/Finsky  (29048): [1] 5.onFinished: Installation state replication succeeded.
E/EnterpriseContainerManager(  844): ContainerPolicy Service is not yet ready!!!
D/EnterpriseDeviceManager(  844): ContainerId: 0
E/EnterpriseContainerManager( 1037): ContainerPolicy Service is not yet ready!!!
D/EnterpriseDeviceManager( 1037): ContainerId: 0
V/STATUSBAR-RecentTasksLoader( 1037): Loaded bitmap for task 236: android.graphics.Bitmap@43fee6f8 isPrivate? false PrivateSetting:false
V/STATUSBAR-RecentTasksLoader( 1037): Loaded bitmap for task 236: android.graphics.Bitmap@43fef6e0 isPrivate? false PrivateSetting:false
V/STATUSBAR-RecentTasksLoader( 1037): Loaded bitmap for task 235: android.graphics.Bitmap@428f2a28 isPrivate? false PrivateSetting:false
V/STATUSBAR-RecentTasksLoader( 1037): Loaded bitmap for task 199: android.graphics.Bitmap@428f33b8 isPrivate? false PrivateSetting:false
D/STATUSBAR-RecentTasksLoader( 1037): loadThumbnailsAndIconsInBackground-onProgressUpdate()
D/STATUSBAR-RecentTasksLoader( 1037):     !isCancelled()
D/STATUSBAR-RecentTasksLoader( 1037): loadThumbnailsAndIconsInBackground-onProgressUpdate()
D/STATUSBAR-RecentTasksLoader( 1037):     !isCancelled()
D/STATUSBAR-RecentTasksLoader( 1037): loadThumbnailsAndIconsInBackground-onProgressUpdate()
D/STATUSBAR-RecentTasksLoader( 1037):     !isCancelled()
D/InputReader(  844): Input event: value=0
D/InputReader(  844): !@notifyKey(172), action=1
D/InputManager-JNI(  844): !@interceptKeyBeforeQueueing(172), action=1
D/InputManager-JNI(  844): !@handleInterceptActions(172), action=1
D/VoIPInterfaceManager(  844): isVoIPRinging()...
D/VoIPInterfaceManager(  844): isVoIPRunningAndDeregi()...
D/VoIPInterfaceManager(  844): Not exist call session
D/RecentTasksLoader( 1037): cancelPreloadingRecentTasksList
D/STATUSBAR-RecentTasksLoader( 1037): cancelLoadingThumbnailsAndIcons()
D/STATUSBAR-RecentTasksLoader( 1037): mTaskLoader.cancel()
D/STATUSBAR-RecentTasksLoader( 1037): mThumbnailLoader.cancel()
E/STATUSBAR-RecentTasksLoader( 1037): InterruptedException
D/dalvikvm( 1037): GC_FOR_ALLOC freed 6939K, 56% free 19384K/43524K, paused 34ms, total 34ms
I/dalvikvm-heap( 1037): Grow heap (frag case) to 28.031MB for 4194320-byte allocation
D/dalvikvm( 1037): GC_CONCURRENT freed 426K, 48% free 23054K/43524K, paused 4ms+5ms, total 31ms
D/STATUSBAR-RecentTasksLoader( 1037):     isCancelled - break
I/dalvikvm(20422): Could not find method com.discord.utilities.collections.ShallowPartitionMap$CopiablePartitionMap.getOrDefault, referenced from method com.discord.utilities.collections.SnowflakePartitionMap$CopiablePartitionMap.getOrDefault
W/dalvikvm(20422): VFY: unable to resolve virtual method 38654: Lcom/discord/utilities/collections/ShallowPartitionMap$CopiablePartitionMap;.getOrDefault (Ljava/lang/Object;Ljava/lang/Object;)Ljava/lang/Object;
D/dalvikvm(20422): VFY: replacing opcode 0x6f at 0x0004
I/dalvikvm(20422): Could not find method com.discord.utilities.collections.ShallowPartitionMap$CopiablePartitionMap.remove, referenced from method com.discord.utilities.collections.SnowflakePartitionMap$CopiablePartitionMap.remove
W/dalvikvm(20422): VFY: unable to resolve virtual method 38659: Lcom/discord/utilities/collections/ShallowPartitionMap$CopiablePartitionMap;.remove (Ljava/lang/Object;Ljava/lang/Object;)Z
D/dalvikvm(20422): VFY: replacing opcode 0x6f at 0x0004
I/dalvikvm(20422): Could not find method com.discord.utilities.collections.ShallowPartitionMap.getOrDefault, referenced from method com.discord.utilities.collections.SnowflakePartitionMap.getOrDefault
W/dalvikvm(20422): VFY: unable to resolve virtual method 38675: Lcom/discord/utilities/collections/ShallowPartitionMap;.getOrDefault (Ljava/lang/Object;Ljava/lang/Object;)Ljava/lang/Object;
D/dalvikvm(20422): VFY: replacing opcode 0x6f at 0x0004
I/dalvikvm(20422): Could not find method com.discord.utilities.collections.ShallowPartitionMap.remove, referenced from method com.discord.utilities.collections.SnowflakePartitionMap.remove
W/dalvikvm(20422): VFY: unable to resolve virtual method 38687: Lcom/discord/utilities/collections/ShallowPartitionMap;.remove (Ljava/lang/Object;Ljava/lang/Object;)Z
D/dalvikvm(20422): VFY: replacing opcode 0x6f at 0x0004
I/Discord (20422): [Persister] Preloaded preferences in 87.011 seconds.
I/dalvikvm(20422): Could not find method android.net.ConnectivityManager.getAllNetworks, referenced from method com.discord.stores.StoreConnectivity.isDeviceConnectedOrConnecting
W/dalvikvm(20422): VFY: unable to resolve virtual method 1716: Landroid/net/ConnectivityManager;.getAllNetworks ()[Landroid/net/Network;
D/dalvikvm(20422): VFY: replacing opcode 0x6e at 0x0020
I/Discord (20422): Application activity initialized.
I/WindowManager(  844): startDockOrHome
D/PowerManagerService(  844): [api] [s] userActivity : event: 0 flags: 0 (uid: 1000 pid: 844)
D/CustomFrequencyManagerService(  844): releaseDVFSLockLocked : Getting Lock type frm List : DVFS_MIN_LIMIT  frequency : 1190400  uid : 1000  pid : 844  tag : ACTIVITY_RESUME_BOOSTER@6
D/CustomFrequencyManagerService(  844): acquireDVFSLockLocked : type : DVFS_MIN_LIMIT  frequency : 1190400  uid : 1000  pid : 844  pkgName : ACTIVITY_RESUME_BOOSTER@6
W/ActivityManager(  844): mDVFSHelper.acquire()
D/STATUSBAR-AirplaneModeQuickSettingButton( 1037): onReceive : android.intent.action.CLOSE_SYSTEM_DIALOGS
E/SMD     (  236): DCD ON
V/AudioPolicyManagerBase(  250): stopOutput() output 3, stream 1, session 1288
V/AudioPolicyManagerBase(  250): changeRefCount() stream 1, count 0
V/AudioPolicyManagerBase(  250): getNewDevice() selected device 0
V/AudioPolicyManagerBase(  250): setOutputDevice() output 3 device 0000 force 0 delayMs 100 
V/AudioPolicyManagerBase(  250): setOutputDevice() prevDevice (0002)
V/AudioPolicyManagerBase(  250): setOutputDevice() setting same device 0000 or null device for output 3
I/dalvikvm(20422): Could not find method android.content.Context.getSystemService, referenced from method androidx.appcompat.app.AppCompatDelegateImpl.mapNightMode
W/dalvikvm(20422): VFY: unable to resolve virtual method 710: Landroid/content/Context;.getSystemService (Ljava/lang/Class;)Ljava/lang/Object;
D/dalvikvm(20422): VFY: replacing opcode 0x6e at 0x0012
I/dalvikvm(20422): Could not find method android.view.Window$Callback.onPointerCaptureChanged, referenced from method androidx.appcompat.view.WindowCallbackWrapper.onPointerCaptureChanged
W/dalvikvm(20422): VFY: unable to resolve interface method 3249: Landroid/view/Window$Callback;.onPointerCaptureChanged (Z)V
D/dalvikvm(20422): VFY: replacing opcode 0x72 at 0x0002
I/dalvikvm(20422): Could not find method android.view.Window$Callback.onProvideKeyboardShortcuts, referenced from method androidx.appcompat.view.WindowCallbackWrapper.onProvideKeyboardShortcuts
W/dalvikvm(20422): VFY: unable to resolve interface method 3251: Landroid/view/Window$Callback;.onProvideKeyboardShortcuts (Ljava/util/List;Landroid/view/Menu;I)V
D/dalvikvm(20