I/Discord (20422): Got notification: {channel_id=851467393876230175, message_id=1473770283218505930, guild_icon=a0bf74f23cdf2042b3eb547727a942de, guild_name=La Gente de Craker, __category=can_reply, guild_id=464031924764278785, message_flags=0, message_type_=0, user_avatar=653fe06c2b47eb3554b2b2ff4e2a6a69, notif_type_id=1, message_content=mientras haya llegado, user_username=Yuyileon, user_id=136955094557130752, channel_name=colecciones-y-adquisiciones, channel_type=0, type=MESSAGE_CREATE, notif_instance_id=1473770283218505930, message={"type":0,"tts":false,"timestamp":"2026-02-18T19:56:56.847000+00:00","pinned":false,"nonce":"1473770280143814656","mentions":[],"mention_roles":[],"mention_everyone":false,"id":"1473770283218505930","flags":0,"embeds":[],"edited_timestamp":null,"content":"mientras haya llegado","components":[],"channel_id":"851467393876230175","author":{"username":"yuyileon","public_flags":0,"primary_guild":null,"id":"136955094557130752","global_name":"Yuyileon","display_name_styles":null,
I/Discord (20422): "discriminator":"0","collectibles":null,"clan":null,"avatar_decoration_data":null,"avatar":"653fe06c2b47eb3554b2b2ff4e2a6a69"},"attachments":[]}, __sound=message1.mp3, receiving_user_id=603311227719909486}
W/ContextImpl(  844): Calling a method in the system process without a qualified user: android.app.ContextImpl.sendBroadcast:1523 com.android.server.StatusBarManagerService.sendNotification:981 com.android.server.StatusBarManagerService.updateNotification:690 com.android.server.NotificationManagerService$7.run:2134 android.os.Handler.handleCallback:733 
D/STATUSBAR-StatusBarManagerService(  844): sendNotification(2) - 1313639013
D/SViewCoverView( 1562): BroadcastReceiver onReceive() : action : com.android.server.NotificationManagerService.NotificationArrived
I/SensorManagerA(  844): getReportingMode :: sensor.mType = 5
D/SensorManager(  844): registerListener :: 4, CM36651 Light Sensor, 200000, 0,  
D/STATUSBAR-NotificationService(  844): updateLightsLocked() : Set custom flashing notification light
D/LightsService(  844): [api] [SvcLED] setFlashing :: id = 4, color = ff5161ff, mode = 1, onMS = 1500, offMS = 1500,  (uid: 1000 pid: 844) 
D/LightsService(  844): [SvcLED] setSvcLedStateLocked:: SvcLEDState : 0x44 -> 0x44 | SvcLED(id=4) set On
D/ProgressBar( 1037): setProgressDrawable drawableHeight = 12
D/ProgressBar( 1037): setProgressDrawable drawableHeight = 12
D/ConnectivityService(  844): handleInetConditionHoldEnd: net=1, condition=100, published condition=100
D/ContexualWidgetMonitor( 1037): action =com.android.server.NotificationManagerService.NotificationArrived
D/ContexualWidgetMonitor( 1037): pkg =null
D/ContexualWidgetMonitor( 1037): mCheckMissedEvent =false
D/STATUSBAR-IconMerger( 1037): checkOverflow(288), More:false, Req:false Child:4
D/STATUSBAR-NetworkController( 1037): onReceive() - CONNECTIVITY_ACTION, INET_CONDITION_ACTION
D/STATUSBAR-NetworkController( 1037): getUpdateDataNetType() - mDataNetType:0
D/STATUSBAR-NetworkController( 1037): updateDataNetType()
D/STATUSBAR-NetworkController( 1037): Nothing, mRoamingIconId = 0
W/ContextImpl(  844): Calling a method in the system process without a qualified user: android.app.ContextImpl.sendBroadcast:1523 com.android.server.StatusBarManagerService.sendNotification:981 com.android.server.StatusBarManagerService.updateNotification:690 com.android.server.NotificationManagerService$7.run:2134 android.os.Handler.handleCallback:733 
D/SensorManager(  844): unregisterListener ::   
D/LightsService(  844): [SvcLED]  onSensorChanged::light value = 0
D/LightsService(  844): [SvcLED]  setSvcLedLightLocked :: Current SvcLED(id=4) maintains its priority right
D/STATUSBAR-StatusBarManagerService(  844): sendNotification(2) - 273
D/SViewCoverView( 1562): BroadcastReceiver onReceive() : action : com.android.server.NotificationManagerService.NotificationArrived
D/ContexualWidgetMonitor( 1037): action =com.android.server.NotificationManagerService.NotificationArrived
D/ContexualWidgetMonitor( 1037): pkg =null
D/ContexualWidgetMonitor( 1037): mCheckMissedEvent =false
D/KeyguardUpdateMonitor( 1037): received broadcast android.intent.action.TIME_TICK
D/KeyguardUpdateMonitor( 1037): handleTimeUpdate
V/AlarmManager(  844): waitForAlarm result :8
D/KeyguardClockWidgetService( 1506): onReceive action=android.intent.action.TIME_TICK
V/AlarmManager(  844): ClockReceiver onReceive() ACTION_TIME_TICK
D/STATUSBAR-IconMerger( 1037): checkOverflow(288), More:false, Req:false Child:4
D/SViewCoverWidget( 1562): initClock() : TimeZone =libcore.util.ZoneInfo[id="Europe/Madrid",mRawOffset=3600000,mEarliestRawOffset=0,mUseDst=true,mDstSavings=3600000,transitions=163]
D/SViewCoverPager( 1562): [widthMeasureSpec, heightMeasureSpec] = [1073742544, 1073742184]
D/SViewCoverWidget( 1562): Weather changed action :android.intent.action.TIME_TICK
D/SViewCoverWidget( 1562): mIsWeather=false
E/SMD     (  236): DCD ON
E/SMD     (  236): DCD ON
E/SMD     (  236): DCD ON
D/SSRMv2:SIOP(  844): SIOP:: AP = 300, Delta = 0
E/SMD     (  236): DCD ON
D/InputReader(  844): Input event: value=1
D/InputReader(  844): !@notifyKey(172), action=0
D/InputManager-JNI(  844): !@interceptKeyBeforeQueueing(172), action=0
E/SamsungWindowManager(  844): mCoreNumLockHelper.acquire
D/InputManager-JNI(  844): !@handleInterceptActions(172), action=0
D/InputManager-JNI(  844): Disable repeat for home key when device wake up
D/lights  (  844): button : 1 +
D/CustomFrequencyManagerService(  844): acquireDVFSLockLocked : type : DVFS_MIN_LIMIT  frequency : 1401600  uid : 1000  pid : 844  pkgName : WAKEUP_BOOSTER@24
D/PowerManagerService(  844): [api] [s] wakeUpFromNative:  (uid: 1000 pid: 844)
I/PowerManagerService(  844): !@[ps] Screen__On :  wakeUpFromNative:  (uid: 1000 pid: 844)
I/PowerManagerService(  844): Waking up from sleep...
D/PowerManagerService(  844): Screen Readiness Inspection requested: mNestCount=1
D/PowerManagerService(  844): [PWL] sb acquire: PowerManagerService.Broadcasts
D/PowerManagerService(  844): [s] WAKEFULNESS_AWAKE
D/PowerManagerService(  844): [s] getScreenOffTimeoutLocked: 30000 -> 10000
D/PowerManagerService(  844): [s] UserActivityState : 0 -> 1
D/PowerManagerService(  844): [PWL] sb acquire: PowerManagerService.Display
D/DisplayPowerController(  844): animation target = 10 (PSM:false, AB limit:(-1 ~ -1) MB Limit:(-1 ~ -1) MAdj:(0, (0, 255)))
D/lights  (  844): button : 1 -
V/KeyguardServiceDelegate(  844): onScreenTurnedOn(showListener = com.android.internal.policy.impl.PhoneWindowManager$31@442c5e58)
D/KeyguardViewMediator( 1037): onScreenTurnedOn, seq = 110
D/KeyguardViewMediator( 1037): notifyScreenOnLocked
D/KeyguardViewMediator( 1037): handleNotifyScreenOn
D/KeyguardViewManager( 1037): onScreenTurnedOn()
D/KeyguardHostView( 1037): screen on, instance 425261e8
D/LockPatternUtils( 1037): isPcwEnable = null
V/KeyguardHostView( 1037): showPrimarySecurityScreen(turningOff=false)
D/LockPatternUtils( 1037): isPcwEnable = null
I/MDPP    ( 1037): Property: Empty
D/KeyguardHostView( 1037): showSecurityScreen(None)
I/KeyguardEffectViewMain( 1037): *** KeyguardEffectView getInstance ***
D/LensFlare( 1037): screenTurnedOn
D/LockPatternUtils( 1037): isPcwEnable = null
D/InputDispatcher(  844): setInputDispatchMode: enabled=1, frozen=0
D/PowerManagerService(  844): [api] [s] userActivity : event: 3 flags: 0 (uid: 10019 pid: 1037)
D/PowerManagerService(  844): Excessive delay in LCD_Task is start: 34ms
D/KeyguardClockWidgetService( 1506): onReceive action=android.intent.action.SCREEN_ON
D/KeyguardClockWidgetProvider( 1506): refreshSingleClock :{Home} Hour = 20, Min = 57
D/LockPatternUtils( 1037): isPcwEnable = null
D/KeyguardClockWidgetProvider( 1506): desc Message = Son las 20:57
V/KeyguardServiceDelegate(  844): **** SHOWN CALLED ****
I/WindowManager(  844): Lock screen displayed!
D/PowerManagerNotifier(  844): [api] WindowManagerPolicy.ScreenOnListener : Received onScreenOn().
D/PowerManagerService(  844): Screen Readiness Inspection completed: mNestCount=0
D/DisplayPowerController(  844): animation target = 10 (PSM:false, AB limit:(-1 ~ -1) MB Limit:(-1 ~ -1) MAdj:(0, (0, 255)))
D/DisplayPowerController(  844): !@ElectronBeam exit
D/InputReader(  844): Input event: value=0
D/InputReader(  844): !@notifyKey(172), action=1
D/InputManager-JNI(  844): !@interceptKeyBeforeQueueing(172), action=1
I/libsuspend(  844): !@[s] autosuspend_autosleep_disable
I/libsuspend(  844): !@[s] autosuspend_autosleep_disable done
I/SensorManagerA(  844): getReportingMode :: sensor.mType = 5
D/SensorManager(  844): registerListener :: 4, CM36651 Light Sensor, 200000, 0,  
I/SurfaceFlinger(  246): id=1721 Removed FlectronBea (17/17)
D/InputManager-JNI(  844): !@handleInterceptActions(172), action=1
D/SurfaceFlinger(  246): Screen acquired, type=0 flinger=0xb73ac9a0
D/qdhwcomposer(  246): hwc_blank: Unblanking display: 0
D/PowerManagerService(  844): !@[s] unblankAllDisplays() : unblankAllDisplaysFromPowerManager
D/LightsService(  844): [api] [SvcLED] turnOff:: id = 3 (uid: 1000 pid: 844) 
D/LightsService(  844): [SvcLED] setSvcLedStateLocked:: SvcLEDState : 0x44 -> 0x4 | SvcLED(id=3) set Off
D/BatteryService(  844): turn off LED
I/SurfaceFlinger(  246): id=1721 Removed FlectronBea (-2/17)
W/WindowManager(  844): Ignoring up event!! Coming up event without pressed.
D/lights  (  844): lcd : 10 +
D/lights  (  844): lcd : 10 -
D/PowerManagerService(  844): Excessive delay in ElectronBeam exit: 12ms
D/DisplayPowerController(  844): animation target = 10 (PSM:false, AB limit:(-1 ~ -1) MB Limit:(-1 ~ -1) MAdj:(0, (0, 255)))
D/PowerManagerService(  844): [s] mDisplayPowerControllerCallbacks : onStateChanged()
D/SensorManager(  844): unregisterListener ::   
D/lights  (  844): led_pattern : 0 +
D/STATUSBAR-NotificationService(  844): ACTION_SCREEN_ON
D/LightsService(  844): [api] [SvcLED] turnOff:: id = 4 (uid: 1000 pid: 844) 
D/LightsService(  844): [SvcLED] setSvcLedStateLocked:: SvcLEDState : 0x4 -> 0x0 | SvcLED(id=4) set Off
D/LightsService(  844): [SvcLED] Lux failed to be updated in 700ms. -> handleForcedSvcLEDTasK
D/lights  (  844): led_pattern : 0 -
D/audio_hw_primary(  250): adev_set_parameters: enter: screen_state=on
V/voice   (  250): voice_set_parameters: enter: screen_state=on
V/voice   (  250): voice_set_parameters: exit with code(-2)
V/msm8974_platform(  250): platform_set_parameters: enter: screen_state=on
V/msm8974_platform(  250): platform_set_parameters: exit with code(-2)
D/audio_hw_fm(  250): audio_extn_fm_set_parameters: enter
V/audio_hw_primary(  250): adev_set_parameters: exit
I/SecExternalDisplayIntents_Java(  844): Intent Recieved ..  -android.intent.action.SCREEN_ONBroadCast Map value - 19
D/LightsService(  844): [SvcLED]  setSvcLedLightLocked :: Current SvcLED(id=4) maintains its priority right
D/FactoryTest( 1177): User mode
I/NfcService( 1177): NFC: Screen On & Cover Open
E/NfcService( 1177): callback == null
D/KeyguardViewMediator( 1037): handleKeyguardDoneDrawing
D/STATUSBAR-NetworkController( 1037): onSignalStrengthsChanged signalStrength=SignalStrength: 22 -1 -1 -1 -1 -1 -1 99 2147483647 2147483647 2147483647 -1 2147483647 gsm|lte 0x4 level=4
D/STATUSBAR-NetworkController( 1037): onSignalStrengthsChanged signalStrength=SignalStrength: 22 -1 -1 -1 -1 -1 -1 99 2147483647 2147483647 2147483647 -1 2147483647 gsm|lte 0x4 level=4
D/KeyguardViewMediator( 1037): handleKeyguardDoneDrawing
D/STATUSBAR-IconMerger( 1037): checkOverflow(288), More:false, Req:false Child:4
D/SViewCoverView( 1562): BroadcastReceiver onReceive() : action : android.intent.action.SCREEN_ON
D/SecuritySelectorView( 1037): outRect: Rect(0, 460 - 720, 1280)
D/LensFlare( 1037): showUnlockAffordance : 0, 720, 460, 1280, startDelay : 250
D/daemonapp( 1905): [MSC_Accu_Daemon]>>> U:1104 [0:0] cDayONight() ::: sunrise is null 
D/daemonapp( 1905): [MSC_Accu_Daemon]>>> U:1120 [0:0] cDayONight() ::: sunset is null 
D/com.samsung.app( 1905): [MSC]>>>News_Daemon(E) DR:43 [0:0] onReceive() action : androidintentactionSCREEN_ON
E/com.samsung.app( 1905): [MSC]>>>News_Daemon(E) DR:71 [0:0] [NameNotFoundException] process restart With Widget !!!!!
W/com.samsung.app( 1905): [MSC]>>>News_Daemon(E) U:95 [0:0]  ::::::::: Available Internal MemorySize ::::::::: = 8689044k
D/SSRMv2:TSP:AirViewOnOff(  844): DeviceInfo:: 00010000000
D/SSRMv2:TSP:AirViewOnOff(  844): SettingsAirViewInfo:: 000000000
D/com.samsung.app( 1905): [MSC]>>>News_Daemon(E) DR:104 [0:0] checkPackageNameList is Empty
I/com.samsung.app( 1905): [MSC]>>>News_Daemon(E) DR:110 [0:0] serviceStatus = 0 checkPackageNameList = 0
D/com.samsung.app( 1905): [MSC]>>>News_Daemon(E) DR:145 [0:0] [CARS][AUTOREFRESHKEY] --> 0
D/com.samsung.app( 1905): [MSC]>>>News_Daemon(E) DR:146 [0:0] [CARS][NRT] = 0
D/com.samsung.app( 1905): [MSC]>>>News_Daemon(E) DR:147 [0:0] [CARS][DT] = 1771444631862
D/LockPatternUtils( 4650): isPcwEnable = null
D/PowerManagerService(  844): [PWL] sb release: PowerManagerService.Broadcasts
D/daemonapp( 1905): [MSC_Accu_Daemon]>>> AWDS:69 [0:0] Act : comsamsungssrmSCREEN_ON, run:true
D/SSRMv2:SIOP(  844): SIOP:: AP = 300, Delta = 0
D/comsamsunglog( 1905): [MSC_Accu_Daemon]>>> ====================================================================================================================
D/comsamsunglog( 1905): [MSC_Accu_Daemon]>>> daemonapp [Version : 14030701 ] [ 1 ] 
D/comsamsunglog( 1905): [MSC_Accu_Daemon]>>> Header set to : ===> "daemonapp" <===
D/comsamsunglog( 1905): [MSC_Accu_Daemon]>>> ====================================================================================================================
D/daemonapp( 1905): [MSC_Accu_Daemon]>>> ACP:433 [0:0] Provider query : content://apaccuweatherprovider/packagename
D/daemonapp( 1905): [MSC_Accu_Daemon]>>> AWDS:1076 [0:0] PakNme size = 1
D/daemonapp( 1905): [MSC_Accu_Daemon]>>> ACP:433 [0:0] Provider query : content://apaccuweatherprovider/current_weatherinfo
D/daemonapp( 1905): [MSC_Accu_Daemon]>>> ACP:433 [0:0] Provider query : content://apaccuweatherprovider/current_weatherinfo
D/daemonapp( 1905): [MSC_Accu_Daemon]>>> ACP:433 [0:0] Provider query : content://apaccuweatherprovider/current_weatherinfo
D/daemonapp( 1905): [MSC_Accu_Daemon]>>> AWDS:111 [0:0] SerStus:true,TmpS:1,AtRfr:3
D/daemonapp( 1905): [MSC_Accu_Daemon]>>> AWDS:600 [0:0]  ==> Act: SCREEN_ON or COVER_OPEN <==
D/daemonapp( 1905): [MSC_Accu_Daemon]>>> ACP:433 [0:0] Provider query : content://apaccuweatherprovider/current_weatherinfo
D/daemonapp( 1905): [MSC_Accu_Daemon]>>> AWDS:602 [0:0] [ASO][AUTOREFRESHKEY] --> 3
D/daemonapp( 1905): [MSC_Accu_Daemon]>>> AWDS:603 [0:0] [ASO][NUT] = 02/19/2026 01:18 AM
D/daemonapp( 1905): [MSC_Accu_Daemon]>>> AWDS:604 [0:0] [ASO][CT] = 02/18/2026 08:57 PM
D/daemonapp( 1905): [MSC_Accu_Daemon]>>> ACP:433 [0:0] Provider query : content://apaccuweatherprovider/packagename
D/daemonapp( 1905): [MSC_Accu_Daemon]>>> AWDS:1076 [0:0] PakNme size = 1
D/qdhwcomposer(  246): hwc_blank: Done unblanking display: 0
D/SurfaceControl(  844): Excessive delay in unblankDisplay() while turning screen on: 316ms
D/MISC PowerHAL(  844): miscpower_set_interactive: /sys/class/input/input1/enabled
D/MISC PowerHAL(  844): sysfs_write +: /sys/class/input/input1/enabled: 1
D/KeyguardUpdateMonitor( 1037): sendKeyguardVisibilityChanged(true)
D/PowerManagerService(  844): Excessive delay in mDisplayManagerService.unblankAllDisplaysFromPowerManager(): 317ms
D/KeyguardUpdateMonitor( 1037): handleKeyguardVisibilityChanged(1)
D/MISC PowerHAL(  844): sysfs_write -: /sys/class/input/input1/enabled: 1
D/MISC PowerHAL(  844): miscpower_set_interactive: /sys/class/input/input2/enabled
D/MISC PowerHAL(  844): sysfs_write +: /sys/class/input/input2/enabled: 1
D/LensFlare( 1037): playUnlockAffordance
D/MISC PowerHAL(  844): sysfs_write -: /sys/class/input/input2/enabled: 1
D/PowerManagerService-JNI(  844): Excessive delay in MISC setInteractive(true) while turning screen on: 172ms
I/QCOM PowerHAL(  844): Got set_interactive hint
W/System.err(  844): java.io.FileNotFoundException: /sys/class/power_supply/battery/lcd: open failed: ENOENT (No such file or directory)
W/System.err(  844): 	at libcore.io.IoBridge.open(IoBridge.java:409)
W/System.err(  844): 	at java.io.FileOutputStream.<init>(FileOutputStream.java:88)
W/System.err(  844): 	at java.io.FileOutputStream.<init>(FileOutputStream.java:73)
W/System.err(  844): 	at com.sec.android.hardware.SecHardwareInterface.setBatteryADC(SecHardwareInterface.java:392)
W/System.err(  844): 	at com.android.server.power.PowerManagerService$DisplayBlankerImpl$1.run(PowerManagerService.java:5309)
W/System.err(  844): 	at android.os.Handler.handleCallback(Handler.java:733)
W/System.err(  844): 	at android.os.Handler.dispatchMessage(Handler.java:95)
W/System.err(  844): 	at android.os.Looper.loop(Looper.java:136)
W/System.err(  844): 	at android.os.HandlerThread.run(HandlerThread.java:61)
W/System.err(  844): Caused by: libcore.io.ErrnoException: open failed: ENOENT (No such file or directory)
W/System.err(  844): 	at libcore.io.Posix.open(Native Method)
W/System.err(  844): 	at libcore.io.BlockGuardOs.open(BlockGuardOs.java:110)
W/System.err(  844): 	at libcore.io.IoBridge.open(IoBridge.java:393)
W/System.err(  844): 	... 8 more
D/PowerManagerService(  844): Excessive delay in nativeSetInteractive(true): 173ms
D/PowerManagerService(  844): SecHardwareInterface.setBatteryADC : true
D/STATUSBAR-NetworkController( 1037): refreshSignalCluster - setNWBoosterIndicators(false)
D/STATUSBAR-NetworkController( 1037): refreshSignalCluster: data=-1 bt=false
D/STATUSBAR-IconMerger( 1037): checkOverflow(288), More:false, Req:false Child:4
D/CustomFrequencyManagerService(  844): releaseDVFSLockLocked : Getting Lock type frm List : DVFS_MIN_LIMIT  frequency : 1401600  uid : 1000  pid : 844  tag : WAKEUP_BOOSTER@24
I/InputReader(  844): Touch event's action is 0x0 (deviceType=0) [pCnt=1, s=0.1550 ] when=40335372305000
I/InputDispatcher(  844): Delivering touch to: action: 0x4, toolType: 1
I/InputDispatcher(  844): Delivering touch to: action: 0x0, toolType: 1
D/LensFlare( 1037): InputDevice.SOURCE_STYLUS = 16386, Y_OFFSET = -80
V/AudioPolicyManagerBase(  250): getOutput() device 2, stream 1, samplingRate 0, format 0, channelMask 3, flags 0
V/AudioPolicyManagerBase(  250): getOutputsForDevice device 0002 -> 0002
V/AudioPolicyManagerBase(  250): selectOutput() output 2 outputDesc->mProfile->mFlags 0002 flags 0000
V/AudioPolicyManagerBase(  250): selectOutput() output 3 outputDesc->mProfile->mFlags 0004 flags 0000
V/AudioPolicyManagerBase(  250): getOutput() returns output 2
V/AudioPolicyManagerBase(  250): getOutput() device 2, stream 1, samplingRate 0, format 0, channelMask 3, flags 0
V/AudioPolicyManagerBase(  250): getOutputsForDevice device 0002 -> 0002
V/AudioPolicyManagerBase(  250): selectOutput() output 2 outputDesc->mProfile->mFlags 0002 flags 0000
V/AudioPolicyManagerBase(  250): selectOutput() output 3 outputDesc->mProfile->mFlags 0004 flags 0000
V/AudioPolicyManagerBase(  250): getOutput() returns output 2
V/AudioPolicyManagerBase(  250): getOutput() device 2, stream 1, samplingRate 44100, format 1, channelMask 3, flags 4
V/AudioPolicyManagerBase(  250): getOutputsForDevice device 0002 -> 0002
V/AudioPolicyManagerBase(  250): selectOutput() output 2 outputDesc->mProfile->mFlags 0002 flags 0004
V/AudioPolicyManagerBase(  250): selectOutput() output 3 outputDesc->mProfile->mFlags 0004 flags 0004
V/AudioPolicyManagerBase(  250): selectOutput() commonFlags for output 3, 0001
V/AudioPolicyManagerBase(  250): getOutput() returns output 3
V/AudioPolicyManagerBase(  250): startOutput() output 3, stream 1, session 1284
V/AudioPolicyManagerBase(  250): changeRefCount() stream 1, count 1
V/AudioPolicyManagerBase(  250): getNewDevice() selected device 2
V/AudioPolicyManagerBase(  250): setOutputDevice() output 3 device 0002 force 0 delayMs 0 
V/AudioPolicyManagerBase(  250): setOutputDevice() prevDevice (0002)
V/AudioPolicyManagerBase(  250): setOutputDevice() setting same device 0002 or null device for output 3
E/AudioResampler(  250): Unsupported sample format, 1 bits, 2 channels
D/AudioResampler(  250): AudioResamplerOrder1::resample common!!!!!
D/AudioResampler(  250): new common resampler(44100 -> 48000, 2, 2)
D/SoundAliveResampler(  250): [SoundAliveResampler] Init+++
V/audio_hw_primary(  250): start_output_stream: enter: usecase(1: low-latency-playback) devices(0x2)
V/audio_hw_primary(  250): select_devices: ENTER
V/audio_hw_primary(  250): select_devices: usecase(normal)
V/audio_hw_primary(  250): select_devices: usecase(PCM_PLAYBACK)
V/msm8974_platform(  250): platform_get_output_snd_device: enter: output devices(0x2)
V/msm8974_platform(  250): get_OUTPUT_snd_device: for Normal Playback
V/msm8974_platform(  250): platform_get_output_snd_device: exit: snd_device(speaker)
D/audio_hw_primary(  250): select_devices: out_snd_device(2: speaker)
D/audio_hw_primary(  250): select_devices: in_snd_device(0: dummy)
D/ACDB-LOADER(  250): ACDB -> send_audio_cal, acdb_id = 15, path =  0
D/ACDB-LOADER(  250): ACDB -> send_adm_topology
D/ACDB-LOADER(  250): ACDB -> ACDB_CMD_GET_AUDPROC_COMMON_TOPOLOGY_ID
D/ACDB-LOADER(  250): ACDB -> send_audtable
D/ACDB-LOADER(  250): ACDB -> ACDB_CMD_GET_AUDPROC_COMMON_TABLE
D/ACDB-LOADER(  250): ACDB -> AUDIO_SET_AUDPROC_CAL
D/ACDB-LOADER(  250): ACDB -> send_audvoltable
D/ACDB-LOADER(  250): ACDB -> ACDB_CMD_GET_AUDPROC_GAIN_DEP_STEP_TABLE
D/ACDB-LOADER(  250): ACDB -> AUDIO_SET_AUDPROC_VOL_CAL
D/ACDB-LOADER(  250): ACDB -> send_afe_cal
D/ACDB-LOADER(  250): ACDB -> ACDB_CMD_GET_AFE_COMMON_TABLE
D/ACDB-LOADER(  250): ACDB -> AUDIO_SET_AFE_CAL
V/audio_hw_primary(  250): enable_snd_device: snd_device(2: speaker, speaker)
D/audio_route(  250): ++++ audio_route_update_mixer ==============
D/audio_route(  250): Setting mixer control: RX4 Digital Volume, value: 83
D/audio_route(  250): Setting mixer control: RX4 MIX1 INP1, value: 5
D/audio_route(  250): Setting mixer control: SPK DAC Switch, value: 1
D/audio_route(  250): Setting mixer control: SLIM RX1 MUX, value: 1
D/audio_route(  250): ------ audio_route_update_mixer ==============
V/audio_hw_primary(  250): enable_audio_route: enter: usecase(1)
V/audio_hw_primary(  250): enable_audio_route: apply mixer path: low-latency-playback
D/audio_route(  250): ++++ audio_route_update_mixer ==============
D/audio_route(  250): Setting mixer control: SLIMBUS_0_RX Audio Mixer MultiMedia5, value: 1
D/audio_route(  250): ------ audio_route_update_mixer ==============
V/audio_hw_primary(  250): enable_audio_route: exit
V/audio_hw_primary(  250): start_output_stream: Opening PCM device card_id(0) device_id(15)
V/audio_hw_primary(  250): start_output_stream: exit
D/KeyguardViewMediator( 1037): handleKeyguardDoneDrawing
D/SecuritySelectorView( 1037): pokeWakelockWithTimeCheck time diffence = 1210
D/SecuritySelectorView( 1037): pokeWakelockWithTimeCheck mCallback.pokeWakelock(AWAKE_INTERVAL_DEFAULT_MS)
D/SecuritySelectorView( 1037): ACTION_MOVE mDistance: 32.01562118716424
D/PowerManagerService(  844): [api] [s] userActivity : event: 3 flags: 0 (uid: 10019 pid: 1037)
D/SecuritySelectorView( 1037): pokeWakelockWithTimeCheck time diffence = 1231
D/SecuritySelectorView( 1037): pokeWakelockWithTimeCheck mCallback.pokeWakelock(AWAKE_INTERVAL_DEFAULT_MS)
D/SecuritySelectorView( 1037): ACTION_MOVE mDistance: 56.0
D/PowerManagerService(  844): [api] [s] userActivity : event: 3 flags: 0 (uid: 10019 pid: 1037)
D/SecuritySelectorView( 1037): pokeWakelockWithTimeCheck time diffence = 1247
D/SecuritySelectorView( 1037): pokeWakelockWithTimeCheck mCallback.pokeWakelock(AWAKE_INTERVAL_DEFAULT_MS)
D/SecuritySelectorView( 1037): ACTION_MOVE mDistance: 85.0
D/PowerManagerService(  844): [api] [s] userActivity : event: 3 flags: 0 (uid: 10019 pid: 1037)
D/SecuritySelectorView( 1037): pokeWakelockWithTimeCheck time diffence = 1263
D/SecuritySelectorView( 1037): pokeWakelockWithTimeCheck mCallback.pokeWakelock(AWAKE_INTERVAL_DEFAULT_MS)
D/SecuritySelectorView( 1037): ACTION_MOVE mDistance: 114.0175425099138
D/PowerManagerService(  844): [api] [s] userActivity : event: 3 flags: 0 (uid: 10019 pid: 1037)
D/SecuritySelectorView( 1037): pokeWakelockWithTimeCheck time diffence = 1281
D/SecuritySelectorView( 1037): pokeWakelockWithTimeCheck mCallback.pokeWakelock(AWAKE_INTERVAL_DEFAULT_MS)
D/SecuritySelectorView( 1037): ACTION_MOVE mDistance: 146.12323566086263
D/PowerManagerService(  844): [api] [s] userActivity : event: 3 flags: 0 (uid: 10019 pid: 1037)
D/SecuritySelectorView( 1037): pokeWakelockWithTimeCheck time diffence = 1300
D/SecuritySelectorView( 1037): pokeWakelockWithTimeCheck mCallback.pokeWakelock(AWAKE_INTERVAL_DEFAULT_MS)
D/SecuritySelectorView( 1037): ACTION_MOVE mDistance: 182.61708572858126
D/PowerManagerService(  844): [api] [s] userActivity : event: 3 flags: 0 (uid: 10019 pid: 1037)
D/SecuritySelectorView( 1037): pokeWakelockWithTimeCheck time diffence = 1321
D/SecuritySelectorView( 1037): pokeWakelockWithTimeCheck mCallback.pokeWakelock(AWAKE_INTERVAL_DEFAULT_MS)
D/SecuritySelectorView( 1037): ACTION_MOVE mDistance: 220.91174708466727
D/PowerManagerService(  844): [api] [s] userActivity : event: 3 flags: 0 (uid: 10019 pid: 1037)
D/SecuritySelectorView( 1037): pokeWakelockWithTimeCheck time diffence = 1343
D/SecuritySelectorView( 1037): pokeWakelockWithTimeCheck mCallback.pokeWakelock(AWAKE_INTERVAL_DEFAULT_MS)
D/SecuritySelectorView( 1037): ACTION_MOVE mDistance: 292.8019808676164
D/PowerManagerService(  844): [api] [s] userActivity : event: 3 flags: 0 (uid: 10019 pid: 1037)
D/SecuritySelectorView( 1037): pokeWakelockWithTimeCheck time diffence = 1365
D/SecuritySelectorView( 1037): pokeWakelockWithTimeCheck mCallback.pokeWakelock(AWAKE_INTERVAL_DEFAULT_MS)
D/SecuritySelectorView( 1037): ACTION_MOVE mDistance: 332.5672864248677
D/PowerManagerService(  844): [api] [s] userActivity : event: 3 flags: 0 (uid: 10019 pid: 1037)
D/SecuritySelectorView( 1037): pokeWakelockWithTimeCheck time diffence = 1387
D/SecuritySelectorView( 1037): pokeWakelockWithTimeCheck mCallback.pokeWakelock(AWAKE_INTERVAL_DEFAULT_MS)
D/SecuritySelectorView( 1037): ACTION_MOVE mDistance: 370.3538848182911
D/PowerManagerService(  844): [api] [s] userActivity : event: 3 flags: 0 (uid: 10019 pid: 1037)
D/SecuritySelectorView( 1037): pokeWakelockWithTimeCheck time diffence = 1410
D/SecuritySelectorView( 1037): pokeWakelockWithTimeCheck mCallback.pokeWakelock(AWAKE_INTERVAL_DEFAULT_MS)
D/SecuritySelectorView( 1037): ACTION_MOVE mDistance: 450.28102336207775
D/PowerManagerService(  844): [api] [s] userActivity : event: 3 flags: 0 (uid: 10019 pid: 1037)
D/SecuritySelectorView( 1037): pokeWakelockWithTimeCheck time diffence = 1432
D/SecuritySelectorView( 1037): pokeWakelockWithTimeCheck mCallback.pokeWakelock(AWAKE_INTERVAL_DEFAULT_MS)
D/SecuritySelectorView( 1037): ACTION_MOVE mDistance: 488.1116675515962
D/PowerManagerService(  844): [api] [s] userActivity : event: 3 flags: 0 (uid: 10019 pid: 1037)
D/SecuritySelectorView( 1037): pokeWakelockWithTimeCheck time diffence = 1454
D/SecuritySelectorView( 1037): pokeWakelockWithTimeCheck mCallback.pokeWakelock(AWAKE_INTERVAL_DEFAULT_MS)
D/SecuritySelectorView( 1037): ACTION_MOVE mDistance: 523.1156659860227
D/LensFlare( 1037): handleUnlock
V/AudioPolicyManagerBase(  250): getOutput() device 2, stream 1, samplingRate 0, format 0, channelMask 3, flags 0
V/AudioPolicyManagerBase(  250): getOutputsForDevice device 0002 -> 0002
V/AudioPolicyManagerBase(  250): selectOutput() output 2 outputDesc->mProfile->mFlags 0002 flags 0000
V/AudioPolicyManagerBase(  250): selectOutput() output 3 outputDesc->mProfile->mFlags 0004 flags 0000
V/AudioPolicyManagerBase(  250): getOutput() returns output 2
V/AudioPolicyManagerBase(  250): getOutput() device 2, stream 1, samplingRate 0, format 0, channelMask 3, flags 0
V/AudioPolicyManagerBase(  250): getOutputsForDevice device 0002 -> 0002
V/AudioPolicyManagerBase(  250): selectOutput() output 2 outputDesc->mProfile->mFlags 0002 flags 0000
V/AudioPolicyManagerBase(  250): selectOutput() output 3 outputDesc->mProfile->mFlags 0004 flags 0000
V/AudioPolicyManagerBase(  250): getOutput() returns output 2
V/AudioPolicyManagerBase(  250): getOutput() device 2, stream 1, samplingRate 44100, format 1, channelMask 3, flags 4
V/AudioPolicyManagerBase(  250): getOutputsForDevice device 0002 -> 0002
V/AudioPolicyManagerBase(  250): selectOutput() output 2 outputDesc->mProfile->mFlags 0002 flags 0004
V/AudioPolicyManagerBase(  250): selectOutput() output 3 outputDesc->mProfile->mFlags 0004 flags 0004
V/AudioPolicyManagerBase(  250): selectOutput() commonFlags for output 3, 0001
V/AudioPolicyManagerBase(  250): getOutput() returns output 3
V/AudioPolicyManagerBase(  250): startOutput() output 3, stream 1, session 1285
V/AudioPolicyManagerBase(  250): changeRefCount() stream 1, count 2
E/AudioResampler(  250): Unsupported sample format, 1 bits, 2 channels
D/AudioResampler(  250): AudioResamplerOrder1::resample common!!!!!
D/AudioResampler(  250): new common resampler(44100 -> 48000, 2, 2)
D/SoundAliveResampler(  250): [SoundAliveResampler] Init+++
D/PowerManagerService(  844): [api] [s] userActivity : event: 3 flags: 0 (uid: 10019 pid: 1037)
E/SMD     (  236): DCD ON
D/STATUSBAR-NetworkController( 1037): refreshSignalCluster - setNWBoosterIndicators(false)
D/STATUSBAR-NetworkController( 1037): refreshSignalCluster: data=-1 bt=false
D/STATUSBAR-IconMerger( 1037): checkOverflow(288), More:false, Req:false Child:4
I/InputReader(  844): Touch event's action is 0x1 (deviceType=0) [pCnt=1, s=] when=40335993148000
I/InputDispatcher(  844): Delivering touch to: action: 0x1, toolType: 1
D/KeyguardHostView( 1037): showNextSecurityScreenOrFinish(false)
D/LockPatternUtils( 1037): isPcwEnable = null
D/PowerManagerService(  844): [api] [s] userActivity : event: 3 flags: 0 (uid: 10019 pid: 1037)
D/KeyguardViewMediator( 1037): keyguardDone(true)
D/KeyguardViewMediator( 1037): handleKeyguardDone
D/KeyguardViewMediator( 1037): handleHide
D/LockPatternUtils( 1037): isPcwEnable = null
I/KeyguardEffectViewMain( 1037): *** KeyguardEffectView getInstance ***
V/AudioPolicyManagerBase(  250): getOutput() device 2, stream 1, samplingRate 0, format 0, channelMask 3, flags 0
V/AudioPolicyManagerBase(  250): getOutputsForDevice device 0002 -> 0002
V/AudioPolicyManagerBase(  250): selectOutput() output 2 outputDesc->mProfile->mFlags 0002 flags 0000
V/AudioPolicyManagerBase(  250): selectOutput() output 3 outputDesc->mProfile->mFlags 0004 flags 0000
V/AudioPolicyManagerBase(  250): getOutput() returns output 2
V/AudioPolicyManagerBase(  250): getOutput() device 2, stream 1, samplingRate 0, format 0, channelMask 3, flags 0
V/AudioPolicyManagerBase(  250): getOutputsForDevice device 0002 -> 0002
V/AudioPolicyManagerBase(  250): selectOutput() output 2 outputDesc->mProfile->mFlags 0002 flags 0000
V/AudioPolicyManagerBase(  250): selectOutput() output 3 outputDesc->mProfile->mFlags 0004 flags 0000
V/AudioPolicyManagerBase(  250): getOutput() returns output 2
V/AudioPolicyManagerBase(  250): getOutput() device 2, stream 1, samplingRate 44100, format 1, channelMask 3, flags 4
V/AudioPolicyManagerBase(  250): getOutputsForDevice device 0002 -> 0002
V/AudioPolicyManagerBase(  250): selectOutput() output 2 outputDesc->mProfile->mFlags 0002 flags 0004
V/AudioPolicyManagerBase(  250): selectOutput() output 3 outputDesc->mProfile->mFlags 0004 flags 0004
V/AudioPolicyManagerBase(  250): selectOutput() commonFlags for output 3, 0001
V/AudioPolicyManagerBase(  250): getOutput() returns output 3
V/AudioPolicyManagerBase(  250): startOutput() output 3, stream 1, session 1286
V/AudioPolicyManagerBase(  250): changeRefCount() stream 1, count 3
V/AudioPolicyManagerBase(  250): releaseOutput() 3
D/KeyguardViewManager( 1037): hide()
I/KeyguardEffectViewMain( 1037): *** KeyguardEffectView getInstance ***
D/LensFlare( 1037): cleanUp
V/KeyguardUpdateMonitor( 1037): *** unregister callback for com.android.keyguard.sec.KeyguardEffectViewMain$2@421dda80
D/KeyguardUpdateMonitor( 1037): sendKeyguardVisibilityChanged(true)
E/AudioResampler(  250): Unsupported sample format, 1 bits, 2 channels
D/AudioResampler(  250): AudioResamplerOrder1::resample common!!!!!
D/AudioResampler(  250): new common resampler(44100 -> 48000, 2, 2)
D/SoundAliveResampler(  250): [SoundAliveResampler] Init+++
D/StatusBarManagerService(  844): semi p:9793,o:f
D/KeyguardUpdateMonitor( 1037): sendKeyguardVisibilityChanged(true)
D/KeyguardUpdateMonitor( 1037): sendKeyguardVisibilityChanged(true)
D/LockPatternUtils( 1037): isPcwEnable = null
D/KeyguardViewMediator( 1037): adjustStatusBarLocked: mShowing=false mHidden=false isSecure=false --> flags=0x0
D/KeyguardUpdateMonitor( 1037): sendKeyguardVisibilityChanged(true)
E/EnterpriseContainerManager(  844): ContainerPolicy Service is not yet ready!!!
D/EnterpriseDeviceManager(  844): ContainerId: 0
D/STATUSBAR-StatusBarManagerService(  844): manageDisableList what=0x0 pkg=com.android.keyguard
D/FactoryTest( 1177): User mode
D/PalmMotionService(  844): 2013 - mSurfaceTouchSharingData:1 mSettingPalmTouch1
D/LightsService(  844): [api] [SvcLED] turnOff:: id = 4 (uid: 1000 pid: 844) 
D/LightsService(  844): [SvcLED] setSvcLedStateLocked:: SvcLEDState : 0x0 -> 0x0 | SvcLED(id=4) set Off
D/LightsService(  844): [SvcLED] Lux failed to be updated in 700ms. -> handleForcedSvcLEDTasK
D/LightsService(  844): [SvcLED]  setSvcLedLightLocked :: Current SvcLED(id=4) maintains its priority right
E/MotionRecognitionService(  844):   mReceiver.onReceive : ACTION_USER_PRESENT  :: UNLOCK SCREEN
D/SSRMv2:TSP:AirViewOnOff(  844): DeviceInfo:: 00000000000
D/SSRMv2:TSP:AirViewOnOff(  844): SettingsAirViewInfo:: 000000000
D/LockPatternUtils( 4650): isPcwEnable = null
D/EnterpriseDeviceManager(  844): ContainerId: 0
D/KeyguardUpdateMonitor( 1037): sendKeyguardVisibilityChanged(true)
E/NfcService( 1177): callback == null
D/LockPatternUtils( 1037): isPcwEnable = null
D/PointerIcon(  844): setMouseIconStyle1 pointerType: 1001iconType:101 flag:0
D/PointerIcon(  844): setMouseCustomIcon IconType is same.101
D/PointerIcon(  844): setHoveringSpenIconStyle1 pointerType: 10001iconType:1 flag:0
D/PointerIcon(  844): setHoveringSpenCustomIcon IconType is same.1
D/PhoneStatusBar( 1037): setSemiTransparentMode=false, mTransparentMode=false, mSemiTransparentMode=false, mMultiWindowMode=false
D/KeyguardUpdateMonitor( 1037): handleKeyguardVisibilityChanged(1)
D/KeyguardUpdateMonitor( 1037): handleKeyguardVisibilityChanged(1)
D/KeyguardUpdateMonitor( 1037): handleKeyguardVisibilityChanged(1)
D/KeyguardUpdateMonitor( 1037): handleKeyguardVisibilityChanged(1)
D/KeyguardUpdateMonitor( 1037): handleKeyguardVisibilityChanged(1)
D/STATUSBAR-StatusBarManagerService(  844): manageDisableList what=0x0 pkg=WindowManager.LayoutParams
V/WindowManager(  844): rotationForOrientationLw(orient=-1, last=0); user=0 USER_ROTATION_LOCKED sensorRotation=-1 mLidState=-1 mDockMode=0 mHdmiPlugged=false mAccelerometerDefault=false gripRotationLock=false
D/PowerManagerService(  844): [api] setUserActivityTimeoutOverrideFromWindowManagerInternal: timeoutMillis: -1
D/PowerManagerService(  844): [s] getScreenOffTimeoutLocked: 10000 -> 30000
D/PowerManagerService(  844): [api] setScreenDimDurationOverrideFromWindowManagerInternal: timeoutMillis: -1
D/PowerManagerService(  844): [api] setButtonTimeoutOverrideFromWindowManagerInternal: timeoutMillis: -1
D/PhoneStatusBar( 1037): disable(): knoxCustomManager = android.app.enterprise.knoxcustom.KnoxCustomManager@4259de48
I/SpenGestureManager(  844): setFocusWindow21025
D/KeyguardUpdateMonitor( 1037): sendKeyguardVisibilityChanged(true)
D/PhoneStatusBar( 1037): disable: < expand icons alerts ticker system_info back* home* recent* clock search >
D/KeyguardUpdateMonitor( 1037): sendKeyguardVisibilityChanged(true)
D/PointerIcon(  844): setMouseIconStyle1 pointerType: 1001iconType:101 flag:0
D/PointerIcon(  844): setMouseCustomIcon IconType is same.101
D/PointerIcon(  844): setHoveringSpenIconStyle1 pointerType: 10001iconType:1 flag:0
D/PointerIcon(  844): setHoveringSpenCustomIcon IconType is same.1
D/KeyguardHostView( 1037): Window is unfocused
D/KeyguardHostView( 1037): isPreloadedWallpaper=false
D/SecuritySelectorView( 1037): Window is unfocused
D/AbsListView( 9793): unregisterIRListener() is called 
D/AbsListView( 9793): unregisterIRListener() is called 
D/KeyguardUpdateMonitor( 1037): handleKeyguardVisibilityChanged(1)
D/KeyguardUpdateMonitor( 1037): handleKeyguardVisibilityChanged(1)
D/PhoneStatusBar( 1037): setTransGradationMode=false, mTransparentMode=false, mSemiTransparentMode=false, mMultiWindowMode=false
D/StatusBarManagerService(  844): tr p:1037,o:f
W/InputMethodManagerService(  844): Window already focused, ignoring focus gain of: com.android.internal.view.IInputMethodClient$Stub$Proxy@445d6c70 attribute=android.view.inputmethod.EditorInfo@445817b0, token = android.os.BinderProxy@443c3430
D/KeyguardUpdateMonitor( 1037): sendKeyguardVisibilityChanged(true)
D/KeyguardUpdateMonitor( 1037): sendKeyguardVisibilityChanged(true)
D/KeyguardUpdateMonitor( 1037): handleKeyguardVisibilityChanged(1)
D/KeyguardUpdateMonitor( 1037): handleKeyguardVisibilityChanged(1)
D/dalvikvm( 9793): GC_CONCURRENT freed 2771K, 29% free 25237K/35156K, paused 7ms+22ms, total 110ms
D/dalvikvm( 9793): WAIT_FOR_CONCURRENT_GC blocked 94ms
D/AbsListView( 9793): [unregisterDoubleTapMotionListener]
I/MotionRecognitionManager( 9793):   .unregisterListener : / listener count = 0->0,  
D/AbsListView( 9793): unregisterIRListener() is called 
D/AbsListView( 9793): [unregisterDoubleTapMotionListener]
I/MotionRecognitionManager( 9793):   .unregisterListener : / listener count = 0->0,  
D/AbsListView( 9793): unregisterIRListener() is called 
D/AbsListView( 9793): [unregisterDoubleTapMotionListener]
I/MotionRecognitionManager( 9793):   .unregisterListener : / listener count = 0->0,  
D/AbsListView( 9793): unregisterIRListener() is called 
D/KeyguardUpdateMonitor( 1037): sendKeyguardVisibilityChanged(true)
D/KeyguardUpdateMonitor( 1037): handleKeyguardVisibilityChanged(1)
I/SurfaceFlinger(  246): id=1722 Removed Leyguard (15/16)
I/SurfaceFlinger(  246): id=1722 Removed Leyguard (-2/16)
V/KeyguardUpdateMonitor( 1037): *** unregister callback for com.android.keyguard.KeyguardWidgetFrame$1@42507870
V/KeyguardUpdateMonitor( 1037): *** unregister callback for com.android.keyguard.CarrierText$1@425f7668
V/KeyguardUpdateMonitor( 1037): *** unregister callback for com.android.keyguard.EmergencyButton$1@42833368
D/KeyguardShortcutView( 1037): onDetachedFromWindow()
D/LSO     ( 1037): Unregistered Intent: android.intent.action.sec.LSO_CONFIG_CHANGED , android.intent.action.MEDIA_MOUNTED
V/KeyguardUpdateMonitor( 1037): *** unregister callback for com.android.keyguard.KeyguardHostView$2@4293ad10
D/KeyguardUpdateMonitor( 1037): sendKeyguardVisibilityChanged(true)
V/KeyguardDisplayManager( 1037): hide
D/KeyguardUpdateMonitor( 1037): handleKeyguardVisibilityChanged(1)
D/STATUSBAR-NetworkController( 1037): refreshSignalCluster - setNWBoosterIndicators(false)
D/STATUSBAR-NetworkController( 1037): refreshSignalCluster: data=-1 bt=false
D/STATUSBAR-IconMerger( 1037): checkOverflow(288), More:false, Req:false Child:4
V/AudioPolicyManagerBase(  250): stopOutput() output 3, stream 1, session 1286
V/AudioPolicyManagerBase(  250): changeRefCount() stream 1, count 2
D/lights  (  844): button : 0 +
D/lights  (  844): button : 0 -
E/sdkstat ( 9793): 
E/sdkstat ( 9793): java.io.IOException: http code =301& contentResponse=
E/sdkstat ( 9793): 	at com.baidu.mobstat.bb.a(Unknown Source)
E/sdkstat ( 9793): 	at com.baidu.mobstat.DataCore.sendLogDataByHttp(Unknown Source)
E/sdkstat ( 9793): 	at com.baidu.mobstat.DataCore.sendLogData(Unknown Source)
E/sdkstat ( 9793): 	at com.baidu.mobstat.DataCore.sendLogData(Unknown Source)
E/sdkstat ( 9793): 	at com.baidu.mobstat.aj.b(Unknown Source)
E/sdkstat ( 9793): 	at com.baidu.mobstat.aj.a(Unknown Source)
E/sdkstat ( 9793): 	at com.baidu.mobstat.al.run(Unknown Source)
E/sdkstat ( 9793): 	at android.os.Handler.handleCallback(Handler.java:733)
E/sdkstat ( 9793): 	at android.os.Handler.dispatchMessage(Handler.java:95)
E/sdkstat ( 9793): 	at android.os.Looper.loop(Looper.java:136)
E/sdkstat ( 9793): 	at android.os.HandlerThread.run(HandlerThread.java:61)
V/AudioPolicyManagerBase(  250): stopOutput() output 3, stream 1, session 1285
V/AudioPolicyManagerBase(  250): changeRefCount() stream 1, count 1
D/LensFlare( 1037): LensFlare sound : release
V/AudioPolicyManagerBase(  250): releaseOutput() 3
V/AudioPolicyManagerBase(  250): stopOutput() output 3, stream 1, session 1284
V/AudioPolicyManagerBase(  250): changeRefCount() stream 1, count 0
V/AudioPolicyManagerBase(  250): getNewDevice() selected device 0
V/AudioPolicyManagerBase(  250): setOutputDevice() output 3 device 0000 force 0 delayMs 100 
V/AudioPolicyManagerBase(  250): setOutputDevice() prevDevice (0002)
V/AudioPolicyManagerBase(  250): setOutputDevice() setting same device 0000 or null device for output 3
V/AudioPolicyManagerBase(  250): releaseOutput() 3
E/SMD     (  236): DCD ON
D/STATUSBAR-NetworkController( 1037): refreshSignalCluster - setNWBoosterIndicators(false)
D/STATUSBAR-NetworkController( 1037): refreshSignalCluster: data=-1 bt=false
D/STATUSBAR-IconMerger( 1037): checkOverflow(288), More:false, Req:false Child:4
V/audio_hw_primary(  250): out_standby: enter: usecase(1: low-latency-playback)
V/audio_hw_primary(  250): stop_output_stream: enter: usecase(1: low-latency-playback)
V/audio_hw_primary(  250): disable_audio_route: enter: usecase(1)
V/audio_hw_primary(  250): disable_audio_route: reset mixer path: low-latency-playback
D/audio_route(  250): ++++ audio_route_update_mixer ==============
D/audio_route(  250): Setting mixer control: SLIMBUS_0_RX Audio Mixer MultiMedia5, value: 0
D/audio_route(  250): ------ audio_route_update_mixer ==============
V/audio_hw_primary(  250): disable_audio_route: exit
V/audio_hw_primary(  250): disable_snd_device: snd_device(2: speaker)
D/audio_route(  250): ++++ audio_route_update_mixer ==============
D/audio_route(  250): Setting mixer control: RX4 Digital Volume, value: 84
D/audio_route(  250): Setting mixer control: RX4 MIX1 INP1, value: 0
D/audio_route(  250): Setting mixer control: SPK DAC Switch, value: 0
D/audio_route(  250): Setting mixer control: SLIM RX1 MUX, value: 0
D/audio_route(  250): ------ audio_route_update_mixer ==============
V/audio_hw_primary(  250): stop_output_stream: exit: status(0)
V/audio_hw_primary(  250): out_standby: exit
E/Watchdog(  844): !@Sync 1344
E/SMD     (  236): DCD ON
D/AndroidRuntime(20607): 
D/AndroidRuntime(20607): >>>>>> AndroidRuntime START com.android.internal.os.RuntimeInit <<<<<<
D/AndroidRuntime(20607): CheckJNI is OFF
D/AndroidRuntime(20607): setted country_code = SPAIN
D/AndroidRuntime(20607): setted countryiso_code = ES
D/AndroidRuntime(20607): setted sales_code = PHE
D/AndroidRuntime(20607): readGMSProperty: start
D/AndroidRuntime(20607): readGMSProperty: already setted!!
D/AndroidRuntime(20607): readGMSProperty: end
D/AndroidRuntime(20607): addProductProperty: start
D/dalvikvm(20607): Trying to load lib libjavacore.so 0x0
D/dalvikvm(20607): Added shared lib libjavacore.so 0x0
D/dalvikvm(20607): Trying to load lib libnativehelper.so 0x0
D/dalvikvm(20607): Added shared lib libnativehelper.so 0x0
D/dalvikvm(20607): No JNI_OnLoad found in libnativehelper.so 0x0, skipping init
E/memtrack(20607): Couldn't load memtrack module (No such file or directory)
E/android.os.Debug(20607): failed to load memtrack module: -2
D/dalvikvm(20607): Note: class Landroid/app/ActivityManagerNative; has 192 unimplemented (abstract) methods
D/AndroidRuntime(20607): Calling main entry com.android.commands.pm.Pm
E/EnterpriseContainerManager(  844): ContainerPolicy Service is not yet ready!!!
D/EnterpriseDeviceManager(  844): ContainerId: 0
V/PackageManager(  844): Install from ADB
D/PackageManager(  844): START_PACKAGE_INSTALL: observer{1143372936}
D/PackageManager(  844):           PackageURI{file:///data/local/tmp/app-debug.apk}
D/PackageManager(  844): [MSG] INIT_COPY: observer{1143372936}
D/PackageManager(  844):           idx{0}
D/PackageManager(  844):           for_user{UserHandle{-1}}
D/PackageManager(  844): Trying to bind to DefaultContainerService
D/PackageManager(  844): onServiceConnected
D/PackageManager(  844): [MSG] MCS_BOUND
D/PackageManager(  844): [MSG] MCS_BOUND: observer{1143372936}
D/PackageManager(  844):           for_user{UserHandle{-1}}
D/PackageManager(  844): Found 1 verifiers for intent Intent { act=android.intent.action.PACKAGE_NEEDS_VERIFICATION dat=file:///data/local/tmp/app-debug.apk typ=application/vnd.android.package-archive flg=0x1 } with 0 optional verifiers
D/Finsky  (29048): [1] PackageVerificationReceiver.onReceive: Verification requested, id = 70
I/HarmonyEASService(  844): Updating for all 1
D/Finsky  (29048): [1] WorkerTask.onPreExecute: Verification Requested for id = 70, data=file:///data/local/tmp/app-debug.apk flags=114 fromVerificationActivity=false
I/PackageManager(  844): remove MCS_UNBIND message and Posting MCS_UNBIND 10 secs later
D/SSRMv2:SIOP(  844): SIOP:: AP = 300, Delta = 0
E/SMD     (  236): DCD ON
D/STATUSBAR-NetworkController( 1037): refreshSignalCluster - setNWBoosterIndicators(false)
D/STATUSBAR-NetworkController( 1037): refreshSignalCluster: data=-1 bt=false
D/STATUSBAR-IconMerger( 1037): checkOverflow(288), More:false, Req:false Child:4
D/dalvikvm(29048): GC_CONCURRENT freed 2608K, 52% free 9176K/19104K, paused 10ms+5ms, total 59ms
I/qtaguid (29048): Failed write_ctrl(u 67) res=-1 errno=22
I/qtaguid (29048): Untagging socket 67 failed errno=-22
W/NetworkManagementSocketTagger(29048): untagSocket(67) failed with errno -22
I/System.out(29048): Thread-1690 calls detatch()
D/Finsky  (29048): [1] 2.onResponse: Verification id=70 response=0
D/PackageManager(  844): [MSG] PACKAGE_VERIFIED: observer{1143372936}
D/PackageManager(  844):           verificationId{70}
D/Finsky  (29048): [1] PackageVerificationReceiver.onReceive: Verification requested, id = 70
D/PackageManager(  844): copyApk
I/PackageManager(  844): Copying native libraries to /data/app-lib/vmdl304138536
D/PackageManager(  844): remove MCS_UNBIND and Posting MCS_UNBIND
D/PackageManager(  844): [MSG] PROCESS_PENDING_INSTALL: observer{1143372936}
D/PackageManager(  844): installPackageLI
D/ApplicationPolicy(  844): isApplicationInstallationEnabled
D/ApplicationPolicy(  844): isApplicationInstallationEnabled :  Checking PKG WL - false
D/ApplicationPolicy(  844): isApplicationInstallationEnabled :  Checking PKG BL - true
D/ApplicationPolicy(  844): isApplicationInstallationEnabled :  Checking PERM BL - true
D/ApplicationPolicy(  844): isApplicationInstallationEnabled :  Checking SIG BL - true
D/ApplicationPolicy(  844): isApplicationInstallationEnabled :  Checking PKG WL - false
D/ApplicationPolicy(  844): isApplicationInstallationEnabled :  Checking PKG BL - true
D/ApplicationPolicy(  844): isApplicationInstallationEnabled :  Checking PERM BL - true
D/ApplicationPolicy(  844): isApplicationInstallationEnabled :  Checking SIG BL - true
D/ApplicationPolicy(  844): isApplicationInstallationEnabled :  enabled true
D/EnterpriseDeviceManager(  844): ContainerId: 0
V/ApplicationPolicy(  844): isApplicationStateBlocked userId 0 pkgname leap.droidcord
D/PackageManager(  844): Time to collect certificates: 0.105 seconds
W/PackageManager(  844): verifying app can be installed or not
D/PackageManager(  844): Replace existing pacakge: 
D/PackageManager(  844): Existing package: 
D/PackageManager(  844): doRename: 
D/PackageManager(  844): doRename apk path: 
D/PackageManager(  844): replacePackageLI
D/PackageManager(  844): replacePackageLI: 
I/SurfaceFlinger(  246): id=1703 Removed EimLayer (5/15)
I/SurfaceFlinger(  246): id=1703 Removed EimLayer (-2/15)
I/SurfaceFlinger(  246): id=1702 Removed EimLayer (4/14)
I/SurfaceFlinger(  246): id=1702 Removed EimLayer (-2/14)
D/KeyguardUpdateMonitor( 1037): sendKeyguardVisibilityChanged(true)
D/KeyguardUpdateMonitor( 1037): handleKeyguardVisibilityChanged(1)
D/PackageManager(  844): !@killApplicatoin: 10176, uninstall pkg
I/ActivityManager(  844): Killing 19975:leap.droidcord/u0a176 (adj 7): stop leap.droidcord
D/KeyguardUpdateMonitor( 1037): sendKeyguardVisibilityChanged(true)
D/KeyguardUpdateMonitor( 1037): handleKeyguardVisibilityChanged(1)
I/WindowState(  844): WIN DEATH: Window{44076fe8 u0 leap.droidcord/leap.droidcord.MainActivity}
I/PackageManager(  844): Package leap.droidcord codePath changed from /data/app/leap.droidcord-23.apk to /data/app/leap.droidcord-24.apk; Retaining data and using new
I/HarmonyEASService(  844): Updating for all 1
D/dalvikvm(20634): DexOpt: load 21ms, verify+opt 69ms, 588620 bytes
D/PackageManager(  844): Time to dexopt: 0.159 seconds
D/PackageManager(  844): !@killApplicatoin: 10176, update pkg
W/PackageManager(  844): Code path for pkg : leap.droidcord changing from /data/app/leap.droidcord-23.apk to /data/app/leap.droidcord-24.apk
W/PackageManager(  844): Resource path for pkg : leap.droidcord changing from /data/app/leap.droidcord-23.apk to /data/app/leap.droidcord-24.apk
D/PackageManager(  844): updateSettingsLI: 
D/EnterpriseDeviceManager(  844): ContainerId: 0
D/PackageManager(  844): New package installed in 
D/CustomFrequencyManagerService(  844): acquireDVFSLockLocked : type : DVFS_MIN_LIMIT  frequency : 1401600  uid : 1000  pid : 844  pkgName : SSRM_PKG_OPT@19
W/System.err(  844): java.util.zip.ZipException: Entry is not named
W/System.err(  844): 	at java.util.zip.ZipInputStream.getNextEntry(ZipInputStream.java:256)
W/System.err(  844): 	at com.android.server.ssrm.Unzipper.unzip(Unzipper.java:44)
W/System.err(  844): 	at com.android.server.ssrm.CustomFrequencyManagerService.stringCheckFromPms(CustomFrequencyManagerService.java:2337)
