I/dalvikvm(16258): Could not find method android.widget.Button.setAutoSizeTextTypeUniformWithPresetSizes, referenced from method androidx.appcompat.widget.AppCompatButton.setAutoSizeTextTypeUniformWithPresetSizes
W/dalvikvm(16258): VFY: unable to resolve virtual method 3314: Landroid/widget/Button;.setAutoSizeTextTypeUniformWithPresetSizes ([II)V
D/dalvikvm(16258): VFY: replacing opcode 0x6f at 0x0004
I/dalvikvm(16258): Could not find method android.widget.Button.setAutoSizeTextTypeWithDefaults, referenced from method androidx.appcompat.widget.AppCompatButton.setAutoSizeTextTypeWithDefaults
W/dalvikvm(16258): VFY: unable to resolve virtual method 3315: Landroid/widget/Button;.setAutoSizeTextTypeWithDefaults (I)V
D/dalvikvm(16258): VFY: replacing opcode 0x6f at 0x0004
D/ProgressBar(16258): setProgressDrawable drawableHeight = 0
I/dalvikvm-heap(16258): Grow heap (frag case) to 29.625MB for 4194320-byte allocation
D/PhoneStatusBar( 1037): setSemiTransparentMode=false, mTransparentMode=false, mSemiTransparentMode=false, mMultiWindowMode=false
D/StatusBarManagerService(  844): semi p:16258,o:f
I/SurfaceFlinger(  246): id=1611 createSurf (1x1),1 flag=404, EetailsActi
I/SpenGestureManager(  844): setFocusWindow21025
D/KeyguardUpdateMonitor( 1037): sendKeyguardVisibilityChanged(true)
D/KeyguardUpdateMonitor( 1037): handleKeyguardVisibilityChanged(1)
D/EnterpriseDeviceManager(  844): ContainerId: 0
D/STATUSBAR-StatusBarManagerService(  844): manageDisableList what=0x0 pkg=WindowManager.LayoutParams
D/KeyguardUpdateMonitor( 1037): sendKeyguardVisibilityChanged(true)
D/KeyguardUpdateMonitor( 1037): handleKeyguardVisibilityChanged(1)
D/PointerIcon(  844): setMouseIconStyle1 pointerType: 1001iconType:101 flag:0
D/PointerIcon(  844): setMouseCustomIcon IconType is same.101
D/PointerIcon(  844): setHoveringSpenIconStyle1 pointerType: 10001iconType:1 flag:0
D/PointerIcon(  844): setHoveringSpenCustomIcon IconType is same.1
D/KeyguardUpdateMonitor( 1037): sendKeyguardVisibilityChanged(true)
D/KeyguardUpdateMonitor( 1037): handleKeyguardVisibilityChanged(1)
D/KeyguardUpdateMonitor( 1037): sendKeyguardVisibilityChanged(true)
D/KeyguardUpdateMonitor( 1037): handleKeyguardVisibilityChanged(1)
W/ContextImpl(  844): Calling a method in the system process without a qualified user: android.app.ContextImpl.sendBroadcast:1509 com.android.server.InputMethodManagerService$4.run:2829 java.lang.Thread.run:841 <bottom of call stack> <bottom of call stack> 
D/KeyguardUpdateMonitor( 1037): sendKeyguardVisibilityChanged(true)
D/KeyguardUpdateMonitor( 1037): handleKeyguardVisibilityChanged(1)
D/KeyguardUpdateMonitor( 1037): sendKeyguardVisibilityChanged(true)
D/KeyguardUpdateMonitor( 1037): handleKeyguardVisibilityChanged(1)
D/dalvikvm(16258): GC_FOR_ALLOC freed 4257K, 28% free 23957K/32856K, paused 21ms, total 21ms
D/KeyguardUpdateMonitor( 1037): sendKeyguardVisibilityChanged(true)
D/KeyguardUpdateMonitor( 1037): handleKeyguardVisibilityChanged(1)
I/SurfaceFlinger(  246): id=1610 Removed NainActivit (6/12)
I/SurfaceFlinger(  246): id=1610 Removed NainActivit (-2/12)
D/CustomFrequencyManagerService(  844): releaseDVFSLockLocked : Getting Lock type frm List : DVFS_MIN_LIMIT  frequency : 1190400  uid : 1000  pid : 844  tag : ACTIVITY_RESUME_BOOSTER@6
W/ActivityManager(  844): mDVFSHelper.release()
D/KeyguardUpdateMonitor( 1037): sendKeyguardVisibilityChanged(true)
D/KeyguardUpdateMonitor( 1037): handleKeyguardVisibilityChanged(1)
D/CustomFrequencyManagerService(  844): acquireDVFSLockLocked : type : DVFS_MIN_LIMIT  frequency : 1190400  uid : 1000  pid : 844  pkgName : ACTIVITY_RESUME_BOOSTER@9
D/KeyguardUpdateMonitor( 1037): sendKeyguardVisibilityChanged(true)
D/KeyguardUpdateMonitor( 1037): handleKeyguardVisibilityChanged(1)
D/KeyguardUpdateMonitor( 1037): sendKeyguardVisibilityChanged(true)
D/KeyguardUpdateMonitor( 1037): handleKeyguardVisibilityChanged(1)
V/AudioPolicyManagerBase(  250): stopOutput() output 3, stream 1, session 1223
V/AudioPolicyManagerBase(  250): changeRefCount() stream 1, count 0
V/AudioPolicyManagerBase(  250): getNewDevice() selected device 0
V/AudioPolicyManagerBase(  250): setOutputDevice() output 3 device 0000 force 0 delayMs 100 
V/AudioPolicyManagerBase(  250): setOutputDevice() prevDevice (0002)
V/AudioPolicyManagerBase(  250): setOutputDevice() setting same device 0000 or null device for output 3
E/SMD     (  236): DCD ON
D/CustomFrequencyManagerService(  844): releaseDVFSLockLocked : Getting Lock type frm List : DVFS_MIN_LIMIT  frequency : 1190400  uid : 1000  pid : 844  tag : ACTIVITY_RESUME_BOOSTER@9
D/STATUSBAR-NetworkController( 1037): refreshSignalCluster - setNWBoosterIndicators(false)
D/STATUSBAR-NetworkController( 1037): refreshSignalCluster: data=-1 bt=false
D/STATUSBAR-IconMerger( 1037): checkOverflow(288), More:false, Req:false Child:3
D/AndroidRuntime(17000): 
D/AndroidRuntime(17000): >>>>>> AndroidRuntime START com.android.internal.os.RuntimeInit <<<<<<
D/AndroidRuntime(17000): CheckJNI is OFF
D/AndroidRuntime(17000): setted country_code = SPAIN
D/AndroidRuntime(17000): setted countryiso_code = ES
D/AndroidRuntime(17000): setted sales_code = PHE
D/AndroidRuntime(17000): readGMSProperty: start
D/AndroidRuntime(17000): readGMSProperty: already setted!!
D/AndroidRuntime(17000): readGMSProperty: end
D/AndroidRuntime(17000): addProductProperty: start
D/dalvikvm(17000): Trying to load lib libjavacore.so 0x0
D/dalvikvm(17000): Added shared lib libjavacore.so 0x0
D/dalvikvm(17000): Trying to load lib libnativehelper.so 0x0
D/dalvikvm(17000): Added shared lib libnativehelper.so 0x0
D/dalvikvm(17000): No JNI_OnLoad found in libnativehelper.so 0x0, skipping init
E/memtrack(17000): Couldn't load memtrack module (No such file or directory)
E/android.os.Debug(17000): failed to load memtrack module: -2
D/dalvikvm(17000): Note: class Landroid/app/ActivityManagerNative; has 192 unimplemented (abstract) methods
D/AndroidRuntime(17000): Calling main entry com.android.commands.am.Am
E/EnterpriseContainerManager(  844): ContainerPolicy Service is not yet ready!!!
D/EnterpriseDeviceManager(  844): ContainerId: 0
V/ApplicationPolicy(  844): isApplicationStateBlocked userId 0 pkgname leap.droidcord
D/CustomFrequencyManagerService(  844): acquireDVFSLockLocked : type : DVFS_MIN_LIMIT  frequency : 1190400  uid : 1000  pid : 844  pkgName : ACTIVITY_RESUME_BOOSTER@6
W/ActivityManager(  844): mDVFSHelper.acquire()
D/PhoneStatusBar( 1037): setTransGradationMode=false, mTransparentMode=false, mSemiTransparentMode=false, mMultiWindowMode=false
D/StatusBarManagerService(  844): tr p:844,o:f
I/SurfaceFlinger(  246): id=1612 createSurf (1x1),2 flag=404, eroidcord
D/KeyguardUpdateMonitor( 1037): sendKeyguardVisibilityChanged(true)
D/KeyguardUpdateMonitor( 1037): handleKeyguardVisibilityChanged(1)
D/KeyguardUpdateMonitor( 1037): sendKeyguardVisibilityChanged(true)
D/KeyguardUpdateMonitor( 1037): handleKeyguardVisibilityChanged(1)
D/AndroidRuntime(17000): Shutting down VM
D/dalvikvm(17000): GC_CONCURRENT freed 97K, 13% free 711K/812K, paused 0ms+0ms, total 3ms
I/SELinux (17032): Function: selinux_android_load_priority [0], There is no sepolicy file.
I/SELinux (17032):  
I/SELinux (17032): Function: selinux_android_load_priority [1], There is no sepolicy version file.
I/SELinux (17032):  
I/SELinux (17032): Function: selinux_android_load_priority , priority version is VE=SEPF_GT-I9301I_4.4.2_0055
I/SELinux (17032):  
I/SELinux (17032):  
I/SELinux (17032): selinux_android_seapp_context_reload: seapp_contexts file is loaded from /seapp_contexts
D/dalvikvm(17032): Late-enabling CheckJNI
D/PointerIcon(  844): setMouseIconStyle1 pointerType: 1001iconType:101 flag:0
D/PointerIcon(  844): setMouseCustomIcon IconType is same.101
D/PointerIcon(  844): setHoveringSpenIconStyle1 pointerType: 10001iconType:1 flag:0
D/PointerIcon(  844): setHoveringSpenCustomIcon IconType is same.1
D/KeyguardUpdateMonitor( 1037): sendKeyguardVisibilityChanged(true)
D/KeyguardUpdateMonitor( 1037): handleKeyguardVisibilityChanged(1)
I/dalvikvm(17032): Enabling JNI app bug workarounds for target SDK version 9...
D/dalvikvm(  247): GC_EXPLICIT freed 43K, 60% free 7753K/19104K, paused 2ms+3ms, total 25ms
D/KeyguardUpdateMonitor( 1037): sendKeyguardVisibilityChanged(true)
D/KeyguardUpdateMonitor( 1037): handleKeyguardVisibilityChanged(1)
D/KeyguardUpdateMonitor( 1037): sendKeyguardVisibilityChanged(true)
D/EnterpriseDeviceManager(  844): ContainerId: 0
D/KeyguardUpdateMonitor( 1037): handleKeyguardVisibilityChanged(1)
V/PhoneStatusBar( 1037): setLightsOn(true)
D/KeyguardUpdateMonitor( 1037): sendKeyguardVisibilityChanged(true)
D/KeyguardUpdateMonitor( 1037): handleKeyguardVisibilityChanged(1)
D/STATUSBAR-StatusBarManagerService(  844): manageDisableList what=0x0 pkg=WindowManager.LayoutParams
D/dalvikvm(  247): GC_EXPLICIT freed <1K, 60% free 7753K/19104K, paused 1ms+5ms, total 22ms
D/KeyguardUpdateMonitor( 1037): sendKeyguardVisibilityChanged(true)
D/KeyguardUpdateMonitor( 1037): handleKeyguardVisibilityChanged(1)
D/dalvikvm(  247): GC_EXPLICIT freed <1K, 60% free 7753K/19104K, paused 2ms+2ms, total 21ms
W/System.err(17032): Error: JSONException: Empty text
D/CustomFrequencyManagerService(  844): releaseDVFSLockLocked : Getting Lock type frm List : DVFS_MIN_LIMIT  frequency : 1190400  uid : 1000  pid : 844  tag : ACTIVITY_RESUME_BOOSTER@6
W/ActivityManager(  844): mDVFSHelper.release()
D/CustomFrequencyManagerService(  844): acquireDVFSLockLocked : type : DVFS_MIN_LIMIT  frequency : 1190400  uid : 1000  pid : 844  pkgName : ACTIVITY_RESUME_BOOSTER@9
D/ProgressBar(17032): setProgressDrawable drawableHeight = 0
D/PhoneStatusBar( 1037): setTransGradationMode=false, mTransparentMode=false, mSemiTransparentMode=false, mMultiWindowMode=false
D/StatusBarManagerService(  844): tr p:17032,o:f
D/AbsListView(17032): Get MotionRecognitionManager
D/MotionRecognitionService(  844):  ssp status : false
D/AbsListView(17032): Get MotionRecognitionManager
D/AbsListView(17032): onVisibilityChanged() is called, visibility : 8
D/AbsListView(17032): unregisterIRListener() is called 
D/AbsListView(17032): onVisibilityChanged() is called, visibility : 0
D/AbsListView(17032): unregisterIRListener() is called 
D/AbsListView(17032): onVisibilityChanged() is called, visibility : 8
D/AbsListView(17032): unregisterIRListener() is called 
I/System.out(17032): Thread-1(HTTPLog):isShipBuild true
I/System.out(17032): Thread-1(HTTPLog):SmartBonding Enabling is false, SHIP_BUILD is true, log to file is false, DBG is false
D/KeyguardUpdateMonitor( 1037): sendKeyguardVisibilityChanged(true)
D/KeyguardUpdateMonitor( 1037): handleKeyguardVisibilityChanged(1)
I/SurfaceFlinger(  246): id=1611 Removed EetailsActi (7/12)
I/SurfaceFlinger(  246): id=1611 Removed EetailsActi (-2/12)
D/KeyguardUpdateMonitor( 1037): sendKeyguardVisibilityChanged(true)
D/KeyguardUpdateMonitor( 1037): handleKeyguardVisibilityChanged(1)
D/AbsListView(17032): onVisibilityChanged() is called, visibility : 4
D/AbsListView(17032): unregisterIRListener() is called 
D/AbsListView(17032): onVisibilityChanged() is called, visibility : 4
D/PhoneStatusBar( 1037): setSemiTransparentMode=false, mTransparentMode=false, mSemiTransparentMode=false, mMultiWindowMode=false
D/AbsListView(17032): unregisterIRListener() is called 
D/StatusBarManagerService(  844): semi p:17032,o:f
D/AbsListView(17032): onVisibilityChanged() is called, visibility : 0
D/AbsListView(17032): unregisterIRListener() is called 
D/AbsListView(17032): onVisibilityChanged() is called, visibility : 0
D/AbsListView(17032): unregisterIRListener() is called 
I/SurfaceFlinger(  246): id=1613 createSurf (1x1),2 flag=404, NainActivit
I/SpenGestureManager(  844): setFocusWindow21030
D/KeyguardUpdateMonitor( 1037): sendKeyguardVisibilityChanged(true)
D/KeyguardUpdateMonitor( 1037): handleKeyguardVisibilityChanged(1)
D/KeyguardUpdateMonitor( 1037): sendKeyguardVisibilityChanged(true)
D/KeyguardUpdateMonitor( 1037): handleKeyguardVisibilityChanged(1)
D/PointerIcon(  844): setMouseIconStyle1 pointerType: 1001iconType:101 flag:0
D/PointerIcon(  844): setMouseCustomIcon IconType is same.101
D/PointerIcon(  844): setHoveringSpenIconStyle1 pointerType: 10001iconType:1 flag:0
D/PointerIcon(  844): setHoveringSpenCustomIcon IconType is same.1
D/ProgressBar(17032): updateDrawableBounds: left = 0
D/ProgressBar(17032): updateDrawableBounds: top = 0
D/ProgressBar(17032): updateDrawableBounds: right = 32
D/ProgressBar(17032): updateDrawableBounds: bottom = 32
D/ProgressBar(17032): updateDrawableBounds: left = 0
D/ProgressBar(17032): updateDrawableBounds: top = 0
D/ProgressBar(17032): updateDrawableBounds: right = 658
D/ProgressBar(17032): updateDrawableBounds: bottom = 40
D/ProgressBar(17032): updateDrawableBounds: mProgressDrawable.setBounds()
D/AbsListView(17032): unregisterIRListener() is called 
D/AbsListView(17032): unregisterIRListener() is called 
D/KeyguardUpdateMonitor( 1037): sendKeyguardVisibilityChanged(true)
D/KeyguardUpdateMonitor( 1037): handleKeyguardVisibilityChanged(1)
D/KeyguardUpdateMonitor( 1037): sendKeyguardVisibilityChanged(true)
D/KeyguardUpdateMonitor( 1037): handleKeyguardVisibilityChanged(1)
W/ContextImpl(  844): Calling a method in the system process without a qualified user: android.app.ContextImpl.sendBroadcast:1509 com.android.server.InputMethodManagerService$4.run:2829 java.lang.Thread.run:841 <bottom of call stack> <bottom of call stack> 
D/AbsListView(17032): unregisterIRListener() is called 
D/KeyguardUpdateMonitor( 1037): sendKeyguardVisibilityChanged(true)
D/KeyguardUpdateMonitor( 1037): handleKeyguardVisibilityChanged(1)
D/KeyguardUpdateMonitor( 1037): sendKeyguardVisibilityChanged(true)
D/KeyguardUpdateMonitor( 1037): handleKeyguardVisibilityChanged(1)
D/KeyguardUpdateMonitor( 1037): sendKeyguardVisibilityChanged(true)
D/KeyguardUpdateMonitor( 1037): handleKeyguardVisibilityChanged(1)
D/KeyguardUpdateMonitor( 1037): sendKeyguardVisibilityChanged(true)
D/KeyguardUpdateMonitor( 1037): handleKeyguardVisibilityChanged(1)
I/SurfaceFlinger(  246): id=1612 Removed eroidcord (10/12)
I/SurfaceFlinger(  246): id=1612 Removed eroidcord (-2/12)
D/KeyguardUpdateMonitor( 1037): sendKeyguardVisibilityChanged(true)
D/KeyguardUpdateMonitor( 1037): handleKeyguardVisibilityChanged(1)
I/SELinux (17061): Function: selinux_android_load_priority [0], There is no sepolicy file.
I/SELinux (17061):  
I/SELinux (17061): Function: selinux_android_load_priority [1], There is no sepolicy version file.
I/SELinux (17061):  
I/SELinux (17061): Function: selinux_android_load_priority , priority version is VE=SEPF_GT-I9301I_4.4.2_0055
I/SELinux (17061):  
I/SELinux (17061):  
I/SELinux (17061): selinux_android_seapp_context_reload: seapp_contexts file is loaded from /seapp_contexts
D/CustomFrequencyManagerService(  844): releaseDVFSLockLocked : Getting Lock type frm List : DVFS_MIN_LIMIT  frequency : 1190400  uid : 1000  pid : 844  tag : ACTIVITY_RESUME_BOOSTER@9
V/audio_hw_primary(  250): out_standby: enter: usecase(1: low-latency-playback)
V/audio_hw_primary(  250): stop_output_stream: enter: usecase(1: low-latency-playback)
V/audio_hw_primary(  250): disable_audio_route: enter: usecase(1)
V/audio_hw_primary(  250): disable_audio_route: reset mixer path: low-latency-playback
D/audio_route(  250): ++++ audio_route_update_mixer ==============
D/audio_route(  250): Setting mixer control: SLIMBUS_0_RX Audio Mixer MultiMedia5, value: 0
D/audio_route(  250): ------ audio_route_update_mixer ==============
V/audio_hw_primary(  250): disable_audio_route: exit
V/audio_hw_primary(  250): disable_snd_device: snd_device(2: speaker)
D/audio_route(  250): ++++ audio_route_update_mixer ==============
D/audio_route(  250): Setting mixer control: RX4 Digital Volume, value: 84
D/audio_route(  250): Setting mixer control: RX4 MIX1 INP1, value: 0
D/audio_route(  250): Setting mixer control: SPK DAC Switch, value: 0
D/audio_route(  250): Setting mixer control: SLIM RX1 MUX, value: 0
D/audio_route(  250): ------ audio_route_update_mixer ==============
V/audio_hw_primary(  250): stop_output_stream: exit: status(0)
V/audio_hw_primary(  250): out_standby: exit
D/STATUSBAR-NetworkController( 1037): refreshSignalCluster - setNWBoosterIndicators(false)
D/STATUSBAR-NetworkController( 1037): refreshSignalCluster: data=-1 bt=false
D/STATUSBAR-IconMerger( 1037): checkOverflow(288), More:false, Req:false Child:3
E/SMD     (  236): DCD ON
D/AbsListView(17032): unregisterIRListener() is called 
D/AbsListView(17032): unregisterIRListener() is called 
D/AbsListView(17032): unregisterIRListener() is called 
D/SSRMv2:SIOP(  844): SIOP:: AP = 320, Delta = 10
D/AndroidRuntime(17032): Shutting down VM
W/dalvikvm(17032): threadid=1: thread exiting with uncaught exception (group=0x41713da0)
E/AndroidRuntime(17032): FATAL EXCEPTION: main
E/AndroidRuntime(17032): Process: leap.droidcord, PID: 17032
E/AndroidRuntime(17032): java.lang.NullPointerException
E/AndroidRuntime(17032): 	at leap.droidcord.State$1.run(State.java:177)
E/AndroidRuntime(17032): 	at android.os.Handler.handleCallback(Handler.java:733)
E/AndroidRuntime(17032): 	at android.os.Handler.dispatchMessage(Handler.java:95)
E/AndroidRuntime(17032): 	at android.os.Looper.loop(Looper.java:136)
E/AndroidRuntime(17032): 	at android.app.ActivityThread.main(ActivityThread.java:5476)
E/AndroidRuntime(17032): 	at java.lang.reflect.Method.invokeNative(Native Method)
E/AndroidRuntime(17032): 	at java.lang.reflect.Method.invoke(Method.java:515)
E/AndroidRuntime(17032): 	at com.android.internal.os.ZygoteInit$MethodAndArgsCaller.run(ZygoteInit.java:1283)
E/AndroidRuntime(17032): 	at com.android.internal.os.ZygoteInit.main(ZygoteInit.java:1099)
E/AndroidRuntime(17032): 	at dalvik.system.NativeStart.main(Native Method)
W/ActivityManager(  844):   Force finishing activity leap.droidcord/.MainActivity
E/android.os.Debug(  844): !@sDumpstate is still running
I/SpenGestureManager(  844): setFocusWindow0
D/EnterpriseDeviceManager(  844): ContainerId: 0
D/STATUSBAR-StatusBarManagerService(  844): manageDisableList what=0x0 pkg=WindowManager.LayoutParams
D/PointerIcon(  844): setMouseIconStyle1 pointerType: 1001iconType:101 flag:0
D/PointerIcon(  844): setMouseCustomIcon IconType is same.101
D/PointerIcon(  844): setHoveringSpenIconStyle1 pointerType: 10001iconType:1 flag:0
D/PointerIcon(  844): setHoveringSpenCustomIcon IconType is same.1
D/CrashAnrDetector(  844): processName: leap.droidcord
D/CrashAnrDetector(  844): broadcastEvent : leap.droidcord data_app_crash
W/ContextImpl(  844): Calling a method in the system process without a qualified user: android.app.ContextImpl.sendBroadcast:1523 com.android.server.analytics.data.collection.application.CrashAnrDetector.broadcastEvent:296 com.android.server.analytics.data.collection.application.CrashAnrDetector.processDropBoxEntry:254 com.android.server.analytics.data.collection.application.CrashAnrDetector.access$100:60 com.android.server.analytics.data.collection.application.CrashAnrDetector$1.onReceive:102 
I/SurfaceFlinger(  246): id=1614 createSurf (1x1),1 flag=4, eroidcord
D/KeyguardUpdateMonitor( 1037): sendKeyguardVisibilityChanged(true)
D/KeyguardUpdateMonitor( 1037): handleKeyguardVisibilityChanged(1)
D/KeyguardUpdateMonitor( 1037): sendKeyguardVisibilityChanged(true)
D/KeyguardUpdateMonitor( 1037): handleKeyguardVisibilityChanged(1)
D/KeyguardUpdateMonitor( 1037): sendKeyguardVisibilityChanged(true)
D/KeyguardUpdateMonitor( 1037): handleKeyguardVisibilityChanged(1)
D/KeyguardUpdateMonitor( 1037): sendKeyguardVisibilityChanged(true)
D/KeyguardUpdateMonitor( 1037): handleKeyguardVisibilityChanged(1)
D/KeyguardUpdateMonitor( 1037): sendKeyguardVisibilityChanged(true)
D/KeyguardUpdateMonitor( 1037): handleKeyguardVisibilityChanged(1)
D/CustomFrequencyManagerService(  844): acquireDVFSLockLocked : type : DVFS_MIN_LIMIT  frequency : 1190400  uid : 1000  pid : 844  pkgName : ACTIVITY_RESUME_BOOSTER@6
W/ActivityManager(  844): mDVFSHelper.acquire()
D/KeyguardUpdateMonitor( 1037): sendKeyguardVisibilityChanged(true)
D/KeyguardUpdateMonitor( 1037): handleKeyguardVisibilityChanged(1)
D/KeyguardUpdateMonitor( 1037): sendKeyguardVisibilityChanged(true)
D/KeyguardUpdateMonitor( 1037): handleKeyguardVisibilityChanged(1)
D/PhoneStatusBar( 1037): setSemiTransparentMode=false, mTransparentMode=false, mSemiTransparentMode=false, mMultiWindowMode=false
D/StatusBarManagerService(  844): semi p:16258,o:f
I/SurfaceFlinger(  246): id=1615 createSurf (720x1280),1 flag=404, EetailsActi
D/KeyguardUpdateMonitor( 1037): sendKeyguardVisibilityChanged(true)
D/KeyguardUpdateMonitor( 1037): handleKeyguardVisibilityChanged(1)
D/KeyguardUpdateMonitor( 1037): sendKeyguardVisibilityChanged(true)
D/KeyguardUpdateMonitor( 1037): handleKeyguardVisibilityChanged(1)
D/KeyguardUpdateMonitor( 1037): sendKeyguardVisibilityChanged(true)
D/KeyguardUpdateMonitor( 1037): handleKeyguardVisibilityChanged(1)
D/KeyguardUpdateMonitor( 1037): sendKeyguardVisibilityChanged(true)
D/KeyguardUpdateMonitor( 1037): handleKeyguardVisibilityChanged(1)
D/CustomFrequencyManagerService(  844): releaseDVFSLockLocked : Getting Lock type frm List : DVFS_MIN_LIMIT  frequency : 1190400  uid : 1000  pid : 844  tag : ACTIVITY_RESUME_BOOSTER@6
W/ActivityManager(  844): mDVFSHelper.release()
D/CustomFrequencyManagerService(  844): acquireDVFSLockLocked : type : DVFS_MIN_LIMIT  frequency : 1190400  uid : 1000  pid : 844  pkgName : ACTIVITY_RESUME_BOOSTER@9
D/KeyguardUpdateMonitor( 1037): sendKeyguardVisibilityChanged(true)
D/KeyguardUpdateMonitor( 1037): handleKeyguardVisibilityChanged(1)
D/KeyguardUpdateMonitor( 1037): sendKeyguardVisibilityChanged(true)
D/KeyguardUpdateMonitor( 1037): handleKeyguardVisibilityChanged(1)
D/KeyguardUpdateMonitor( 1037): sendKeyguardVisibilityChanged(true)
D/KeyguardUpdateMonitor( 1037): handleKeyguardVisibilityChanged(1)
I/dumpstate(16932): done
D/CustomFrequencyManagerService(  844): releaseDVFSLockLocked : Getting Lock type frm List : DVFS_MIN_LIMIT  frequency : 1190400  uid : 1000  pid : 844  tag : ACTIVITY_RESUME_BOOSTER@9
D/STATUSBAR-NetworkController( 1037): refreshSignalCluster - setNWBoosterIndicators(false)
D/STATUSBAR-NetworkController( 1037): refreshSignalCluster: data=-1 bt=false
D/STATUSBAR-IconMerger( 1037): checkOverflow(288), More:false, Req:false Child:3
E/SMD     (  236): DCD ON
I/InputReader(  844): Touch event's action is 0x0 (deviceType=0) [pCnt=1, s=0.1496 ] when=39613528555000
I/InputDispatcher(  844): Delivering touch to: action: 0x4, toolType: 1
I/InputDispatcher(  844): Delivering touch to: action: 0x0, toolType: 1
I/InputReader(  844): Touch event's action is 0x1 (deviceType=0) [pCnt=1, s=] when=39613613724000
I/InputDispatcher(  844): Delivering touch to: action: 0x1, toolType: 1
I/AudioPolicyManagerBase(  250): getSituationVolume: isBTConnected:0 isHeadConnected:0
V/AudioPolicyManagerBase(  250): getParamFromPolicy  deviceInt = 0, situationInt = 1, situationVolume = 1.000000
V/AudioPolicyManagerBase(  250): getOutput() device 2, stream 1, samplingRate 0, format 0, channelMask 3, flags 0
V/AudioPolicyManagerBase(  250): getOutputsForDevice device 0002 -> 0002
V/AudioPolicyManagerBase(  250): selectOutput() output 2 outputDesc->mProfile->mFlags 0002 flags 0000
V/AudioPolicyManagerBase(  250): selectOutput() output 3 outputDesc->mProfile->mFlags 0004 flags 0000
V/AudioPolicyManagerBase(  250): getOutput() returns output 2
V/AudioPolicyManagerBase(  250): getOutput() device 2, stream 1, samplingRate 0, format 0, channelMask 3, flags 0
V/AudioPolicyManagerBase(  250): getOutputsForDevice device 0002 -> 0002
V/AudioPolicyManagerBase(  250): selectOutput() output 2 outputDesc->mProfile->mFlags 0002 flags 0000
V/AudioPolicyManagerBase(  250): selectOutput() output 3 outputDesc->mProfile->mFlags 0004 flags 0000
V/AudioPolicyManagerBase(  250): getOutput() returns output 2
V/AudioPolicyManagerBase(  250): getOutput() device 2, stream 1, samplingRate 44100, format 1, channelMask 3, flags 4
V/AudioPolicyManagerBase(  250): getOutputsForDevice device 0002 -> 0002
V/AudioPolicyManagerBase(  250): selectOutput() output 2 outputDesc->mProfile->mFlags 0002 flags 0004
V/AudioPolicyManagerBase(  250): selectOutput() output 3 outputDesc->mProfile->mFlags 0004 flags 0004
V/AudioPolicyManagerBase(  250): selectOutput() commonFlags for output 3, 0001
V/AudioPolicyManagerBase(  250): getOutput() returns output 3
V/AudioPolicyManagerBase(  250): startOutput() output 3, stream 1, session 1224
V/AudioPolicyManagerBase(  250): changeRefCount() stream 1, count 1
V/AudioPolicyManagerBase(  250): getNewDevice() selected device 2
V/AudioPolicyManagerBase(  250): setOutputDevice() output 3 device 0002 force 0 delayMs 0 
V/AudioPolicyManagerBase(  250): setOutputDevice() prevDevice (0002)
V/AudioPolicyManagerBase(  250): setOutputDevice() setting same device 0002 or null device for output 3
E/AudioResampler(  250): Unsupported sample format, 1 bits, 2 channels
D/AudioResampler(  250): AudioResamplerOrder1::resample common!!!!!
D/AudioResampler(  250): new common resampler(44100 -> 48000, 2, 2)
V/AudioPolicyManagerBase(  250): releaseOutput() 3
V/audio_hw_primary(  250): start_output_stream: enter: usecase(1: low-latency-playback) devices(0x2)
V/audio_hw_primary(  250): select_devices: ENTER
V/audio_hw_primary(  250): select_devices: usecase(normal)
V/audio_hw_primary(  250): select_devices: usecase(PCM_PLAYBACK)
V/msm8974_platform(  250): platform_get_output_snd_device: enter: output devices(0x2)
V/msm8974_platform(  250): get_OUTPUT_snd_device: for Normal Playback
V/msm8974_platform(  250): platform_get_output_snd_device: exit: snd_device(speaker)
D/audio_hw_primary(  250): select_devices: out_snd_device(2: speaker)
D/audio_hw_primary(  250): select_devices: in_snd_device(0: dummy)
D/ACDB-LOADER(  250): ACDB -> send_audio_cal, acdb_id = 15, path =  0
D/ACDB-LOADER(  250): ACDB -> send_adm_topology
D/ACDB-LOADER(  250): ACDB -> ACDB_CMD_GET_AUDPROC_COMMON_TOPOLOGY_ID
D/ACDB-LOADER(  250): ACDB -> send_audtable
D/ACDB-LOADER(  250): ACDB -> ACDB_CMD_GET_AUDPROC_COMMON_TABLE
D/ACDB-LOADER(  250): ACDB -> AUDIO_SET_AUDPROC_CAL
D/ACDB-LOADER(  250): ACDB -> send_audvoltable
D/ACDB-LOADER(  250): ACDB -> ACDB_CMD_GET_AUDPROC_GAIN_DEP_STEP_TABLE
D/ACDB-LOADER(  250): ACDB -> AUDIO_SET_AUDPROC_VOL_CAL
D/ACDB-LOADER(  250): ACDB -> send_afe_cal
D/ACDB-LOADER(  250): ACDB -> ACDB_CMD_GET_AFE_COMMON_TABLE
D/ACDB-LOADER(  250): ACDB -> AUDIO_SET_AFE_CAL
V/audio_hw_primary(  250): enable_snd_device: snd_device(2: speaker, speaker)
D/audio_route(  250): ++++ audio_route_update_mixer ==============
D/audio_route(  250): Setting mixer control: RX4 Digital Volume, value: 83
D/audio_route(  250): Setting mixer control: RX4 MIX1 INP1, value: 5
D/audio_route(  250): Setting mixer control: SPK DAC Switch, value: 1
D/audio_route(  250): Setting mixer control: SLIM RX1 MUX, value: 1
D/audio_route(  250): ------ audio_route_update_mixer ==============
V/audio_hw_primary(  250): enable_audio_route: enter: usecase(1)
V/audio_hw_primary(  250): enable_audio_route: apply mixer path: low-latency-playback
D/audio_route(  250): ++++ audio_route_update_mixer ==============
D/audio_route(  250): Setting mixer control: SLIMBUS_0_RX Audio Mixer MultiMedia5, value: 1
D/audio_route(  250): ------ audio_route_update_mixer ==============
V/audio_hw_primary(  250): enable_audio_route: exit
V/audio_hw_primary(  250): start_output_stream: Opening PCM device card_id(0) device_id(15)
D/SoundAliveResampler(  250): [SoundAliveResampler] Init+++
I/SpenGestureManager(  844): setFocusWindow21030
V/audio_hw_primary(  250): start_output_stream: exit
D/EnterpriseDeviceManager(  844): ContainerId: 0
D/KeyguardUpdateMonitor( 1037): sendKeyguardVisibilityChanged(true)
D/KeyguardUpdateMonitor( 1037): handleKeyguardVisibilityChanged(1)
D/STATUSBAR-StatusBarManagerService(  844): manageDisableList what=0x0 pkg=WindowManager.LayoutParams
D/PointerIcon(  844): setMouseIconStyle1 pointerType: 1001iconType:101 flag:0
D/PointerIcon(  844): setMouseCustomIcon IconType is same.101
D/PointerIcon(  844): setHoveringSpenIconStyle1 pointerType: 10001iconType:1 flag:0
D/PointerIcon(  844): setHoveringSpenCustomIcon IconType is same.1
E/ViewRootImpl(  844): sendUserActionEvent() mView == null
D/KeyguardUpdateMonitor( 1037): sendKeyguardVisibilityChanged(true)
D/KeyguardUpdateMonitor( 1037): handleKeyguardVisibilityChanged(1)
I/Process (17032): Sending signal. PID: 17032 SIG: 9
W/ContextImpl(  844): Calling a method in the system process without a qualified user: android.app.ContextImpl.sendBroadcast:1509 com.android.server.InputMethodManagerService$4.run:2829 java.lang.Thread.run:841 <bottom of call stack> <bottom of call stack> 
I/ActivityManager(  844): Process leap.droidcord (pid 17032) (adj 9) has died.
I/WindowState(  844): WIN DEATH: Window{43093638 u0 leap.droidcord/leap.droidcord.MainActivity}
I/SurfaceFlinger(  246): id=1613 Removed NainActivit (10/13)
D/KeyguardUpdateMonitor( 1037): sendKeyguardVisibilityChanged(true)
D/KeyguardUpdateMonitor( 1037): handleKeyguardVisibilityChanged(1)
I/SurfaceFlinger(  246): id=1613 Removed NainActivit (-2/13)
D/KeyguardUpdateMonitor( 1037): sendKeyguardVisibilityChanged(true)
D/KeyguardUpdateMonitor( 1037): handleKeyguardVisibilityChanged(1)
I/SurfaceFlinger(  246): id=1614 Removed eroidcord (11/12)
I/SurfaceFlinger(  246): id=1614 Removed eroidcord (-2/12)
D/KeyguardUpdateMonitor( 1037): sendKeyguardVisibilityChanged(true)
D/KeyguardUpdateMonitor( 1037): handleKeyguardVisibilityChanged(1)
W/ProcessCpuTracker(  844): Skipping unknown process pid 17107
D/STATUSBAR-NetworkController( 1037): refreshSignalCluster - setNWBoosterIndicators(false)
D/STATUSBAR-NetworkController( 1037): refreshSignalCluster: data=-1 bt=false
W/ProcessCpuTracker(  844): Skipping unknown process pid 17108
W/ProcessCpuTracker(  844): Skipping unknown process pid 17119
D/STATUSBAR-IconMerger( 1037): checkOverflow(288), More:false, Req:false Child:3
V/AudioPolicyManagerBase(  250): stopOutput() output 3, stream 1, session 1224
V/AudioPolicyManagerBase(  250): changeRefCount() stream 1, count 0
V/AudioPolicyManagerBase(  250): getNewDevice() selected device 0
V/AudioPolicyManagerBase(  250): setOutputDevice() output 3 device 0000 force 0 delayMs 100 
V/AudioPolicyManagerBase(  250): setOutputDevice() prevDevice (0002)
V/AudioPolicyManagerBase(  250): setOutputDevice() setting same device 0000 or null device for output 3
D/STATUSBAR-NetworkController( 1037): refreshSignalCluster - setNWBoosterIndicators(false)
D/STATUSBAR-NetworkController( 1037): refreshSignalCluster: data=-1 bt=false
D/STATUSBAR-IconMerger( 1037): checkOverflow(288), More:false, Req:false Child:3
E/SMD     (  236): DCD ON
D/STATUSBAR-NetworkController( 1037): refreshSignalCluster - setNWBoosterIndicators(false)
D/STATUSBAR-NetworkController( 1037): refreshSignalCluster: data=-1 bt=false
D/STATUSBAR-IconMerger( 1037): checkOverflow(288), More:false, Req:false Child:3
V/audio_hw_primary(  250): out_standby: enter: usecase(1: low-latency-playback)
V/audio_hw_primary(  250): stop_output_stream: enter: usecase(1: low-latency-playback)
V/audio_hw_primary(  250): disable_audio_route: enter: usecase(1)
V/audio_hw_primary(  250): disable_audio_route: reset mixer path: low-latency-playback
D/audio_route(  250): ++++ audio_route_update_mixer ==============
D/audio_route(  250): Setting mixer control: SLIMBUS_0_RX Audio Mixer MultiMedia5, value: 0
D/audio_route(  250): ------ audio_route_update_mixer ==============
V/audio_hw_primary(  250): disable_audio_route: exit
V/audio_hw_primary(  250): disable_snd_device: snd_device(2: speaker)
D/audio_route(  250): ++++ audio_route_update_mixer ==============
D/audio_route(  250): Setting mixer control: RX4 Digital Volume, value: 84
D/audio_route(  250): Setting mixer control: RX4 MIX1 INP1, value: 0
D/audio_route(  250): Setting mixer control: SPK DAC Switch, value: 0
D/audio_route(  250): Setting mixer control: SLIM RX1 MUX, value: 0
D/audio_route(  250): ------ audio_route_update_mixer ==============
V/audio_hw_primary(  250): stop_output_stream: exit: status(0)
V/audio_hw_primary(  250): out_standby: exit
D/STATUSBAR-NetworkController( 1037): refreshSignalCluster - setNWBoosterIndicators(false)
D/STATUSBAR-NetworkController( 1037): refreshSignalCluster: data=-1 bt=false
D/STATUSBAR-IconMerger( 1037): checkOverflow(288), More:false, Req:false Child:3
E/SMD     (  236): DCD ON
D/STATUSBAR-NetworkController( 1037): refreshSignalCluster - setNWBoosterIndicators(false)
D/STATUSBAR-NetworkController( 1037): refreshSignalCluster: data=-1 bt=false
D/STATUSBAR-IconMerger( 1037): checkOverflow(288), More:false, Req:false Child:3
D/SSRMv2:SIOP(  844): SIOP:: AP = 310, Delta = -10
D/STATUSBAR-NetworkController( 1037): onSignalStrengthsChanged signalStrength=SignalStrength: 21 -1 -1 -1 -1 -1 -1 99 2147483647 2147483647 2147483647 -1 2147483647 gsm|lte 0x4 level=4
E/Watchdog(  844): !@Sync 1320
E/SMD     (  236): DCD ON
D/STATUSBAR-NetworkController( 1037): refreshSignalCluster - setNWBoosterIndicators(false)
D/STATUSBAR-NetworkController( 1037): refreshSignalCluster: data=-1 bt=false
D/STATUSBAR-IconMerger( 1037): checkOverflow(288), More:false, Req:false Child:3
E/SMD     (  236): DCD ON
D/STATUSBAR-NetworkController( 1037): refreshSignalCluster - setNWBoosterIndicators(false)
D/STATUSBAR-NetworkController( 1037): refreshSignalCluster: data=-1 bt=false
D/STATUSBAR-IconMerger( 1037): checkOverflow(288), More:false, Req:false Child:3
D/STATUSBAR-NetworkController( 1037): onSignalStrengthsChanged signalStrength=SignalStrength: 22 -1 -1 -1 -1 -1 -1 99 2147483647 2147483647 2147483647 -1 2147483647 gsm|lte 0x4 level=4
D/STATUSBAR-NetworkController( 1037): refreshSignalCluster - setNWBoosterIndicators(false)
D/STATUSBAR-NetworkController( 1037): refreshSignalCluster: data=-1 bt=false
E/SMD     (  236): DCD ON
D/STATUSBAR-IconMerger( 1037): checkOverflow(288), More:false, Req:false Child:3
D/STATUSBAR-NetworkController( 1037): refreshSignalCluster - setNWBoosterIndicators(false)
D/STATUSBAR-NetworkController( 1037): refreshSignalCluster: data=-1 bt=false
D/STATUSBAR-IconMerger( 1037): checkOverflow(288), More:false, Req:false Child:3
D/SSRMv2:SIOP(  844): SIOP:: AP = 300, Delta = -10
E/SMD     (  236): DCD ON
D/AndroidRuntime(17138): 
D/AndroidRuntime(17138): >>>>>> AndroidRuntime START com.android.internal.os.RuntimeInit <<<<<<
D/AndroidRuntime(17138): CheckJNI is OFF
D/AndroidRuntime(17138): setted country_code = SPAIN
D/AndroidRuntime(17138): setted countryiso_code = ES
D/AndroidRuntime(17138): setted sales_code = PHE
D/AndroidRuntime(17138): readGMSProperty: start
D/AndroidRuntime(17138): readGMSProperty: already setted!!
D/AndroidRuntime(17138): readGMSProperty: end
D/AndroidRuntime(17138): addProductProperty: start
D/dalvikvm(17138): Trying to load lib libjavacore.so 0x0
D/dalvikvm(17138): Added shared lib libjavacore.so 0x0
D/dalvikvm(17138): Trying to load lib libnativehelper.so 0x0
D/dalvikvm(17138): Added shared lib libnativehelper.so 0x0
D/dalvikvm(17138): No JNI_OnLoad found in libnativehelper.so 0x0, skipping init
E/memtrack(17138): Couldn't load memtrack module (No such file or directory)
E/android.os.Debug(17138): failed to load memtrack module: -2
D/dalvikvm(17138): Note: class Landroid/app/ActivityManagerNative; has 192 unimplemented (abstract) methods
D/AndroidRuntime(17138): Calling main entry com.android.commands.pm.Pm
E/EnterpriseContainerManager(  844): ContainerPolicy Service is not yet ready!!!
D/EnterpriseDeviceManager(  844): ContainerId: 0
V/PackageManager(  844): Install from ADB
D/PackageManager(  844): START_PACKAGE_INSTALL: observer{1112886360}
D/PackageManager(  844):           PackageURI{file:///data/local/tmp/app-debug.apk}
D/PackageManager(  844): [MSG] INIT_COPY: observer{1112886360}
D/PackageManager(  844):           idx{0}
D/PackageManager(  844):           for_user{UserHandle{-1}}
D/PackageManager(  844): Trying to bind to DefaultContainerService
D/PackageManager(  844): onServiceConnected
D/PackageManager(  844): [MSG] MCS_BOUND
D/PackageManager(  844): [MSG] MCS_BOUND: observer{1112886360}
D/PackageManager(  844):           for_user{UserHandle{-1}}
D/PackageManager(  844): Found 1 verifiers for intent Intent { act=android.intent.action.PACKAGE_NEEDS_VERIFICATION dat=file:///data/local/tmp/app-debug.apk typ=application/vnd.android.package-archive flg=0x1 } with 0 optional verifiers
I/HarmonyEASService(  844): Updating for all 1
D/Finsky  (29048): [1] PackageVerificationReceiver.onReceive: Verification requested, id = 64
D/Finsky  (29048): [1] WorkerTask.onPreExecute: Verification Requested for id = 64, data=file:///data/local/tmp/app-debug.apk flags=114 fromVerificationActivity=false
I/PackageManager(  844): remove MCS_UNBIND message and Posting MCS_UNBIND 10 secs later
D/STATUSBAR-NetworkController( 1037): refreshSignalCluster - setNWBoosterIndicators(false)
D/STATUSBAR-NetworkController( 1037): refreshSignalCluster: data=-1 bt=false
D/STATUSBAR-IconMerger( 1037): checkOverflow(288), More:false, Req:false Child:3
D/dalvikvm(29048): GC_CONCURRENT freed 2682K, 52% free 9189K/19104K, paused 3ms+3ms, total 33ms
I/qtaguid (29048): Failed write_ctrl(u 67) res=-1 errno=22
I/qtaguid (29048): Untagging socket 67 failed errno=-22
W/NetworkManagementSocketTagger(29048): untagSocket(67) failed with errno -22
I/System.out(29048): Thread-1690 calls detatch()
D/Finsky  (29048): [1] 2.onResponse: Verification id=64 response=0
D/PackageManager(  844): [MSG] PACKAGE_VERIFIED: observer{1112886360}
D/PackageManager(  844):           verificationId{64}
D/Finsky  (29048): [1] PackageVerificationReceiver.onReceive: Verification requested, id = 64
D/PackageManager(  844): copyApk
I/PackageManager(  844): Copying native libraries to /data/app-lib/vmdl994729926
D/PackageManager(  844): remove MCS_UNBIND and Posting MCS_UNBIND
D/PackageManager(  844): [MSG] PROCESS_PENDING_INSTALL: observer{1112886360}
D/PackageManager(  844): installPackageLI
E/SMD     (  236): DCD ON
D/STATUSBAR-NetworkController( 1037): refreshSignalCluster - setNWBoosterIndicators(false)
D/STATUSBAR-NetworkController( 1037): refreshSignalCluster: data=-1 bt=false
D/STATUSBAR-IconMerger( 1037): checkOverflow(288), More:false, Req:false Child:3
D/ApplicationPolicy(  844): isApplicationInstallationEnabled
D/ApplicationPolicy(  844): isApplicationInstallationEnabled :  Checking PKG WL - false
D/ApplicationPolicy(  844): isApplicationInstallationEnabled :  Checking PKG BL - true
D/ApplicationPolicy(  844): isApplicationInstallationEnabled :  Checking PERM BL - true
D/ApplicationPolicy(  844): isApplicationInstallationEnabled :  Checking SIG BL - true
D/ApplicationPolicy(  844): isApplicationInstallationEnabled :  Checking PKG WL - false
D/ApplicationPolicy(  844): isApplicationInstallationEnabled :  Checking PKG BL - true
D/ApplicationPolicy(  844): isApplicationInstallationEnabled :  Checking PERM BL - true
D/ApplicationPolicy(  844): isApplicationInstallationEnabled :  Checking SIG BL - true
D/ApplicationPolicy(  844): isApplicationInstallationEnabled :  enabled true
D/EnterpriseDeviceManager(  844): ContainerId: 0
V/ApplicationPolicy(  844): isApplicationStateBlocked userId 0 pkgname leap.droidcord
D/PackageManager(  844): Time to collect certificates: 0.117 seconds
W/PackageManager(  844): verifying app can be installed or not
D/PackageManager(  844): Replace existing pacakge: 
D/PackageManager(  844): Existing package: 
D/PackageManager(  844): doRename: 
D/PackageManager(  844): doRename apk path: 
D/PackageManager(  844): replacePackageLI
D/PackageManager(  844): replacePackageLI: 
D/PackageManager(  844): !@killApplicatoin: 10176, uninstall pkg
I/PackageManager(  844): Package leap.droidcord codePath changed from /data/app/leap.droidcord-18.apk to /data/app/leap.droidcord-19.apk; Retaining data and using new
I/HarmonyEASService(  844): Updating for all 1
D/dalvikvm(17173): DexOpt: load 21ms, verify+opt 69ms, 588564 bytes
D/PackageManager(  844): Time to dexopt: 0.157 seconds
D/PackageManager(  844): !@killApplicatoin: 10176, update pkg
W/PackageManager(  844): Code path for pkg : leap.droidcord changing from /data/app/leap.droidcord-18.apk to /data/app/leap.droidcord-19.apk
W/PackageManager(  844): Resource path for pkg : leap.droidcord changing from /data/app/leap.droidcord-18.apk to /data/app/leap.droidcord-19.apk
D/PackageManager(  844): updateSettingsLI: 
D/EnterpriseDeviceManager(  844): ContainerId: 0
D/PackageManager(  844): New package installed in 
D/CustomFrequencyManagerService(  844): acquireDVFSLockLocked : type : DVFS_MIN_LIMIT  frequency : 1401600  uid : 1000  pid : 844  pkgName : SSRM_PKG_OPT@19
W/System.err(  844): java.util.zip.ZipException: Entry is not named
I/MSTG    (  844): leap.droidcord is installing..
W/System.err(  844): 	at java.util.zip.ZipInputStream.getNextEntry(ZipInputStream.java:256)
W/System.err(  844): 	at com.android.server.ssrm.Unzipper.unzip(Unzipper.java:44)
W/System.err(  844): 	at com.android.server.ssrm.CustomFrequencyManagerService.stringCheckFromPms(CustomFrequencyManagerService.java:2337)
W/System.err(  844): 	at com.android.server.ssrm.SortingMachine.reviewPackageForStaticAnalysis(SortingMachine.java:363)
W/System.err(  844): 	at com.android.server.ssrm.SortingMachine.reviewPackage(SortingMachine.java:340)
W/System.err(  844): 	at com.android.server.ssrm.Monitor$1.handleMessage(Monitor.java:628)
W/System.err(  844): 	at android.os.Handler.dispatchMessage(Handler.java:102)
W/System.err(  844): 	at android.os.Looper.loop(Looper.java:136)
W/System.err(  844): 	at android.os.HandlerThread.run(HandlerThread.java:61)
I/PowerManagerService-JNI(  844): >>>>>>>>in native...
I/PowerManagerService-JNI(  844): CheckForString returning : -1
D/EnterpriseDeviceManager(  844): ContainerId: 0
D/EnterpriseDeviceManager(  844): ContainerId: 0
I/PackageManager(  844):   Action: "android.intent.action.SENDTO"
I/PackageManager(  844):   Category: "android.intent.category.DEFAULT"
I/PackageManager(  844):   Scheme: "sms"
D/CustomFrequencyManagerService(  844): releaseDVFSLockLocked : Getting Lock type frm List : DVFS_MIN_LIMIT  frequency : 1401600  uid : 1000  pid : 844  tag : SSRM_PKG_OPT@19
D/PackageManager(  844): doPostInstall for uid{10176}
D/PackageManager(  844): + starting rerstore round-trip 65
D/PackageManager(  844): No resotre for backup - queue post-install for 65
D/STATUSBAR-NetworkController( 1037): onSignalStrengthsChanged signalStrength=SignalStrength: 22 -1 -1 -1 -1 -1 -1 99 2147483647 2147483647 2147483647 -1 2147483647 gsm|lte 0x4 level=4
I/PackageManager(  844): Adding preferred activity ComponentInfo{com.android.mms/com.android.mms.ui.ConversationComposer} for user 0 :
D/EnterpriseDeviceManager(  844): ContainerId: 0
I/PackageManager(  844):   Action: "android.intent.action.SENDTO"
I/PackageManager(  844):   Category: "android.intent.category.DEFAULT"
I/PackageManager(  844):   Scheme: "smsto"
I/PackageManager(  844): Adding preferred activity ComponentInfo{com.android.mms/com.android.mms.ui.ConversationComposer} for user 0 :
D/EnterpriseDeviceManager(  844): ContainerId: 0
I/PackageManager(  844):   Action: "android.intent.action.SENDTO"
I/PackageManager(  844):   Category: "android.intent.category.DEFAULT"
I/PackageManager(  844):   Scheme: "mms"
I/PackageManager(  844): Adding preferred activity ComponentInfo{com.android.mms/com.android.mms.ui.ConversationComposer} for user 0 :
D/EnterpriseDeviceManager(  844): ContainerId: 0
I/PackageManager(  844):   Action: "android.intent.action.SENDTO"
I/PackageManager(  844):   Category: "android.intent.category.DEFAULT"
I/PackageManager(  844):   Scheme: "mmsto"
I/PackageManager(  844): Adding preferred activity ComponentInfo{com.android.mms/com.android.mms.ui.ConversationComposer} for user 0 :
D/PackageManager(  844): [MSG] MCS_UNBIND
I/PackageManager(  844): calling disconnectService()
D/PackageManager(  844): Trying to unbind to DefaultContainerService
D/PackageManager(  844): [MSG] POST_INSTALL: observer{1112886360}
D/PackageManager(  844):           Handling post-install for 65
D/PackageManager(  844): Sending to user 0: act=android.intent.action.PACKAGE_REMOVED dat=package:leap.droidcord flg=0x4000000 Bundle[{android.intent.extra.REMOVED_FOR_ALL_USERS=false, android.intent.extra.UID=10176, android.intent.extra.DATA_REMOVED=false, android.intent.extra.REPLACING=true, android.intent.extra.user_handle=0}]
D/PackageMa