D/dalvikvm(16151): Added shared lib libjavacore.so 0x0
D/dalvikvm(16151): Trying to load lib libnativehelper.so 0x0
D/dalvikvm(16151): Added shared lib libnativehelper.so 0x0
D/dalvikvm(16151): No JNI_OnLoad found in libnativehelper.so 0x0, skipping init
E/memtrack(16151): Couldn't load memtrack module (No such file or directory)
E/android.os.Debug(16151): failed to load memtrack module: -2
D/dalvikvm(16151): Note: class Landroid/app/ActivityManagerNative; has 192 unimplemented (abstract) methods
D/AndroidRuntime(16151): Calling main entry com.android.commands.am.Am
V/ApplicationPolicy(  844): isApplicationStateBlocked userId 0 pkgname com.rdr.androidmarket2
D/AndroidRuntime(16151): Shutting down VM
D/ContexualWidgetMonitor( 1037):  id = 0
D/ContexualWidgetMonitor( 1037): action =android.intent.action.PACKAGE_RESTARTED
D/ContexualWidgetMonitor( 1037): pkg =null
D/ContexualWidgetMonitor( 1037): mCheckMissedEvent =false
D/dalvikvm(16151): GC_CONCURRENT freed 95K, 13% free 665K/764K, paused 0ms+1ms, total 2ms
E/Watchdog(  844): !@Sync 1316
E/SMD     (  236): DCD ON
D/AndroidRuntime(16168): 
D/AndroidRuntime(16168): >>>>>> AndroidRuntime START com.android.internal.os.RuntimeInit <<<<<<
D/AndroidRuntime(16168): CheckJNI is OFF
D/AndroidRuntime(16168): setted country_code = SPAIN
D/AndroidRuntime(16168): setted countryiso_code = ES
D/AndroidRuntime(16168): setted sales_code = PHE
D/AndroidRuntime(16168): readGMSProperty: start
D/AndroidRuntime(16168): readGMSProperty: already setted!!
D/AndroidRuntime(16168): readGMSProperty: end
D/AndroidRuntime(16168): addProductProperty: start
D/dalvikvm(16168): Trying to load lib libjavacore.so 0x0
D/dalvikvm(16168): Added shared lib libjavacore.so 0x0
D/dalvikvm(16168): Trying to load lib libnativehelper.so 0x0
D/dalvikvm(16168): Added shared lib libnativehelper.so 0x0
D/dalvikvm(16168): No JNI_OnLoad found in libnativehelper.so 0x0, skipping init
E/memtrack(16168): Couldn't load memtrack module (No such file or directory)
E/android.os.Debug(16168): failed to load memtrack module: -2
D/dalvikvm(16168): Note: class Landroid/app/ActivityManagerNative; has 192 unimplemented (abstract) methods
D/AndroidRuntime(16168): Calling main entry com.android.commands.pm.Pm
E/EnterpriseContainerManager(  844): ContainerPolicy Service is not yet ready!!!
D/EnterpriseDeviceManager(  844): ContainerId: 0
V/PackageManager(  844): Install from ADB
D/PackageManager(  844): START_PACKAGE_INSTALL: observer{1120654280}
D/PackageManager(  844):           PackageURI{file:///data/local/tmp/adblib_tmp.apk}
D/PackageManager(  844): [MSG] INIT_COPY: observer{1120654280}
D/PackageManager(  844):           idx{0}
D/PackageManager(  844):           for_user{UserHandle{-1}}
D/PackageManager(  844): Trying to bind to DefaultContainerService
D/PackageManager(  844): onServiceConnected
D/PackageManager(  844): [MSG] MCS_BOUND
D/PackageManager(  844): [MSG] MCS_BOUND: observer{1120654280}
D/PackageManager(  844):           for_user{UserHandle{-1}}
D/PackageManager(  844): Found 1 verifiers for intent Intent { act=android.intent.action.PACKAGE_NEEDS_VERIFICATION dat=file:///data/local/tmp/adblib_tmp.apk typ=application/vnd.android.package-archive flg=0x1 } with 0 optional verifiers
D/Finsky  (29048): [1] PackageVerificationReceiver.onReceive: Verification requested, id = 62
D/Finsky  (29048): [1] WorkerTask.onPreExecute: Verification Requested for id = 62, data=file:///data/local/tmp/adblib_tmp.apk flags=118 fromVerificationActivity=false
I/HarmonyEASService(  844): Updating for all 1
I/PackageManager(  844): remove MCS_UNBIND message and Posting MCS_UNBIND 10 secs later
D/dalvikvm(29048): GC_CONCURRENT freed 2178K, 50% free 9627K/19104K, paused 3ms+5ms, total 42ms
D/dalvikvm(29048): GC_CONCURRENT freed 1646K, 49% free 9901K/19104K, paused 2ms+6ms, total 27ms
E/SMD     (  236): DCD ON
I/qtaguid (29048): Failed write_ctrl(u 67) res=-1 errno=22
I/qtaguid (29048): Untagging socket 67 failed errno=-22
W/NetworkManagementSocketTagger(29048): untagSocket(67) failed with errno -22
I/System.out(29048): Thread-1690 calls detatch()
D/Finsky  (29048): [1] 2.onResponse: Verification id=62 response=0
D/PackageManager(  844): [MSG] PACKAGE_VERIFIED: observer{1120654280}
D/PackageManager(  844):           verificationId{62}
D/Finsky  (29048): [1] PackageVerificationReceiver.onReceive: Verification requested, id = 62
D/PackageManager(  844): copyApk
I/PackageManager(  844): Copying native libraries to /data/app-lib/vmdl222366021
D/PackageManager(  844): remove MCS_UNBIND and Posting MCS_UNBIND
D/PackageManager(  844): [MSG] PROCESS_PENDING_INSTALL: observer{1120654280}
D/PackageManager(  844): installPackageLI
D/ApplicationPolicy(  844): isApplicationInstallationEnabled
D/ApplicationPolicy(  844): isApplicationInstallationEnabled :  Checking PKG WL - false
D/ApplicationPolicy(  844): isApplicationInstallationEnabled :  Checking PKG BL - true
D/ApplicationPolicy(  844): isApplicationInstallationEnabled :  Checking PERM BL - true
D/ApplicationPolicy(  844): isApplicationInstallationEnabled :  Checking SIG BL - true
D/PackageManager(  844): Time to collect certificates: 1.027 seconds
W/PackageManager(  844): verifying app can be installed or not
D/ApplicationPolicy(  844): isApplicationInstallationEnabled :  Checking PKG WL - false
D/ApplicationPolicy(  844): isApplicationInstallationEnabled :  Checking PKG BL - true
D/ApplicationPolicy(  844): isApplicationInstallationEnabled :  Checking PERM BL - true
D/ApplicationPolicy(  844): isApplicationInstallationEnabled :  Checking SIG BL - true
D/ApplicationPolicy(  844): isApplicationInstallationEnabled :  enabled true
D/EnterpriseDeviceManager(  844): ContainerId: 0
V/ApplicationPolicy(  844): isApplicationStateBlocked userId 0 pkgname com.rdr.androidmarket2
D/PackageManager(  844): Replace existing pacakge: 
D/PackageManager(  844): Existing package: 
D/PackageManager(  844): doRename: 
D/PackageManager(  844): doRename apk path: 
D/PackageManager(  844): replacePackageLI
D/PackageManager(  844): replacePackageLI: 
D/PackageManager(  844): !@killApplicatoin: 10190, uninstall pkg
I/PackageManager(  844): Package com.rdr.androidmarket2 codePath changed from /data/app/com.rdr.androidmarket2-43.apk to /data/app/com.rdr.androidmarket2-44.apk; Retaining data and using new
D/SSRMv2:SIOP(  844): SIOP:: AP = 300, Delta = 0
E/SMD     (  236): DCD ON
W/dalvikvm(16189): method Landroidx/appcompat/widget/DropDownListView;.lookForSelectablePosition incorrectly overrides package-private method with same name in Landroid/widget/ListView;
D/dalvikvm(16189): DexOpt: couldn't find field Landroid/content/res/Configuration;.colorMode
I/HarmonyEASService(  844): Updating for all 1
I/dalvikvm(16189): DexOpt: illegal method access (call Landroid/widget/TextView;.getTextDirectionHeuristic ()Landroid/text/TextDirectionHeuristic; from Landroidx/appcompat/widget/AppCompatTextViewAutoSizeHelper$Impl29;)
D/dalvikvm(16189): DexOpt: couldn't find field Landroid/content/pm/PackageInfo;.signingInfo
D/dalvikvm(16189): DexOpt: couldn't find static field Landroid/graphics/Bitmap$Config;.HARDWARE
D/dalvikvm(16189): DexOpt: couldn't find field Landroid/view/inputmethod/EditorInfo;.contentMimeTypes
D/dalvikvm(16189): DexOpt: load 238ms, verify+opt 1126ms, 4013212 bytes
D/PackageManager(  844): Time to dexopt: 2.14 seconds
D/PackageManager(  844): !@killApplicatoin: 10190, update pkg
W/PackageManager(  844): Code path for pkg : com.rdr.androidmarket2 changing from /data/app/com.rdr.androidmarket2-43.apk to /data/app/com.rdr.androidmarket2-44.apk
W/PackageManager(  844): Resource path for pkg : com.rdr.androidmarket2 changing from /data/app/com.rdr.androidmarket2-43.apk to /data/app/com.rdr.androidmarket2-44.apk
D/PackageManager(  844): updateSettingsLI: 
D/EnterpriseDeviceManager(  844): ContainerId: 0
D/PackageManager(  844): New package installed in 
D/CustomFrequencyManagerService(  844): acquireDVFSLockLocked : type : DVFS_MIN_LIMIT  frequency : 1401600  uid : 1000  pid : 844  pkgName : SSRM_PKG_OPT@19
W/PackageManager(  844): Unknown permission android.intent.action.MEDIA_MOUNTED in package com.sec.android.gallery3d
W/PackageManager(  844): Unknown permission com.sec.android.app.sns3.sp.facebook.permission.READ_DB in package com.sec.android.gallery3d
W/PackageManager(  844): Unknown permission com.sec.knox.containeragent.USE_CONTAINERAGENT in package com.sec.android.gallery3d
W/PackageManager(  844): Unknown permission com.sec.android.app.twdvfs.DVFS_BOOSTER_PERMISSION in package com.sec.android.gallery3d
W/PackageManager(  844): Unknown permission com.sec.chaton.TOKEN_28e9e5f8058dc2fc70dea61856a21d58ed9c7edc1c5d9a9b15c7dc5cd78e317999676ad8618d2d2d9e600ebb75e8aee96abd57bdc06c6fe733898c5657971f32cffed5885a2efef4d9fd10ff675339558c04ab9e8c3dbc90c0d6b5b2f1f4f4e2d6f3c3658fae505e42224b61c140e442cd2c9faebf23df274bb173c5876a6912 in package com.sec.android.gallery3d
W/PackageManager(  844): Unknown permission com.sec.chaton.TOKEN_085376204d115cdd465b103094225633cb5e9707b4c76225285750054db230f38e719dd583e31939a616bac2e957cfb50beee4ff163f8c7903b2fdc7b6ef6f421570e4f459f9ebc0ac8c6cdd91cddf5c5945ddb36713571a55d279a9a711c785ec83dbe633884bbb80117461a05777408a335c9baa94f83d5da7b2acfb161fa1 in package com.sec.android.gallery3d
W/PackageManager(  844): Unknown permission com.samsung.android.app.episodes.permission.SEND_MULTIPLE_TO_STORYALBUM in package com.sec.android.gallery3d
W/PackageManager(  844): Unknown permission com.sec.android.spc.playerdb.READ_PLAYER_INFO in package com.sec.android.gallery3d
W/PackageManager(  844): Unknown permission sidesync.app.action.permission.KMS_FILETRANSFER_DRAG_FILEINFO in package com.sec.android.gallery3d
W/PackageManager(  844): Unknown permission com.android.QualcommSettings.permission.UTS_DM_CMD in package com.android.phone
W/PackageManager(  844): Unknown permission android.permission.ADD_SYSTEM_SERVICE in package com.android.phone
W/PackageManager(  844): Unknown permission com.android.smspush.WAPPUSH_MANAGER_BIND in package com.android.phone
W/PackageManager(  844): Unknown permission com.sprint.internal.permission.SYSTEMPROPERTIES_WRITE in package com.android.phone
W/PackageManager(  844): Unknown permission com.cequint.ecid.CALLER_ID_LOOKUP in package com.android.phone
W/PackageManager(  844): Unknown permission com.samsung.InputEventApp.permission.UTS_DM_CMD in package com.android.phone
W/PackageManager(  844): Unknown permission com.samsungtest.SlateTest.SLATE_DM_CMD in package com.android.phone
W/PackageManager(  844): Unknown permission com.samsung.tmowfc.wfcprovider.permission.READ_WFCPROVIDER in package com.android.phone
W/PackageManager(  844): Unknown permission com.samsung.tmowfc.wfcprovider.permission.WRITE_REGISTER in package com.android.phone
W/PackageManager(  844): Unknown permission com.samsung.tmowfc.wfcprovider.permission.WRITE_SET_EMERGENCY in package com.android.phone
W/PackageManager(  844): Unknown permission com.samsung.tmowfc.wfcprovider.permission.WRITE_EMERGENCY_CALL_STATE in package com.android.phone
W/PackageManager(  844): Unknown permission provider.settingsearch.permission.WRITE in package com.android.phone
W/PackageManager(  844): Unknown permission com.samsung.rcs.cs.READ_PERMISSION in package com.android.phone
W/PackageManager(  844): Unknown permission com.samsung.rcs.cs.WRITE_PERMISSION in package com.android.phone
W/PackageManager(  844): Unknown permission com.samsung.rcs.serviceprovider.READ_PERMISSION in package com.android.phone
W/PackageManager(  844): Unknown permission com.samsung.rcs.serviceprovider.WRITE_PERMISSION in package com.android.phone
W/PackageManager(  844): Unknown permission com.samsung.rcs.permission.RCS_APP_PERMISSION in package com.android.phone
W/PackageManager(  844): Unknown permission com.sec.ims.android.PERMISSION in package com.android.phone
W/PackageManager(  844): Unknown permission com.samsung.commonimsinterface.PERMISSION in package com.android.phone
W/PackageManager(  844): Unknown permission sstream.app.StoryProvider.WRITE.PERMISSION in package com.android.phone
W/PackageManager(  844): Unknown permission com.sec.android.app.hiddenmenu.permission.KEYSTRING in package com.android.phone
W/PackageManager(  844): Unknown permission com.samsung.wmanager.ENABLE_NOTIFICATION in package com.android.phone
W/PackageManager(  844): Unknown permission com.skt.prod.permission.PHONE_SERVICE in package com.android.phone
W/PackageManager(  844): Unknown permission com.itsoninc.android.permission.USE_ITSON_SERVICE in package com.android.phone
W/PackageManager(  844): Unknown permission com.verizon.vzwavs.permission.READ in package com.android.phone
W/PackageManager(  844): Unknown permission com.sec.android.emergencymode.permission.LAUNCH_EMERGENCYMODE_SERVICE in package com.fmm.dm
W/PackageManager(  844): Unknown permission com.android.gallery3d.permission.GALLERY_PROVIDER in package com.android.bluetooth
W/PackageManager(  844): Unknown permission android.permission.MMS_SEND_OUTBOX_MSG in package com.android.bluetooth
W/PackageManager(  844): Unknown permission com.samsung.android.app.episodes.permission.IMPORT_STORYALBUM in package com.android.bluetooth
W/PackageManager(  844): Unknown permission android.permission.READ_TASKS in package com.android.providers.calendar
W/PackageManager(  844): Unknown permission com.sec.dcm.provider.DCMProvider.START in package com.android.providers.calendar
W/PackageManager(  844): Unknown permission com.sec.android.widgetapp.q1_penmemo.permission.READ in package com.vlingo.midas
W/PackageManager(  844): Unknown permission com.sec.android.widgetapp.q1_penmemo.permission.WRITE in package com.vlingo.midas
W/PackageManager(  844): Unknown permission com.sec.android.permission.READ_MEMO in package com.vlingo.midas
W/PackageManager(  844): Unknown permission com.sec.android.permission.WRITE_MEMO in package com.vlingo.midas
W/PackageManager(  844): Unknown permission com.sec.android.app.twdvfs.DVFS_BOOSTER_PERMISSION in package com.vlingo.midas
W/PackageManager(  844): Unknown permission android.Manifest.permission.DISABLE_KEYGUARD in package com.vlingo.midas
W/PackageManager(  844): Unknown permission com.samsung.music.permission.READ_MUSIC_STORAGE in package com.vlingo.midas
W/PackageManager(  844): Unknown permission com.sec.android.daemonapp.ap.yonhapnews.permission.YONHAP_DAEMON_ACCESS_PROVIDER in package com.vlingo.midas
W/PackageManager(  844): Unknown permission samsung.android.snoteprovider.permission.READ in package com.vlingo.midas
W/PackageManager(  844): Not granting permission android.permission.INTERACT_ACROSS_USERS_FULL to package com.vlingo.midas (protectionLevel=2 flags=0x4098be45)
W/PackageManager(  844): Unknown permission com.sec.android.provider.emergencymode.READ_DATABASE in package com.vlingo.midas
W/PackageManager(  844): Unknown permission com.samsung.android.memo.WRITE in package com.vlingo.midas
W/PackageManager(  844): Unknown permission com.samsung.android.memo.READ in package com.vlingo.midas
W/PackageManager(  844): Unknown permission com.sec.android.settings.permission.SOFT_RESET in package com.vlingo.midas
W/PackageManager(  844): Unknown permission com.sec.android.app.hiddenmenu.permission.KEYSTRING in package com.sec.factory
W/PackageManager(  844): Unknown permission com.sec.android.app.twdvfs.DVFS_BOOSTER_PERMISSION in package com.sec.factory
W/PackageManager(  844): Unknown permission android.permission.sec.BARCODE_READ in package com.sec.factory
W/PackageManager(  844): Unknown permission com.sec.android.widgetapp.q1_penmemo.permission.WRITE in package com.samsung.android.scloud.sync
W/PackageManager(  844): Unknown permission com.sec.android.widgetapp.q1_penmemo.permission.READ in package com.samsung.android.scloud.sync
W/PackageManager(  844): Unknown permission samsung.android.provider.snote2.permission.read in package com.samsung.android.scloud.sync
W/PackageManager(  844): Unknown permission samsung.android.provider.snote2.permission.write in package com.samsung.android.scloud.sync
W/PackageManager(  844): Unknown permission samsung.android.snoteprovider.permission.READ in package com.samsung.android.scloud.sync
W/PackageManager(  844): Unknown permission samsung.android.snoteprovider.permission.WRITE in package com.samsung.android.scloud.sync
W/PackageManager(  844): Unknown permission com.samsung.android.memo.READ in package com.samsung.android.scloud.sync
W/PackageManager(  844): Unknown permission com.samsung.android.memo.WRITE in package com.samsung.android.scloud.sync
W/PackageManager(  844): Unknown permission com.sec.android.app.twdvfs.DVFS_BOOSTER_PERMISSION in package com.sec.factory.camera
W/PackageManager(  844): Unknown permission com.opera.browser.permission.GET_PREINSTALL_DATA in package com.opera.browser
W/PackageManager(  844): Unknown permission com.google.android.finsky.permission.BIND_GET_INSTALL_REFERRER_SERVICE in package com.opera.browser
W/PackageManager(  844): Unknown permission com.samsung.android.app.episodes.permission.IMPORT_STORYALBUM in package com.android.providers.downloads.ui
W/PackageManager(  844): Unknown permission android.permission.INSTALL_DRM in package com.android.mms
W/PackageManager(  844): Unknown permission javax.microedition.gba.USE_GBA_SERVICE in package com.android.mms
W/PackageManager(  844): Unknown permission android.permission.ACCESS_GPS in package com.android.mms
W/PackageManager(  844): Unknown permission android.permission.ACCESS_LOCATION in package com.android.mms
W/PackageManager(  844): Unknown permission android.permission.ACCESS_ASSISTED_GPS in package com.android.mms
W/PackageManager(  844): Unknown permission android.permission.ACCESS_CELL_ID in package com.android.mms
W/PackageManager(  844): Unknown permission android.permission.ACCESS_COARSE_UPDATES in package com.android.mms
W/PackageManager(  844): Unknown permission com.sec.android.app.twdvfs.DVFS_BOOSTER_PERMISSION in package com.android.mms
W/PackageManager(  844): Not granting permission android.permission.MANAGE_NETWORK_POLICY to package com.android.mms (protectionLevel=2 flags=0x4098be65)
W/PackageManager(  844): Not granting permission android.permission.ACCESS_SURFACE_FLINGER to package com.android.mms (protectionLevel=2 flags=0x4098be65)
W/PackageManager(  844): Unknown permission com.samsung.wmanager.ENABLE_NOTIFICATION in package com.android.mms
W/PackageManager(  844): Unknown permission com.samsung.tmowfc.wfcprovider.permission.READ_WFCPROVIDER in package com.android.mms
W/PackageManager(  844): Not granting permission android.permission.INTERNAL_SYSTEM_WINDOW to package com.android.mms (protectionLevel=2 flags=0x4098be65)
W/PackageManager(  844): Not granting permission android.permission.DEVICE_POWER to package com.android.mms (protectionLevel=2 flags=0x4098be65)
W/PackageManager(  844): Unknown permission sstream.app.StoryProvider.WRITE.PERMISSION in package com.android.mms
W/PackageManager(  844): Unknown permission com.samsung.commonimsinterface.PERMISSION in package com.android.mms
W/PackageManager(  844): Unknown permission com.sec.android.app.hiddenmenu.permission.KEYSTRING in package com.android.mms
W/PackageManager(  844): Unknown permission com.itsoninc.android.permission.USE_ITSON_SERVICE in package com.android.mms
W/PackageManager(  844): Unknown permission com.sec.dcm.provider.DCMProvider.START in package com.android.providers.media
W/PackageManager(  844): Unknown permission com.sec.dcm.provider.DCMProvider.data.READ in package com.android.providers.media
W/PackageManager(  844): Unknown permission com.sec.dcm.provider.DCMProvider.data.WRITE in package com.android.providers.media
W/PackageManager(  844): Unknown permission com.android.setting.permission.NEARBY_SERVER in package com.sec.android.nearby.mediaserver
W/PackageManager(  844): Not granting permission android.permission.ACCESS_USB to package com.siso.app.generic (protectionLevel=18 flags=0x88be45)
W/PackageManager(  844): Unknown permission android.permission.READ_OWNER_DATA in package com.google.android.setupwizard
W/PackageManager(  844): Unknown permission android.permission.WRITE_OWNER_DATA in package com.google.android.setupwizard
W/PackageManager(  844): Unknown permission nof.permission.RECEIVE_USER_MODE in package com.sec.android.app.chromecustomizations
W/PackageManager(  844): Unknown permission android.permission.WRITE_INTERNAL_STORAGE in package com.android.settings
W/PackageManager(  844): Unknown permission com.sec.android.app.twdvfs.DVFS_BOOSTER_PERMISSION in package com.android.settings
W/PackageManager(  844): Unknown permission com.sec.android.spc.account.READ_ACCOUNT_INFO in package com.android.settings
W/PackageManager(  844): Unknown permission com.sec.android.spc.account.WRITE_ACCOUNT_INFO in package com.android.settings
W/PackageManager(  844): Unknown permission com.samsung.rcs.settings.READ_PERMISSION in package com.android.settings
W/PackageManager(  844): Unknown permission com.samsung.rcs.settings.WRITE_PERMISSION in package com.android.settings
W/PackageManager(  844): Unknown permission com.samsung.tmowfc.wfcprovider.permission.READ_WFCPROVIDER in package com.android.settings
W/PackageManager(  844): Unknown permission com.samsung.tmowfc.wfcprovider.permission.WRITE_REGISTER in package com.android.settings
W/PackageManager(  844): Unknown permission com.sec.android.spc.MEMBER_MANAGEMENT in package com.android.settings
W/PackageManager(  844): Unknown permission com.sec.android.spc.service.BACKUP in package com.android.settings
W/PackageManager(  844): Unknown permission provider.settingsearch.permission.READ in package com.android.settings
W/PackageManager(  844): Unknown permission provider.settingsearch.permission.WRITE in package com.android.settings
W/PackageManager(  844): Unknown permission com.sec.android.permission.KNOX in package com.android.settings
W/PackageManager(  844): Unknown permission com.samsung.commonimsinterface.PERMISSION in package com.android.settings
W/PackageManager(  844): Unknown permission com.samsung.android.permission.GET_SECRET_PACKAGE_LIST in package com.android.settings
W/PackageManager(  844): Unknown permission com.samsung.android.app.assistantmenu.permission.ADVERTISE_ASSISTANTMENU in package com.android.settings
W/PackageManager(  844): Unknown permission com.samsung.android.sconnect.permission.ACCESS_QUICKCONNECT_WEARABLE in package com.android.settings
W/PackageManager(  844): Unknown permission sstream.app.StoryProvider.WRITE.PERMISSION in package com.sec.pcw
W/PackageManager(  844): Unknown permission com.sec.android.app.calendar.permission.CHANGE_CALENDAR_PREFERENCE in package com.sec.android.widgetapp.alarmwidget
W/PackageManager(  844): Unknown permission com.google.android.voicesearch.SHORTCUTS_ACCESS in package com.google.android.googlequicksearchbox
W/PackageManager(  844): Unknown permission com.google.android.voicesearch.ACCESS_SETTINGS in package com.google.android.googlequicksearchbox
W/PackageManager(  844): Unknown permission com.android.browser.permission.PRELOAD in package com.google.android.googlequicksearchbox
W/PackageManager(  844): Unknown permission com.google.android.ears.permission.WRITE in package com.google.android.googlequicksearchbox
W/PackageManager(  844): Unknown permission com.google.android.apps.googlevoice.permission.AUTO_SEND in package com.google.android.googlequicksearchbox
W/PackageManager(  844): Unknown permission com.android.chrome.PRERENDER_URL in package com.google.android.googlequicksearchbox
W/PackageManager(  844): Unknown permission com.google.android.launcher.permission.CONTENT_REDIRECT in package com.google.android.googlequicksearchbox
W/PackageManager(  844): Unknown permission com.android.email.ACCOUNT_INTENT in package com.android.exchange
W/PackageManager(  844): Unknown permission android.permission.READ_OWNER_DATA in package com.android.exchange
W/PackageManager(  844): Unknown permission android.permission.READ_TASKS in package com.sec.android.providers.tasks
W/PackageManager(  844): Unknown permission android.permission.WRITE_TASKS in package com.sec.android.providers.tasks
W/PackageManager(  844): Not granting permission android.permission.INTERACT_ACROSS_USERS_FULL to package com.samsung.groupcast (protectionLevel=2 flags=0x4098be45)
W/PackageManager(  844): Unknown permission com.TEDC.android.groupplay in package com.samsung.groupcast
W/PackageManager(  844): Unknown permission android.permission.SYSTEM_OVERLAY_WINDOW in package com.sec.android.app.safetyassurance
W/PackageManager(  844): Unknown permission provider.settingsearch.permission.WRITE in package com.sec.android.app.safetyassurance
W/PackageManager(  844): Unknown permission com.sec.android.app.hiddenmenu.permission.KEYSTRING in package com.sec.android.RilServiceModeApp
W/PackageManager(  844): Unknown permission android.permission.FOREGROUND_SERVICE in package com.rdr.youtube2
W/PackageManager(  844): Unknown permission android.permission.FOREGROUND_SERVICE_MEDIA_PLAYBACK in package com.rdr.youtube2
W/PackageManager(  844): Unknown permission android.permission.POST_NOTIFICATIONS in package com.rdr.youtube2
W/PackageManager(  844): Unknown permission com.samsung.android.app.episodes.permission.IMPORT_STORYALBUM in package com.sec.android.app.FileShareClient
W/PackageManager(  844): Not granting permission android.permission.ACCOUNT_MANAGER to package com.sec.android.provider.snote (protectionLevel=2 flags=0x4088be45)
W/PackageManager(  844): Unknown permission android.permission.WRITE_SYNC_STATS in package com.google.android.apps.docs
W/PackageManager(  844): Unknown permission com.samsung.android.app.episodes.permission.IMPORT_STORYALBUM in package com.android.providers.downloads
W/PackageManager(  844): Unknown permission android.permission.ACCESS_DRM in package com.android.providers.downloads
W/PackageManager(  844): Unknown permission android.permission.INSTALL_DRM in package com.android.providers.downloads
W/PackageManager(  844): Not granting permission com.sec.enterprise.mdm.permission.BROWSER_PROXY to package com.android.providers.downloads (protectionLevel=2 flags=0x4088be45)
W/PackageManager(  844): Unknown permission com.samsung.android.permission.GET_SECRET_PACKAGE_LIST in package com.sec.android.app.easylauncher
W/PackageManager(  844): Unknown permission android.permission.WRITE_INTERNAL_STORAGE in package com.sec.android.app.wallpaperchooser
W/PackageManager(  844): Unknown permission com.samsung.android.memo.READ in package com.sec.bcservice
W/PackageManager(  844): Unknown permission com.samsung.android.provider.smartclip.permission.WRITE in package com.sec.android.app.SmartClipService
W/PackageManager(  844): Unknown permission com.samsung.android.provider.smartclip.permission.READ in package com.sec.android.app.SmartClipService
W/PackageManager(  844): Not granting permission android.permission.INTERNAL_SYSTEM_WINDOW to package com.sec.android.app.popupcalculator (protectionLevel=2 flags=0x98be45)
W/PackageManager(  844): Not granting permission android.permission.UPDATE_APP_OPS_STATS to package com.sec.android.app.popupcalculator (protectionLevel=18 flags=0x98be45)
W/PackageManager(  844): Not granting permission com.sec.android.app.factorymode.permission.KEYSTRING to package com.sec.android.app.popupcalculator (protectionLevel=18 flags=0x98be45)
W/PackageManager(  844): Unknown permission com.samsung.android.app.episodes.permission.IMPORT_STORYALBUM in package com.sec.android.app.FileShareServer
W/PackageManager(  844): Unknown permission com.samsung.android.app.pinboard.permission.INSERT_ANNOTATED_IMAGE in package com.sec.android.app.rakein
W/PackageManager(  844): Unknown permission com.samsung.android.provider.smartclip.permission.WRITE in package com.sec.android.app.rakein
W/PackageManager(  844): Unknown permission com.samsung.android.provider.smartclip.permission.READ in package com.sec.android.app.rakein
W/PackageManager(  844): Unknown permission com.samsung.android.app.pinboard.permission.CREATE_CATEGORY in package com.sec.android.app.rakein
W/PackageManager(  844): Unknown permission com.samsung.android.app.pinboard.service.START_LOCATION_SERVICE in package com.sec.android.app.rakein
W/PackageManager(  844): Unknown permission android.permission.READ_SEARCH_INDEXABLES in package com.sec.android.app.samsungapps
W/PackageManager(  844): Unknown permission android.permission.WRITE_INTERNAL_STORAGE in package com.sec.android.app.samsungapps
W/PackageManager(  844): Not granting permission android.permission.PACKAGE_USAGE_STATS to package com.sec.android.app.samsungapps (protectionLevel=18 flags=0xd83ec5)
W/PackageManager(  844): Unknown permission android.permission.GET_ACCOUNTS_PRIVILEGED in package com.sec.android.app.samsungapps
W/PackageManager(  844): Unknown permission android.permission.WIFI_LOCK in package com.sec.android.app.samsungapps
W/PackageManager(  844): Unknown permission com.sec.android.provider.una.astore.permission.WRITE in package com.sec.android.app.samsungapps
W/PackageManager(  844): Unknown permission com.sec.android.provider.una.astore.permission.READ in package com.sec.android.app.samsungapps
W/PackageManager(  844): Unknown permission com.sec.spp.push.permission.ACCESS_SPP_SERVER in package com.sec.android.app.samsungapps
W/PackageManager(  844): Unknown permission com.sec.android.fota.permission.PUSH in package com.sec.android.app.samsungapps
W/PackageManager(  844): Not granting permission android.permission.READ_PRIVILEGED_PHONE_STATE to package com.sec.android.app.samsungapps (protectionLevel=18 flags=0xd83ec5)
W/PackageManager(  844): Unknown permission com.samsung.android.gearplugin.permission.ACCESS_GEAR_PLUGIN in package com.sec.android.app.samsungapps
W/PackageManager(  844): Unknown permission com.sec.android.wallet.permission in package com.sec.android.app.samsungapps
W/PackageManager(  844): Unknown permission sstream.app.StoryProvider.WRITE.PERMISSION in package com.sec.android.app.samsungapps
W/PackageManager(  844): Unknown permission com.samsung.android.permission.installApp in package com.sec.android.app.samsungapps
W/PackageManager(  844): Unknown permission android.permission.START_ACTIVITIES_FROM_BACKGROUND in package com.sec.android.app.samsungapps
W/PackageManager(  844): Unknown permission com.sec.spp.permission.TOKEN_2e584d01f317fdee32cc8e855153d01df2a62f8194c5c4e621bf45bcc3807f066f637c5329f12f95158279f36aae6250df4a72e8d51fc6e578e248fcf11e8339654d20216c79a9d36fed33741d7190e77939da234b8157e48c3cdde7bc93bffdba1de18b6415d62b81b8d2dd41756f099ecb13fc4d975077a6d8cde99df4405b in package com.sec.android.app.samsungapps
W/PackageManager(  844): Unknown permission com.samsung.android.app.cocktailbarservice.permission.ENABLE_EDGE_PANEL in package com.sec.android.app.samsungapps
W/PackageManager(  844): Not granting permission android.permission.CHANGE_COMPONENT_ENABLED_STATE to package com.sec.android.app.samsungapps (protectionLevel=18 flags=0xd83ec5)
W/PackageManager(  844): Unknown permission com.samsung.android.stickercenter.permission.sticker.READ in package com.sec.android.app.samsungapps
W/PackageManager(  844): Unknown permission com.samsung.android.stickercenter.service.ACCESS in package com.sec.android.app.samsungapps
W/PackageManager(  844): Unknown permission com.samsung.android.rubin.app.ui.permission.LAUNCH_RUBIN_SETTING in package com.sec.android.app.samsungapps
W/PackageManager(  844): Unknown permission com.samsung.android.rubin.context.permission.READ_CONTEXT_MANAGER in package com.sec.android.app.samsungapps
W/PackageManager(  844): Unknown permission com.samsung.android.rubin.persona.permission.READ_PERSONA_MANAGER in package com.sec.android.app.samsungapps
W/PackageManager(  844): Unknown permission com.sec.android.app.clockpackage.permission.READ_CELEB_VOICE in package com.sec.android.app.samsungapps
W/PackageManager(  844): Unknown permission com.sec.android.app.clockpackage.permission.ACCESS_CELEB_VOICE in package com.sec.android.app.samsungapps
W/PackageManager(  844): Unknown permission com.samsung.android.app.spage.permission.WRITE_CARD_DATA in package com.sec.android.app.samsungapps
W/PackageManager(  844): Unknown permission com.samsung.android.app.spage.permission.READ_CARD_DATA in package com.sec.android.app.samsungapps
W/PackageManager(  844): Not granting permission android.permission.WRITE_SECURE_SETTINGS to package com.sec.android.app.samsungapps (protectionLevel=50 flags=0xd83ec5)
W/PackageManager(  844): Unknown permission com.samsung.android.game.gametools.permission.READ_KT_PLAY_GAMES in package com.sec.android.app.samsungapps
W/PackageManager(  844): Unknown permission android.permission.REQUEST_INSTALL_PACKAGES in package com.sec.android.app.samsungapps
W/PackageManager(  844): Unknown permission com.samsung.android.launcher.permission.READ_SETTINGS in package com.sec.android.app.samsungapps
W/PackageManager(  844): Unknown permission com.samsung.android.security.permission.SAMSUNG_KEYSTORE_PERMISSION in package com.sec.android.app.samsungapps
W/PackageManager(  844): Unknown permission com.samsung.android.bixby.agent.permission.READ_PUBLIC_SETTINGS in package com.sec.android.app.samsungapps
W/PackageManager(  844): Unknown permission com.samsung.sea.retailagent.permission.RETAILMODE in package com.sec.android.app.samsungapps
W/PackageManager(  844): Unknown permission com.samsung.kidshome.broadcast.DEFAULT_HOME_CHANGE_PERMISSION in package com.sec.android.app.samsungapps
W/PackageManager(  844): Unknown permission com.samsung.android.samsungaccount.permission.PROFILE_PROVIDER in package com.sec.android.app.samsungapps
W/PackageManager(  844): Unknown permission android.permission.FOREGROUND_SERVICE in package com.sec.android.app.samsungapps
W/PackageManager(  844): Unknown permission com.samsung.android.game.gamehome.accesspermission.REQUEST_REWARDS in package com.sec.android.app.samsungapps
W/PackageManager(  844): Unknown permission android.permission.QUERY_ALL_PACKAGES in package com.sec.android.app.samsungapps
W/PackageManager(  844): Unknown permission android.permission.SUBSTITUTE_SHARE_TARGET_APP_NAME_AND_ICON in package com.sec.android.app.samsungapps
W/PackageManager(  844): Unknown permission com.samsung.android.mas.setting.ContentProvider.READ_VALUE in package com.sec.android.app.samsungapps
W/PackageManager(  844): Unknown permission com.netflix.partner in package com.sec.android.app.samsungapps
W/PackageManager(  844): Unknown permission com.asus.msa.SupplementaryDID.ACCESS in package com.sec.android.app.samsungapps
W/PackageManager(  844): Unknown permission freemme.permission.msa in package com.sec.android.app.samsungapps
W/PackageManager(  844): Unknown permission android.permission.ACCESS_FM_RECEIVER in package android
W/PackageManager(  844): Unknown permission com.sec.android.permission.SIDESYNC_SOURCE_PSS in package android
W/PackageManager(  844): Not granting permission android.permission.ACCESS_USB to package com.epson.mobilephone.samsungprintservice (protectionLevel=18 flags=0x88be45)
W/PackageManager(  844): Unknown permission com.sec.android.daemonapp.ap.kweather.KWEATHER_DAEMON_ACCESS_PROVIDER in package com.sec.android.widgetapp.SPlannerAppWidget
W/PackageManager(  844): Unknown permission com.sec.android.daemonapp.cmaweather.CMAWEATHER_DAEMON_ACCESS_PROVIDER in package com.sec.android.widgetapp.SPlannerAppWidget
W/PackageManager(  844): Unknown permission com.sec.android.daemonapp.ap.weathernewsjp.WEATHERNEWS_DAEMON_ACCESS_PROVIDER in package com.sec.android.widgetapp.SPlannerAppWidget
W/PackageManager(  844): Not granting permission android.permission.PACKAGE_USAGE_STATS to package com.android.providers.applications (protectionLevel=18 flags=0x88be45)
W/PackageManager(  844): Unknown permission com.sec.android.widgetapp.ap.yahoonews.permission.YAHOO_ACCESS_PROVIDER in package com.sec.android.daemonapp
W/PackageManager(  844): Unknown permission com.samsung.android.widgetapp.briefing4x2.permission.READ_APP_USAGE in package com.sec.android.daemonapp
W/PackageManager(  844): Unknown permission com.sec.android.widgetapp.at.yahoostock.jp.stockclock.permission.YAHOO_DAEMON_ACCESS_PROVIDER in package com.sec.android.daemonapp
D/dalvikvm(  844): GC_CONCURRENT freed 6062K, 44% free 33885K/60000K, paused 4ms+16ms, total 136ms
D/dalvikvm(  844): WAIT_FOR_CONCURRENT_GC blocked 124ms
W/PackageManager(  844): Unknown permission com.sec.android.widgetapp.stockclock.permission.YAHOO_DAEMON_ACCESS_PROVIDER in package com.sec.android.daemonapp
W/PackageManager(  844): Unknown permission com.sec.android.widgetapp.at.yahoostock.stockclock.permission.YAHOO_DAEMON_ACCESS_PROVIDER in package com.sec.android.daemonapp
W/PackageManager(  844): Unknown permission com.sec.android.widgetapp.ap.yahoostock.jp.stockclock.permission.YAHOO_DAEMON_ACCESS_PROVIDER in package com.sec.android.daemonapp
W/PackageManager(  844): Unknown permission com.google.android.gallery3d.permission.PICASA_STORE in package com.google.android.apps.plus
W/PackageManager(  844): Unknown permission android.permission.REAL_GET_TASKS in package com.android.vending
W/PackageManager(  844): Not granting permission android.permission.SEND_DOWNLOAD_COMPLETED_INTENTS to package com.android.vending (protectionLevel=2 flags=0x408abe45)
W/PackageManager(  844): Not granting permission android.permission.FORCE_STOP_PACKAGES to package com.android.vending (protectionLevel=2 flags=0x408abe45)
W/PackageManager(  844): Unknown permission android.permission.ACCESS_GPS in package com.sec.android.app.mt
W/PackageManager(  844): Unknown permission android.permission.ACCESS_LOCATION in package com.sec.android.app.mt
W/PackageManager(  844): Unknown permission android.permission.BLUETOOTH_SCAN in package me.pou.app
W/PackageManager(  844): Unknown permission android.permission.BLUETOOTH_ADVERTISE in package me.pou.app
W/PackageManager(  844): Unknown permission android.permission.BLUETOOTH_CONNECT in package me.pou.app
W/PackageManager(  844): Unknown permission android.permission.POST_NOTIFICATIONS in package me.pou.app
W/PackageManager(  844): Unknown permission android.permission.FOREGROUND_SERVICE in package me.pou.app
W/PackageManager(  844): Not granting permission android.permission.ACCOUNT_MANAGER to package com.sec.android.widgetapp.diotek.smemo (protectionLevel=2 flags=0x40983e45)
W/PackageManager(  844): Unknown permission com.sec.android.app.twdvfs.DVFS_BOOSTER_PERMISSION in package com.sec.android.widgetapp.diotek.smemo
W/PackageManager(  844): Not granting permission com.sec.sCloudDataSync.messages to package com.sec.android.widgetapp.diotek.smemo (protectionLevel=2 flags=0x40983e45)
W/PackageManager(  844): Unknown permission android.permission.ENABLE_KEYGUARD in package com.sec.android.widgetapp.diotek.smemo
W/PackageManager(  844): Unknown permission com.samsung.musicplus.provider.permission.READ_MUSICPROVIDER in package com.sec.android.mmapp
W/PackageManager(  844): Unknown permission com.samsung.musicplus.provider.permission.WRITE_MUSICPROVIDER in package com.sec.android.mmapp
W/PackageManager(  844): Unknown permission com.smlds.permission.WSSDS in package com.wsomacp
W/PackageManager(  844): Unknown permission com.sec.android.app.browser.permission.Bookmark in package com.wsomacp
W/PackageManager(  844): Unknown permission com.sec.knox.containeragent.USE_KNOX_UI in package com.samsung.klmsagent
W/PackageManager(  844): Unknown permission android.permission.ACCESS_DRM in package com.sec.android.app.music
W/PackageManager(  844): Unknown permission com.sec.pcw.provider.PCloudContentProvider.READ_CONTENT in package com.sec.android.app.music
W/PackageManager(  844): Unknown permission com.sec.knox.containeragent.USE_CONTAINERAGENT in package com.sec.android.app.music
W/PackageManager(  844): Not granting permission android.permission.READ_DREAM_STATE to package com.google.android.gsf (protectionLevel=2 flags=0x40883e45)
W/PackageManager(  844): Unknown permission android.intent.action.USER_PRESENT in package com.android.keyguard
W/PackageManager(  844): Unknown permission com.sec.android.signaturelock.permission.ACCESS_SIGNATURE in package com.android.keyguard
W/PackageManager(  844): Unknown permission com.samsung.android.permission.LAUNCH_FINGERPRINT_SERVICE in package com.android.keyguard
W/PackageManager(  844): Unknown permission com.sec.android.usm.permission.RECEIVE_BROADCAST in package com.sec.android.app.voicerecorder
W/PackageManager(  844): Unknown permission android.permission.ACCESS_DEV_STORAGE in package com.sec.android.app.voicerecorder
W/PackageManager(  844): Unknown permission com.sec.knox.containeragent.USE_CONTAINERAGENT in package com.sec.android.app.voicerecorder
W/PackageManager(  844): Unknown permission com.sec.android.app.factorytest.permission.KEYSTRING in package com.sec.phone
W/PackageManager(  844): Unknown permission com.android.samsung.rmt_exercise.permission.KEYSTRING in package com.sec.phone
W/PackageManager(  844): Unknown permission com.samsungtest.SlateTest.SLATE_DM_CMD in package com.sec.phone
W/PackageManager(  844): Unknown permission com.samsung.InputEventApp.permission.UTS_DM_CMD in package com.sec.phone
W/PackageManager(  844): Unknown permission com.sec.android.app.InputEventApp.permission.KEYSTRING in package com.sec.phone
W/PackageManager(  844): Unknown permission provider.settingsearch.permission.WRITE in package com.samsung.android.app.assistantmenu
W/PackageManager(  844): Unknown permission com.samsung.android.permission.GET_SECRET_PACKAGE_LIST in package com.sec.android.SimpleWidget
W/PackageManager(  844): Unknown permission com.sec.android.app.twdvfs.DVFS_BOOSTER_PERMISSION in package com.android.contacts
W/PackageManager(  844): Unknown permission com.android.contactsprovider.permission.RESET in package com.android.contacts
W/PackageManager(  844): Unknown permission com.samsung.rcs.settings.READ_PERMISSION in package com.android.contacts
W/PackageManager(  844): Unknown permission com.samsung.rcs.settings.WRITE_PERMISSION in package com.android.contacts
W/PackageManager(  844): Unknown permission com.samsung.rcs.presence.READ_PERMISSION in package com.android.contacts
W/PackageManager(  844): Unknown permission com.samsung.rcs.presence.WRITE_PERMISSION in package com.android.contacts
W/PackageManager(  844): Unknown permission com.samsung.rcs.serviceprovider.READ_PERMISSION in package com.android.contacts
W/PackageManager(  844): Unknown permission com.samsung.rcs.serviceprovider.WRITE_PERMISSION in package com.android.contacts
W/PackageManager(  844): Unknown permission com.samsung.rcs.permission.RCS_APP_PERMISSION in package com.android.contacts
W/PackageManager(  844): Unknown permission com.sec.ims.android.rcs.READ_PERMISSION in package com.android.contacts
W/PackageManager(  844): Unknown permission com.samsung.tmowfc.wfcprovider.permission.READ_WFCPROVIDER in package com.android.contacts
W/PackageManager(  844): Unknown permission com.samsung.commonimsinterface.PERMISSION in package com.android.contacts
W/PackageManager(  844): Unknown permission com.sec.ims.android.volteenabled.READ_PERMISSION in package com.android.contacts
W/PackageManager(  844): Unknown permission com.sec.ims.android.volteenabled.WRITE_PERMISSION in package com.android.contacts
W/PackageManager(  844): Unknown permission com.sec.android.util.HiddenMenuContent.READ_PERMISSION in package com.android.contacts
W/PackageManager(  844): Unknown permission com.sec.android.util.HiddenMenuContent.WRITE_PERMISSION in package com.android.contacts
W/PackageManager(  844): Unknown permission com.oem.smartwifisupport.WfcApplication in package com.android.contacts
W/PackageManager(  844): Unknown permission com.sec.knox.containeragent.USE_CONTAINERAGENT in package com.samsung.everglades.video
W/PackageManager(  844): Unknown permission com.customermobile.demo.intent.action.DEMO_CONTROL in package com.sec.android.app.parser
W/PackageManager(  844): Unknown permission com.sec.android.app.hiddenmenu.permission.KEYSTRING in package com.sec.android.app.parser
W/PackageManager(  844): Unknown permission com.sec.android.voltesettings.permission.KEYSTRING in package com.sec.android.app.parser
W/PackageManager(  844): Unknown permission com.samsung.syncservice.permission.OMADM.KEYSTRING in package com.sec.android.app.parser
W/PackageManager(  844): Unknown permission com.samsung.difactorycamera.permission.ACCESS in package com.sec.android.app.parser
W/PackageManager(  844): Unknown permission com.samsung.dizoom.permission.ACCESS in package com.sec.android.app.parser
W/PackageManager(  844): Unknown permission com.android.vending.billing.IBillingAccountService.BIND2 in package com.google.android.gsf.login
W/PackageManager(  844): Unknown permission com.sec.android.app.twdvfs.DVFS_BOOSTER_PERMISSION in package com.sec.android.inputmethod
W/PackageManager(  844): Unknown permission com.sec.android.daemonapp.ap.kweather.KWEATHER_DAEMON_ACCESS_PROVIDER in package com.android.calendar
W/PackageManager(  844): Unknown permission com.sec.android.daemonapp.cmaweather.CMAWEATHER_DAEMON_ACCESS_PROVIDER in package com.android.calendar
W/PackageManager(  844): Unknown permission com.sec.android.daemonapp.ap.weathernewsjp.WEATHERNEWS_DAEMON_ACCESS_PROVIDER in package com.android.calendar
W/PackageManager(  844): Unknown permission com.sec.android.app.sns3.permission.READ_SNSDB in package com.android.calendar
W/PackageManager(  844): Unknown permission com.sec.android.app.sns3.sp.facebook.permission.READ_DB in package com.android.calendar
W/PackageManager(  844): Unknown permission com.sec.android.widgetapp.q1_penmemo.permission.READ in package com.android.calendar
W/PackageManager(  844): Unknown permission samsung.android.snoteprovider.permission.READ in package com.android.calendar
W/PackageManager(  844): Unknown permission samsung.android.snoteprovider.permission.WRITE in package com.android.calendar
W/PackageManager(  844): Unknown permission sstream.app.StoryProvider.WRITE.PERMISSION in package com.android.calendar
W/PackageManager(  844): Unknown permission com.sec.android.app.twdvfs.DVFS_BOOSTER_PERMISSION in package com.sec.android.app.sbrowser
W/PackageManager(  844): Unknown permission com.sprint.internal.permission.SYSTEMPROPERTIES in package com.sec.android.app.sbrowser
W/PackageManager(  844): Unknown permission com.sec.android.permission.SIDESYNC_URL in package com.sec.android.app.sbrowser
W/PackageManager(  844): Unknown permission nof.permission.RECEIVE_USER_MODE in package com.sec.android.app.sbrowser
W/PackageManager(  844): Unknown permission com.sec.android.app.camera.permission.SHOOTING_MODE in package com.arcsoft.picturesbest.app
W/PackageManager(  844): Unknown permission android.permission.FOREGROUND_SERVICE in package com.discord
W/PackageManager(  844): Not granting permission android.permission.PACKAGE_USAGE_STATS to package com.discord (protectionLevel=18 flags=0xd83e44)
W/PackageManager(  844): Unknown permission com.google.android.finsky.permission.BIND_GET_INSTALL_REFERRER_SERVICE in package com.discord
W/PackageManager(  844): Not granting permission android.permission.BROADCAST_PACKAGE_REMOVED to package com.google.android.marvin.talkback (protectionLevel=2 flags=0xc9be45)
W/PackageManager(  844): Not granting permission android.permission.ACCESS_USB to package com.siso.app.genericprintservice (protectionLevel=18 flags=0x88be45)
W/PackageManager(  844): Unknown permission com.dashwire.config.launcher.SEND_HOMESCREEN_RESULT in package com.sec.android.app.launcher
W/PackageManager(  844): Unknown permission com.samsung.android.providers.context.permission.READ_APP_USAGE_DB in package com.sec.android.app.launcher
W/PackageManager(  844): Unknown permission com.samsung.android.widgetapp.briefing4x2.permission.READ_APP_USAGE in package com.sec.android.app.launcher
W/PackageManager(  844): Unknown permission com.samsung.android.service.travel.permission.TRAVEL_SERVICE in package com.sec.android.app.launcher
W/PackageManager(  844): Unknown permission com.samsung.android.tripwidget.permission.TRAVEL_WIDGET in package com.sec.android.app.launcher
W/PackageManager(  844): Unknown permission com.sec.android.app.twdvfs.DVFS_BOOSTER_PERMISSION in package com.sec.android.app.launcher
W/PackageManager(  844): Unknown permission com.sec.android.providers.insight.permission.READ_INSIGHT_DB in package com.sec.android.app.launcher
W/PackageManager(  844): Unknown permission sstream.app.StoryProvider.Covers.READ_PERMISSION in package com.sec.android.app.launcher
W/PackageManager(  844): Unknown permission com.sec.spp.permission.TOKEN_a1a30b694300dac6f59ae7b791d9eef52f677d5a5fe53412b7608126d463248f21f62f60c9bc92da81138bf6f292302d960c7273f648e5596bc9fea9ca594701e696c0917204658ac9f0e74745807472e9d3e9977f667274ee768334b7f9004f9a0046decafe7e068ad420d39e629d727f6b28195b118d7f7a4230be62243bd1 in package com.sec.spp.push
W/PackageManager(  844): Unknown permission com.sec.spp.permission.TOKEN_93826e86cec89c5a525ae83ddf9ebd98ecc233c92e8756bc704afa2d0778c64fdb5fef0d4cf09b8d73963b6df482827430806db3a69e587adc1c167cc50e7207453c58ea58cad7caaef5646b8deb9556378af5867696aa51fbca0e2f918d7d12a6f0b7acd5bba2d48c6688ee2089b816ad6fb0bc395f6986b71129090f423d3d in package com.sec.spp.push
W/PackageManager(  844): Unknown permission com.android.voicemail.permission.READ_VOICEMAIL in package com.google.android.gms
W/PackageManager(  844): Unknown permission android.permission.BODY_SENSORS in package com.google.android.gms
W/PackageManager(  844): Not granting permission android.permission.FORCE_STOP_PACKAGES to package com.google.android.gms (protectionLevel=2 flags=0x40c83e45)
W/PackageManager(  844): Unknown permission android.permission.RECOVERY in package com.google.android.gms
W/PackageManager(  844): Not granting permission android.permission.READ_DREAM_STATE to package com.google.android.gms (protectionLevel=2 flags=0x40c83e45)
