D/EnterpriseDeviceManager(  844): ContainerId: 0
I/PackageManager(  844):   Action: "android.intent.action.SENDTO"
I/PackageManager(  844):   Category: "android.intent.category.DEFAULT"
I/PackageManager(  844):   Scheme: "smsto"
I/PackageManager(  844): Adding preferred activity ComponentInfo{com.android.mms/com.android.mms.ui.ConversationComposer} for user 0 :
E/EnterpriseContainerManager(  844): ContainerPolicy Service is not yet ready!!!
D/EnterpriseDeviceManager(  844): ContainerId: 0
I/PackageManager(  844):   Action: "android.intent.action.SENDTO"
I/PackageManager(  844):   Category: "android.intent.category.DEFAULT"
I/PackageManager(  844):   Scheme: "mms"
I/PackageManager(  844): Adding preferred activity ComponentInfo{com.android.mms/com.android.mms.ui.ConversationComposer} for user 0 :
E/EnterpriseContainerManager(  844): ContainerPolicy Service is not yet ready!!!
D/EnterpriseDeviceManager(  844): ContainerId: 0
I/PackageManager(  844):   Action: "android.intent.action.SENDTO"
I/PackageManager(  844):   Category: "android.intent.category.DEFAULT"
I/PackageManager(  844):   Scheme: "mmsto"
I/PackageManager(  844): Adding preferred activity ComponentInfo{com.android.mms/com.android.mms.ui.ConversationComposer} for user 0 :
D/dalvikvm(  844): GC_EXPLICIT freed 1346K, 46% free 32690K/60000K, paused 6ms+22ms, total 248ms
D/PackageManager(  844): delete sourFile : 
D/PackageManager(  844): delete native library directory: 
D/PackageManager(  844): return install result to caller: 1123012344
D/PackageManager(  844): returnCode: 1
W/Resources(  844): Converting to string: TypedValue{t=0x12/d=0xffffffff a=-1}
E/EnterpriseContainerManager(  844): ContainerPolicy Service is not yet ready!!!
D/EnterpriseDeviceManager(  844): ContainerId: 0
W/Resources(  844): Converting to string: TypedValue{t=0x12/d=0xffffffff a=-1}
W/Resources(  844): Converting to string: TypedValue{t=0x12/d=0xffffffff a=-1}
W/Resources(  844): Converting to string: TypedValue{t=0x12/d=0x0 a=-1}
W/Resources(  844): Converting to string: TypedValue{t=0x12/d=0xffffffff a=-1}
W/Resources(  844): Converting to string: TypedValue{t=0x12/d=0x0 a=-1}
W/Resources(  844): Converting to string: TypedValue{t=0x12/d=0xffffffff a=-1}
D/UserAnalysis.UserAnalysisBroadcastReceiver( 4581): Create SecureDbHelper
W/Resources(  844): Converting to string: TypedValue{t=0x12/d=0xffffffff a=-1}
W/Resources(  844): Converting to string: TypedValue{t=0x12/d=0xffffffff a=-1}
W/Resources(  844): Converting to string: TypedValue{t=0x12/d=0xffffffff a=-1}
D/CapabilityManagerService New(29270): Receiver Broadcast:android.intent.action.PACKAGE_REMOVED
D/CapabilityManagerService New(29270): The package(leap.droidcord) updated
W/Resources(  844): Converting to string: TypedValue{t=0x12/d=0xffffffff a=-1}
W/Resources(  844): Converting to string: TypedValue{t=0x12/d=0xffffffff a=-1}
W/Resources(  844): Converting to string: TypedValue{t=0x12/d=0xffffffff a=-1}
W/ContextImpl(32319): Calling a method in the system process without a qualified user: android.app.ContextImpl.startService:1865 android.content.ContextWrapper.startService:506 android.content.ContextWrapper.startService:506 com.android.keychain.KeyChainBroadcastReceiver.onReceive:12 android.app.ActivityThread.handleReceiver:2575 
W/Resources(  844): Converting to string: TypedValue{t=0x12/d=0xffffffff a=-1}
I/HomeSyncInstallReceiver( 1177): This pkg do not need BT addr. Do nothing
I/ConfigFetchService( 1308): PackageReceiver: Intent { act=android.intent.action.PACKAGE_ADDED dat=package:leap.droidcord flg=0x4000010 cmp=com.google.android.gms/.config.ConfigFetchService$PackageReceiver (has extras) }
W/Resources(  844): Converting to string: TypedValue{t=0x12/d=0xffffffff a=-1}
W/Resources(  844): Converting to string: TypedValue{t=0x12/d=0xffffffff a=-1}
W/Resources(  844): Converting to string: TypedValue{t=0x12/d=0xffffffff a=-1}
W/Resources(  844): Converting to string: TypedValue{t=0x12/d=0x0 a=-1}
W/Resources(  844): Converting to string: TypedValue{t=0x12/d=0xffffffff a=-1}
W/Resources(  844): Converting to string: TypedValue{t=0x12/d=0x0 a=-1}
W/Resources(  844): Converting to string: TypedValue{t=0x12/d=0xffffffff a=-1}
I/ConfigService( 1420): onCreate
I/CrashAnrDetector(  844): onPackageUpdateFinished : leap.droidcord
I/ConfigService( 1420): onBind for Intent { act=com.google.android.gms.config.UPDATE pkg=com.google.android.gms } action com.google.android.gms.config.UPDATE
I/ConfigFetchService( 1308): onStartCommand Intent { act=android.intent.action.PACKAGE_ADDED dat=package:leap.droidcord cmp=com.google.android.gms/.config.ConfigFetchService (has extras) }
I/ConfigFetchService( 1308): launchTask
I/ConfigService( 1420): onBind returning update interface
I/ConfigService( 1420): onBind for Intent { act=com.google.android.gms.config.START pkg=com.google.android.gms } action com.google.android.gms.config.START
I/ConfigService( 1420): onBind returning config service
I/ConfigFetchService( 1308): service connected
I/ConfigClient( 1308): service connected
D/PackageBroadcastService( 1308): Received broadcast action=android.intent.action.PACKAGE_ADDED and uri=leap.droidcord
I/PeopleContactsSync( 1308): CP2 sync disabled
E/EnterpriseContainerManager(  844): ContainerPolicy Service is not yet ready!!!
D/EnterpriseDeviceManager(  844): ContainerId: 0
E/EnterpriseContainerManager(  844): ContainerPolicy Service is not yet ready!!!
W/LicenseLogService(  844): log() failed
E/EnterpriseContainerManager(  844): ContainerPolicy Service is not yet ready!!!
E/EnterpriseContainerManager(  844): ContainerPolicy Service is not yet ready!!!
D/EnterpriseDeviceManager(  844): ContainerId: 0
E/EnterpriseContainerManager(  844): ContainerPolicy Service is not yet ready!!!
W/LicenseLogService(  844): log() failed
E/EnterpriseContainerManager(  844): ContainerPolicy Service is not yet ready!!!
I/PCWCLIENTTRACE_PushUtil(29227): SPPPushClient is installed : true
I/PCWCLIENTTRACE_PushUtil(29227): sales region : global
I/PCWCLIENTTRACE_PushUtil(29227): getPushTypeList : [SPP, GCM]
I/PCWCLIENTTRACE_SYSTEMReceiver(29227): [onReceive] - android.intent.action.PACKAGE_ADDED
E/EnterpriseContainerManager(  844): ContainerPolicy Service is not yet ready!!!
D/EnterpriseDeviceManager(  844): ContainerId: 0
E/EnterpriseContainerManager(  844): ContainerPolicy Service is not yet ready!!!
W/LicenseLogService(  844): log() failed
E/EnterpriseContainerManager(  844): ContainerPolicy Service is not yet ready!!!
I/SA      (29253): [PMR] Received action : android.intent.action.PACKAGE_ADDED
I/SA      (29253): [SUR] onReceive log=[SA = 1.6.0069 V = 19 HWD = 1280X720 2.0 dpi = 320  SIZE = 2 LOCALE = es_ES CSC = PHE MCC = 0 MNC 0 T = user DEVICE = s3ve3g P = s3ve3gxx I = KOT49H M = GT-I9301I OKLEFT false DIS KOT49H.I9301IXCSAQA2 PSS = 4.818272683021294  ]
I/SA      (29253): [SUR] onReceive Intent=[ action.PACKAGE_ADDED. package extra.UID.:10176 extra.REPLACING.:true extra.user_handle.:0 ]
I/IcingCorporaProvider( 2623): Updating corpora: APPS=leap.droidcord, CONTACTS=MAYBE
D/FileShare-Server(32392): ServerBroadcastReceiver.onReceive - action android.intent.action.PACKAGE_ADDED // package:leap.droidcord
D/FileShare-Server(32392): ServerBroadcastReceiver.onReceive - Current User : UserHandle{0}
D/FileShare-Server(32392): ServerBroadcastReceiver.onReceive - All UserInfo: [UserInfo{0:Propietario:13}]
D/CapabilityManagerService New(29270): Receiver Broadcast:android.intent.action.PACKAGE_ADDED
D/PackageIntentReceiver(29282): ACTION_PACKAGE_ADDED
D/PackageIntentReceiver(29282): Not GearManger package! 
D/STATUSBAR-NetworkController( 1037): refreshSignalCluster - setNWBoosterIndicators(false)
D/STATUSBAR-NetworkController( 1037): refreshSignalCluster: data=-1 bt=false
D/STATUSBAR-IconMerger( 1037): checkOverflow(288), More:false, Req:false Child:3
D/PackageBroadcastService( 1308): Received broadcast action=android.intent.action.PACKAGE_REPLACED and uri=leap.droidcord
E/EnterpriseContainerManager(  844): ContainerPolicy Service is not yet ready!!!
D/EnterpriseDeviceManager(  844): ContainerId: 0
E/EnterpriseContainerManager(  844): ContainerPolicy Service is not yet ready!!!
I/PeopleContactsSync( 1308): CP2 sync disabled
W/LicenseLogService(  844): log() failed
E/EnterpriseContainerManager(  844): ContainerPolicy Service is not yet ready!!!
E/EnterpriseContainerManager(  844): ContainerPolicy Service is not yet ready!!!
D/EnterpriseDeviceManager(  844): ContainerId: 0
E/EnterpriseContainerManager(  844): ContainerPolicy Service is not yet ready!!!
W/LicenseLogService(  844): log() failed
E/EnterpriseContainerManager(  844): ContainerPolicy Service is not yet ready!!!
I/PCWCLIENTTRACE_PushUtil(29227): SPPPushClient is installed : true
I/PCWCLIENTTRACE_PushUtil(29227): sales region : global
I/PCWCLIENTTRACE_PushUtil(29227): getPushTypeList : [SPP, GCM]
I/PCWCLIENTTRACE_SYSTEMReceiver(29227): [onReceive] - android.intent.action.PACKAGE_REPLACED
D/PCWCLIENTTRACE_SYSTEMReceiver(29227): ACTION_PACKAGE_REPLACED_START
E/EnterpriseContainerManager(  844): ContainerPolicy Service is not yet ready!!!
D/EnterpriseDeviceManager(  844): ContainerId: 0
E/EnterpriseContainerManager(  844): ContainerPolicy Service is not yet ready!!!
W/LicenseLogService(  844): log() failed
E/EnterpriseContainerManager(  844): ContainerPolicy Service is not yet ready!!!
I/SA      (29253): [PMR] Received action : android.intent.action.PACKAGE_REPLACED
I/IcingCorporaProvider( 2623): UpdateCorporaTask done [took 82 ms] updated apps [took 82 ms] 
I/SA      (29253): [SUR] onReceive log=[SA = 1.6.0069 V = 19 HWD = 1280X720 2.0 dpi = 320  SIZE = 2 LOCALE = es_ES CSC = PHE MCC = 0 MNC 0 T = user DEVICE = s3ve3g P = s3ve3gxx I = KOT49H M = GT-I9301I OKLEFT false DIS KOT49H.I9301IXCSAQA2 PSS = 4.818272683021294  ]
I/SA      (29253): [SUR] onReceive Intent=[ action_PACKAGE_REPLACED package extra.UID.:10176 extra.REPLACING.:true extra.user_handle.:0 ]
I/IapReceiver(29308): IAP INSTALL COMPLETE
W/ApplicationsProvider( 1338): Could not fetch usage stats
W/ApplicationsProvider( 1338): java.lang.SecurityException: Neither user 10020 nor current process has android.permission.PACKAGE_USAGE_STATS.
W/ApplicationsProvider( 1338): 	at android.os.Parcel.readException(Parcel.java:1472)
W/ApplicationsProvider( 1338): 	at android.os.Parcel.readException(Parcel.java:1426)
W/ApplicationsProvider( 1338): 	at com.android.internal.app.IUsageStats$Stub$Proxy.getAllPkgUsageStats(IUsageStats.java:317)
W/ApplicationsProvider( 1338): 	at android.app.ActivityManager.getAllPackageUsageStats(ActivityManager.java:2516)
W/ApplicationsProvider( 1338): 	at com.android.providers.applications.ApplicationsProvider.fetchUsageStats(ApplicationsProvider.java:681)
W/ApplicationsProvider( 1338): 	at com.android.providers.applications.ApplicationsProvider.updateApplicationsList(ApplicationsProvider.java:519)
W/ApplicationsProvider( 1338): 	at com.android.providers.applications.ApplicationsProvider.access$300(ApplicationsProvider.java:70)
W/ApplicationsProvider( 1338): 	at com.android.providers.applications.ApplicationsProvider$UpdateHandler.handleMessage(ApplicationsProvider.java:212)
W/ApplicationsProvider( 1338): 	at android.os.Handler.dispatchMessage(Handler.java:102)
W/ApplicationsProvider( 1338): 	at android.os.Looper.loop(Looper.java:136)
W/ApplicationsProvider( 1338): 	at android.os.HandlerThread.run(HandlerThread.java:61)
W/ApplicationsProvider( 1338): Could not fetch usage stats
W/ApplicationsProvider( 1338): java.lang.SecurityException: Neither user 10020 nor current process has android.permission.PACKAGE_USAGE_STATS.
W/ApplicationsProvider( 1338): 	at android.os.Parcel.readException(Parcel.java:1472)
W/ApplicationsProvider( 1338): 	at android.os.Parcel.readException(Parcel.java:1426)
W/ApplicationsProvider( 1338): 	at com.android.internal.app.IUsageStats$Stub$Proxy.getAllPkgUsageStats(IUsageStats.java:317)
W/ApplicationsProvider( 1338): 	at android.app.ActivityManager.getAllPackageUsageStats(ActivityManager.java:2516)
W/ApplicationsProvider( 1338): 	at com.android.providers.applications.ApplicationsProvider.fetchUsageStats(ApplicationsProvider.java:681)
W/ApplicationsProvider( 1338): 	at com.android.providers.applications.ApplicationsProvider.updateApplicationsList(ApplicationsProvider.java:519)
W/ApplicationsProvider( 1338): 	at com.android.providers.applications.ApplicationsProvider.access$300(ApplicationsProvider.java:70)
W/ApplicationsProvider( 1338): 	at com.android.providers.applications.ApplicationsProvider$UpdateHandler.handleMessage(ApplicationsProvider.java:209)
W/ApplicationsProvider( 1338): 	at android.os.Handler.dispatchMessage(Handler.java:102)
W/ApplicationsProvider( 1338): 	at android.os.Looper.loop(Looper.java:136)
W/ApplicationsProvider( 1338): 	at android.os.HandlerThread.run(HandlerThread.java:61)
I/InputReader(  844): Touch event's action is 0x0 (deviceType=0) [pCnt=1, s=0.1489 ] when=39571196652000
I/InputDispatcher(  844): Delivering touch to: action: 0x4, toolType: 1
I/InputDispatcher(  844): Delivering touch to: action: 0x0, toolType: 1
I/InputReader(  844): Touch event's action is 0x1 (deviceType=0) [pCnt=1, s=] when=39571337783000
I/InputDispatcher(  844): Delivering touch to: action: 0x1, toolType: 1
I/AudioPolicyManagerBase(  250): getSituationVolume: isBTConnected:0 isHeadConnected:0
V/AudioPolicyManagerBase(  250): getParamFromPolicy  deviceInt = 0, situationInt = 1, situationVolume = 1.000000
V/AudioPolicyManagerBase(  250): getOutput() device 2, stream 1, samplingRate 0, format 0, channelMask 3, flags 0
V/AudioPolicyManagerBase(  250): getOutputsForDevice device 0002 -> 0002
V/AudioPolicyManagerBase(  250): selectOutput() output 2 outputDesc->mProfile->mFlags 0002 flags 0000
V/AudioPolicyManagerBase(  250): selectOutput() output 3 outputDesc->mProfile->mFlags 0004 flags 0000
V/AudioPolicyManagerBase(  250): getOutput() returns output 2
V/AudioPolicyManagerBase(  250): getOutput() device 2, stream 1, samplingRate 0, format 0, channelMask 3, flags 0
V/AudioPolicyManagerBase(  250): getOutputsForDevice device 0002 -> 0002
V/AudioPolicyManagerBase(  250): selectOutput() output 2 outputDesc->mProfile->mFlags 0002 flags 0000
V/AudioPolicyManagerBase(  250): selectOutput() output 3 outputDesc->mProfile->mFlags 0004 flags 0000
V/AudioPolicyManagerBase(  250): getOutput() returns output 2
V/AudioPolicyManagerBase(  250): getOutput() device 2, stream 1, samplingRate 44100, format 1, channelMask 3, flags 4
V/AudioPolicyManagerBase(  250): getOutputsForDevice device 0002 -> 0002
V/AudioPolicyManagerBase(  250): selectOutput() output 2 outputDesc->mProfile->mFlags 0002 flags 0004
V/AudioPolicyManagerBase(  250): selectOutput() output 3 outputDesc->mProfile->mFlags 0004 flags 0004
V/AudioPolicyManagerBase(  250): selectOutput() commonFlags for output 3, 0001
V/AudioPolicyManagerBase(  250): getOutput() returns output 3
E/EnterpriseContainerManager(  844): ContainerPolicy Service is not yet ready!!!
D/EnterpriseDeviceManager(  844): ContainerId: 0
V/ApplicationPolicy(  844): isApplicationStateBlocked userId 0 pkgname leap.droidcord
V/AudioPolicyManagerBase(  250): startOutput() output 3, stream 1, session 1218
V/AudioPolicyManagerBase(  250): changeRefCount() stream 1, count 1
V/AudioPolicyManagerBase(  250): getNewDevice() selected device 2
V/AudioPolicyManagerBase(  250): setOutputDevice() output 3 device 0002 force 0 delayMs 0 
V/AudioPolicyManagerBase(  250): setOutputDevice() prevDevice (0002)
V/AudioPolicyManagerBase(  250): setOutputDevice() setting same device 0002 or null device for output 3
V/AudioPolicyManagerBase(  250): releaseOutput() 3
E/AudioResampler(  250): Unsupported sample format, 1 bits, 2 channels
D/AudioResampler(  250): AudioResamplerOrder1::resample common!!!!!
D/AudioResampler(  250): new common resampler(44100 -> 48000, 2, 2)
D/SoundAliveResampler(  250): [SoundAliveResampler] Init+++
D/CustomFrequencyManagerService(  844): acquireDVFSLockLocked : type : DVFS_MIN_LIMIT  frequency : 1190400  uid : 1000  pid : 844  pkgName : ACTIVITY_RESUME_BOOSTER@6
W/ActivityManager(  844): mDVFSHelper.acquire()
D/PhoneStatusBar( 1037): setTransGradationMode=false, mTransparentMode=false, mSemiTransparentMode=false, mMultiWindowMode=false
D/StatusBarManagerService(  844): tr p:844,o:f
I/SurfaceFlinger(  246): id=1601 createSurf (1x1),2 flag=404, eroidcord
D/KeyguardUpdateMonitor( 1037): sendKeyguardVisibilityChanged(true)
D/KeyguardUpdateMonitor( 1037): handleKeyguardVisibilityChanged(1)
I/SELinux (16693): Function: selinux_android_load_priority [0], There is no sepolicy file.
I/SELinux (16693):  
I/SELinux (16693): Function: selinux_android_load_priority [1], There is no sepolicy version file.
I/SELinux (16693):  
I/SELinux (16693): Function: selinux_android_load_priority , priority version is VE=SEPF_GT-I9301I_4.4.2_0055
I/SELinux (16693):  
I/SELinux (16693):  
I/SELinux (16693): selinux_android_seapp_context_reload: seapp_contexts file is loaded from /seapp_contexts
D/KeyguardUpdateMonitor( 1037): sendKeyguardVisibilityChanged(true)
D/KeyguardUpdateMonitor( 1037): handleKeyguardVisibilityChanged(1)
D/PointerIcon(  844): setMouseIconStyle1 pointerType: 1001iconType:101 flag:0
D/PointerIcon(  844): setMouseCustomIcon IconType is same.101
D/PointerIcon(  844): setHoveringSpenIconStyle1 pointerType: 10001iconType:1 flag:0
D/PointerIcon(  844): setHoveringSpenCustomIcon IconType is same.1
D/dalvikvm(16693): Late-enabling CheckJNI
D/CustomFrequencyManagerService(  844): releaseDVFSLockLocked : Getting Lock type frm List : DVFS_MIN_LIMIT  frequency : 1190400  uid : 1000  pid : 844  tag : ACTIVITY_RESUME_BOOSTER@6
W/ActivityManager(  844): mDVFSHelper.release()
D/CustomFrequencyManagerService(  844): acquireDVFSLockLocked : type : DVFS_MIN_LIMIT  frequency : 1190400  uid : 1000  pid : 844  pkgName : ACTIVITY_RESUME_BOOSTER@9
I/dalvikvm(16693): Enabling JNI app bug workarounds for target SDK version 9...
D/KeyguardUpdateMonitor( 1037): sendKeyguardVisibilityChanged(true)
D/KeyguardUpdateMonitor( 1037): handleKeyguardVisibilityChanged(1)
D/KeyguardUpdateMonitor( 1037): sendKeyguardVisibilityChanged(true)
D/KeyguardUpdateMonitor( 1037): handleKeyguardVisibilityChanged(1)
D/KeyguardUpdateMonitor( 1037): sendKeyguardVisibilityChanged(true)
D/KeyguardUpdateMonitor( 1037): handleKeyguardVisibilityChanged(1)
D/EnterpriseDeviceManager(  844): ContainerId: 0
V/PhoneStatusBar( 1037): setLightsOn(true)
D/STATUSBAR-StatusBarManagerService(  844): manageDisableList what=0x0 pkg=WindowManager.LayoutParams
D/KeyguardUpdateMonitor( 1037): sendKeyguardVisibilityChanged(true)
D/KeyguardUpdateMonitor( 1037): handleKeyguardVisibilityChanged(1)
D/KeyguardUpdateMonitor( 1037): sendKeyguardVisibilityChanged(true)
D/KeyguardUpdateMonitor( 1037): handleKeyguardVisibilityChanged(1)
W/System.err(16693): Error: JSONException: Empty text
D/ProgressBar(16693): setProgressDrawable drawableHeight = 0
D/PhoneStatusBar( 1037): setTransGradationMode=false, mTransparentMode=false, mSemiTransparentMode=false, mMultiWindowMode=false
D/StatusBarManagerService(  844): tr p:16693,o:f
D/AbsListView(16693): Get MotionRecognitionManager
D/MotionRecognitionService(  844):  ssp status : false
D/AbsListView(16693): Get MotionRecognitionManager
D/AbsListView(16693): onVisibilityChanged() is called, visibility : 8
D/AbsListView(16693): unregisterIRListener() is called 
D/AbsListView(16693): onVisibilityChanged() is called, visibility : 0
D/AbsListView(16693): unregisterIRListener() is called 
D/AbsListView(16693): onVisibilityChanged() is called, visibility : 8
D/AbsListView(16693): unregisterIRListener() is called 
I/System.out(16693): Thread-1(HTTPLog):isShipBuild true
I/System.out(16693): Thread-1(HTTPLog):SmartBonding Enabling is false, SHIP_BUILD is true, log to file is false, DBG is false
D/STATUSBAR-NetworkController( 1037): refreshSignalCluster - setNWBoosterIndicators(false)
D/STATUSBAR-NetworkController( 1037): refreshSignalCluster: data=-1 bt=false
D/STATUSBAR-IconMerger( 1037): checkOverflow(288), More:false, Req:false Child:3
I/SELinux (16711): Function: selinux_android_load_priority [0], There is no sepolicy file.
I/SELinux (16711):  
I/SELinux (16711): Function: selinux_android_load_priority [1], There is no sepolicy version file.
I/SELinux (16711):  
I/SELinux (16711): Function: selinux_android_load_priority , priority version is VE=SEPF_GT-I9301I_4.4.2_0055
I/SELinux (16711):  
I/SELinux (16711):  
I/SELinux (16711): selinux_android_seapp_context_reload: seapp_contexts file is loaded from /seapp_contexts
D/KeyguardUpdateMonitor( 1037): sendKeyguardVisibilityChanged(true)
D/KeyguardUpdateMonitor( 1037): handleKeyguardVisibilityChanged(1)
I/SurfaceFlinger(  246): id=1600 Removed JnstallAppP (7/12)
I/SurfaceFlinger(  246): id=1600 Removed JnstallAppP (-2/12)
D/KeyguardUpdateMonitor( 1037): sendKeyguardVisibilityChanged(true)
D/KeyguardUpdateMonitor( 1037): handleKeyguardVisibilityChanged(1)
D/PhoneStatusBar( 1037): setSemiTransparentMode=false, mTransparentMode=false, mSemiTransparentMode=false, mMultiWindowMode=false
D/AbsListView(16693): onVisibilityChanged() is called, visibility : 4
D/AbsListView(16693): unregisterIRListener() is called 
D/AbsListView(16693): onVisibilityChanged() is called, visibility : 4
D/AbsListView(16693): unregisterIRListener() is called 
D/StatusBarManagerService(  844): semi p:16693,o:f
D/AbsListView(16693): onVisibilityChanged() is called, visibility : 0
D/AbsListView(16693): unregisterIRListener() is called 
D/AbsListView(16693): onVisibilityChanged() is called, visibility : 0
D/AbsListView(16693): unregisterIRListener() is called 
I/SurfaceFlinger(  246): id=1602 createSurf (1x1),2 flag=404, NainActivit
I/SpenGestureManager(  844): setFocusWindow21030
D/KeyguardUpdateMonitor( 1037): sendKeyguardVisibilityChanged(true)
D/KeyguardUpdateMonitor( 1037): handleKeyguardVisibilityChanged(1)
D/KeyguardUpdateMonitor( 1037): sendKeyguardVisibilityChanged(true)
D/KeyguardUpdateMonitor( 1037): handleKeyguardVisibilityChanged(1)
D/PointerIcon(  844): setMouseIconStyle1 pointerType: 1001iconType:101 flag:0
D/PointerIcon(  844): setMouseCustomIcon IconType is same.101
D/PointerIcon(  844): setHoveringSpenIconStyle1 pointerType: 10001iconType:1 flag:0
D/PointerIcon(  844): setHoveringSpenCustomIcon IconType is same.1
D/ProgressBar(16693): updateDrawableBounds: left = 0
D/ProgressBar(16693): updateDrawableBounds: top = 0
D/ProgressBar(16693): updateDrawableBounds: right = 32
D/ProgressBar(16693): updateDrawableBounds: bottom = 32
D/ProgressBar(16693): updateDrawableBounds: left = 0
D/ProgressBar(16693): updateDrawableBounds: top = 0
D/ProgressBar(16693): updateDrawableBounds: right = 658
D/ProgressBar(16693): updateDrawableBounds: bottom = 40
D/ProgressBar(16693): updateDrawableBounds: mProgressDrawable.setBounds()
D/AbsListView(16693): unregisterIRListener() is called 
D/AbsListView(16693): unregisterIRListener() is called 
D/KeyguardUpdateMonitor( 1037): sendKeyguardVisibilityChanged(true)
D/KeyguardUpdateMonitor( 1037): handleKeyguardVisibilityChanged(1)
D/KeyguardUpdateMonitor( 1037): sendKeyguardVisibilityChanged(true)
D/KeyguardUpdateMonitor( 1037): handleKeyguardVisibilityChanged(1)
W/ContextImpl(  844): Calling a method in the system process without a qualified user: android.app.ContextImpl.sendBroadcast:1509 com.android.server.InputMethodManagerService$4.run:2829 java.lang.Thread.run:841 <bottom of call stack> <bottom of call stack> 
D/AbsListView(16693): unregisterIRListener() is called 
D/KeyguardUpdateMonitor( 1037): sendKeyguardVisibilityChanged(true)
D/KeyguardUpdateMonitor( 1037): handleKeyguardVisibilityChanged(1)
D/KeyguardUpdateMonitor( 1037): sendKeyguardVisibilityChanged(true)
D/KeyguardUpdateMonitor( 1037): handleKeyguardVisibilityChanged(1)
D/KeyguardUpdateMonitor( 1037): sendKeyguardVisibilityChanged(true)
D/KeyguardUpdateMonitor( 1037): handleKeyguardVisibilityChanged(1)
D/KeyguardUpdateMonitor( 1037): sendKeyguardVisibilityChanged(true)
D/KeyguardUpdateMonitor( 1037): handleKeyguardVisibilityChanged(1)
I/SurfaceFlinger(  246): id=1601 Removed eroidcord (10/12)
I/SurfaceFlinger(  246): id=1601 Removed eroidcord (-2/12)
D/KeyguardUpdateMonitor( 1037): sendKeyguardVisibilityChanged(true)
D/KeyguardUpdateMonitor( 1037): handleKeyguardVisibilityChanged(1)
D/CustomFrequencyManagerService(  844): releaseDVFSLockLocked : Getting Lock type frm List : DVFS_MIN_LIMIT  frequency : 1190400  uid : 1000  pid : 844  tag : ACTIVITY_RESUME_BOOSTER@9
V/AudioPolicyManagerBase(  250): stopOutput() output 3, stream 1, session 1218
V/AudioPolicyManagerBase(  250): changeRefCount() stream 1, count 0
V/AudioPolicyManagerBase(  250): getNewDevice() selected device 0
V/AudioPolicyManagerBase(  250): setOutputDevice() output 3 device 0000 force 0 delayMs 100 
V/AudioPolicyManagerBase(  250): setOutputDevice() prevDevice (0002)
V/AudioPolicyManagerBase(  250): setOutputDevice() setting same device 0000 or null device for output 3
D/AbsListView(16693): unregisterIRListener() is called 
D/AbsListView(16693): unregisterIRListener() is called 
D/AbsListView(16693): unregisterIRListener() is called 
D/AndroidRuntime(16693): Shutting down VM
W/dalvikvm(16693): threadid=1: thread exiting with uncaught exception (group=0x41713da0)
E/AndroidRuntime(16693): FATAL EXCEPTION: main
E/AndroidRuntime(16693): Process: leap.droidcord, PID: 16693
E/AndroidRuntime(16693): java.lang.NullPointerException
E/AndroidRuntime(16693): 	at leap.droidcord.State$1.run(State.java:177)
E/AndroidRuntime(16693): 	at android.os.Handler.handleCallback(Handler.java:733)
E/AndroidRuntime(16693): 	at android.os.Handler.dispatchMessage(Handler.java:95)
E/AndroidRuntime(16693): 	at android.os.Looper.loop(Looper.java:136)
E/AndroidRuntime(16693): 	at android.app.ActivityThread.main(ActivityThread.java:5476)
E/AndroidRuntime(16693): 	at java.lang.reflect.Method.invokeNative(Native Method)
E/AndroidRuntime(16693): 	at java.lang.reflect.Method.invoke(Method.java:515)
E/AndroidRuntime(16693): 	at com.android.internal.os.ZygoteInit$MethodAndArgsCaller.run(ZygoteInit.java:1283)
E/AndroidRuntime(16693): 	at com.android.internal.os.ZygoteInit.main(ZygoteInit.java:1099)
E/AndroidRuntime(16693): 	at dalvik.system.NativeStart.main(Native Method)
W/ActivityManager(  844):   Force finishing activity leap.droidcord/.MainActivity
I/dumpstate(16729): begin
I/SpenGestureManager(  844): setFocusWindow0
D/EnterpriseDeviceManager(  844): ContainerId: 0
D/PointerIcon(  844): setMouseIconStyle1 pointerType: 1001iconType:101 flag:0
D/PointerIcon(  844): setMouseCustomIcon IconType is same.101
D/PointerIcon(  844): setHoveringSpenIconStyle1 pointerType: 10001iconType:1 flag:0
D/PointerIcon(  844): setHoveringSpenCustomIcon IconType is same.1
D/STATUSBAR-StatusBarManagerService(  844): manageDisableList what=0x0 pkg=WindowManager.LayoutParams
D/CrashAnrDetector(  844): processName: leap.droidcord
D/CrashAnrDetector(  844): broadcastEvent : leap.droidcord data_app_crash
I/SurfaceFlinger(  246): id=1603 createSurf (1x1),1 flag=4, eroidcord
W/ContextImpl(  844): Calling a method in the system process without a qualified user: android.app.ContextImpl.sendBroadcast:1523 com.android.server.analytics.data.collection.application.CrashAnrDetector.broadcastEvent:296 com.android.server.analytics.data.collection.application.CrashAnrDetector.processDropBoxEntry:254 com.android.server.analytics.data.collection.application.CrashAnrDetector.access$100:60 com.android.server.analytics.data.collection.application.CrashAnrDetector$1.onReceive:102 
D/KeyguardUpdateMonitor( 1037): sendKeyguardVisibilityChanged(true)
D/KeyguardUpdateMonitor( 1037): handleKeyguardVisibilityChanged(1)
D/KeyguardUpdateMonitor( 1037): sendKeyguardVisibilityChanged(true)
D/KeyguardUpdateMonitor( 1037): handleKeyguardVisibilityChanged(1)
D/KeyguardUpdateMonitor( 1037): sendKeyguardVisibilityChanged(true)
D/KeyguardUpdateMonitor( 1037): handleKeyguardVisibilityChanged(1)
D/KeyguardUpdateMonitor( 1037): sendKeyguardVisibilityChanged(true)
D/KeyguardUpdateMonitor( 1037): handleKeyguardVisibilityChanged(1)
D/KeyguardUpdateMonitor( 1037): sendKeyguardVisibilityChanged(true)
D/KeyguardUpdateMonitor( 1037): handleKeyguardVisibilityChanged(1)
E/android.os.Debug(  844): !@Dumpstate > sdumpstate -k -t -z -d -o /data/log/dumpstate_app_error
D/KeyguardUpdateMonitor( 1037): sendKeyguardVisibilityChanged(true)
D/KeyguardUpdateMonitor( 1037): handleKeyguardVisibilityChanged(1)
D/CustomFrequencyManagerService(  844): acquireDVFSLockLocked : type : DVFS_MIN_LIMIT  frequency : 1190400  uid : 1000  pid : 844  pkgName : ACTIVITY_RESUME_BOOSTER@6
W/ActivityManager(  844): mDVFSHelper.acquire()
D/KeyguardUpdateMonitor( 1037): sendKeyguardVisibilityChanged(true)
D/KeyguardUpdateMonitor( 1037): handleKeyguardVisibilityChanged(1)
D/PhoneStatusBar( 1037): setSemiTransparentMode=false, mTransparentMode=false, mSemiTransparentMode=false, mMultiWindowMode=false
D/KeyguardUpdateMonitor( 1037): sendKeyguardVisibilityChanged(true)
D/KeyguardUpdateMonitor( 1037): handleKeyguardVisibilityChanged(1)
D/StatusBarManagerService(  844): semi p:9793,o:f
D/AbsListView( 9793): onVisibilityChanged() is called, visibility : 0
D/AbsListView( 9793): unregisterIRListener() is called 
D/AbsListView( 9793): onVisibilityChanged() is called, visibility : 0
D/AbsListView( 9793): unregisterIRListener() is called 
I/SurfaceFlinger(  246): id=1604 createSurf (720x1280),1 flag=404, GileExplore
D/KeyguardUpdateMonitor( 1037): sendKeyguardVisibilityChanged(true)
D/KeyguardUpdateMonitor( 1037): handleKeyguardVisibilityChanged(1)
E/SMD     (  236): DCD ON
D/KeyguardUpdateMonitor( 1037): sendKeyguardVisibilityChanged(true)
D/KeyguardUpdateMonitor( 1037): handleKeyguardVisibilityChanged(1)
D/EnterpriseDeviceManager(  844): ContainerId: 0
D/KeyguardUpdateMonitor( 1037): sendKeyguardVisibilityChanged(true)
D/KeyguardUpdateMonitor( 1037): sendKeyguardVisibilityChanged(true)
D/STATUSBAR-StatusBarManagerService(  844): manageDisableList what=0x0 pkg=WindowManager.LayoutParams
D/KeyguardUpdateMonitor( 1037): sendKeyguardVisibilityChanged(true)
D/KeyguardUpdateMonitor( 1037): handleKeyguardVisibilityChanged(1)
D/KeyguardUpdateMonitor( 1037): handleKeyguardVisibilityChanged(1)
D/KeyguardUpdateMonitor( 1037): handleKeyguardVisibilityChanged(1)
D/KeyguardUpdateMonitor( 1037): sendKeyguardVisibilityChanged(true)
D/CustomFrequencyManagerService(  844): releaseDVFSLockLocked : Getting Lock type frm List : DVFS_MIN_LIMIT  frequency : 1190400  uid : 1000  pid : 844  tag : ACTIVITY_RESUME_BOOSTER@6
W/ActivityManager(  844): mDVFSHelper.release()
D/CustomFrequencyManagerService(  844): acquireDVFSLockLocked : type : DVFS_MIN_LIMIT  frequency : 1190400  uid : 1000  pid : 844  pkgName : ACTIVITY_RESUME_BOOSTER@9
D/KeyguardUpdateMonitor( 1037): handleKeyguardVisibilityChanged(1)
D/KeyguardUpdateMonitor( 1037): sendKeyguardVisibilityChanged(true)
D/KeyguardUpdateMonitor( 1037): handleKeyguardVisibilityChanged(1)
D/KeyguardUpdateMonitor( 1037): sendKeyguardVisibilityChanged(true)
D/KeyguardUpdateMonitor( 1037): handleKeyguardVisibilityChanged(1)
D/STATUSBAR-NetworkController( 1037): refreshSignalCluster - setNWBoosterIndicators(false)
D/STATUSBAR-NetworkController( 1037): refreshSignalCluster: data=-1 bt=false
D/STATUSBAR-IconMerger( 1037): checkOverflow(288), More:false, Req:false Child:3
D/CustomFrequencyManagerService(  844): releaseDVFSLockLocked : Getting Lock type frm List : DVFS_MIN_LIMIT  frequency : 1190400  uid : 1000  pid : 844  tag : ACTIVITY_RESUME_BOOSTER@9
V/audio_hw_primary(  250): out_standby: enter: usecase(1: low-latency-playback)
V/audio_hw_primary(  250): stop_output_stream: enter: usecase(1: low-latency-playback)
V/audio_hw_primary(  250): disable_audio_route: enter: usecase(1)
V/audio_hw_primary(  250): disable_audio_route: reset mixer path: low-latency-playback
D/audio_route(  250): ++++ audio_route_update_mixer ==============
D/audio_route(  250): Setting mixer control: SLIMBUS_0_RX Audio Mixer MultiMedia5, value: 0
D/audio_route(  250): ------ audio_route_update_mixer ==============
V/audio_hw_primary(  250): disable_audio_route: exit
V/audio_hw_primary(  250): disable_snd_device: snd_device(2: speaker)
D/audio_route(  250): ++++ audio_route_update_mixer ==============
D/audio_route(  250): Setting mixer control: RX4 Digital Volume, value: 84
D/audio_route(  250): Setting mixer control: RX4 MIX1 INP1, value: 0
D/audio_route(  250): Setting mixer control: SPK DAC Switch, value: 0
D/audio_route(  250): Setting mixer control: SLIM RX1 MUX, value: 0
D/audio_route(  250): ------ audio_route_update_mixer ==============
V/audio_hw_primary(  250): stop_output_stream: exit: status(0)
V/audio_hw_primary(  250): out_standby: exit
D/STATUSBAR-NetworkController( 1037): refreshSignalCluster - setNWBoosterIndicators(false)
D/STATUSBAR-NetworkController( 1037): refreshSignalCluster: data=-1 bt=false
D/STATUSBAR-IconMerger( 1037): checkOverflow(288), More:false, Req:false Child:3
E/SMD     (  236): DCD ON
D/STATUSBAR-NetworkController( 1037): refreshSignalCluster - setNWBoosterIndicators(false)
D/STATUSBAR-NetworkController( 1037): refreshSignalCluster: data=-1 bt=false
D/STATUSBAR-IconMerger( 1037): checkOverflow(288), More:false, Req:false Child:3
D/STATUSBAR-NetworkController( 1037): refreshSignalCluster - setNWBoosterIndicators(false)
D/STATUSBAR-NetworkController( 1037): refreshSignalCluster: data=-1 bt=false
D/STATUSBAR-IconMerger( 1037): checkOverflow(288), More:false, Req:false Child:3
D/STATUSBAR-NetworkController( 1037): refreshSignalCluster - setNWBoosterIndicators(false)
D/STATUSBAR-NetworkController( 1037): refreshSignalCluster: data=-1 bt=false
D/STATUSBAR-IconMerger( 1037): checkOverflow(288), More:false, Req:false Child:3
E/SMD     (  236): DCD ON
D/SSRMv2:SIOP(  844): SIOP:: AP = 310, Delta = 10
V/ConfigFetchTask( 1308): ConfigFetchTask getDeviceDataVersionInfo(): ABFEt1UDjeBQTvPs8tOQvLW2HJhpHrPJtNs7GjglhYX8MzXtSXUrL2Q5zzkI7XShuw2lzIUVV2dMlW9LxsvfqChohwYwXXM0yQCr0-tOnHL-1KRLxYrbCseio8ZW_ryYe1XDONxe0sOtmorJzy7E534XqW6MVnbhrBhhqbnzdgvVRly3IFnA3pkqZp0zlFVgtELkp471jnKjyvTu1I0rDX4FHgWN2I93N-WjJffGLR3RbX2OiiD3p7MiTrKglW5mpImpIxUqda9v9v8ZCiTiGGy3RZUQpktRjgHDKAFB6KPEZHsTubLbxd1hXNxOFOIOmJCu8yBL0C8dwI8j9hyypSqKK5dxQrb4E0YQON93X7i_eGu9SNvEOfVGlJtA9l_C3bjcjf4u3goh7wSSUlaoKWHzWnyu1b5BekSHTzAPAdyHihUyOKI029A
I/GoogleHttpClient( 1308): Falling back to old SSLCertificateSocketFactory
D/STATUSBAR-NetworkController( 1037): refreshSignalCluster - setNWBoosterIndicators(false)
D/STATUSBAR-NetworkController( 1037): refreshSignalCluster: data=-1 bt=false
D/STATUSBAR-IconMerger( 1037): checkOverflow(288), More:false, Req:false Child:3
D/dalvikvm( 1308): GC_CONCURRENT freed 2010K, 51% free 9513K/19104K, paused 8ms+8ms, total 72ms
W/ConfigFetchTask( 1308): bad response from server: 403 Forbidden
I/ConfigFetchService( 1308): fetch service done; releasing wakelock
I/ConfigFetchService( 1308): stopping self
I/ConfigService( 1420): onDestroy
D/STATUSBAR-NetworkController( 1037): onSignalStrengthsChanged signalStrength=SignalStrength: 22 -1 -1 -1 -1 -1 -1 99 2147483647 2147483647 2147483647 -1 2147483647 gsm|lte 0x4 level=4
E/SMD     (  236): DCD ON
D/STATUSBAR-NetworkController( 1037): onSignalStrengthsChanged signalStrength=SignalStrength: 21 -1 -1 -1 -1 -1 -1 99 2147483647 2147483647 2147483647 -1 2147483647 gsm|lte 0x4 level=4
I/dumpstate(16729): done
D/STATUSBAR-NetworkController( 1037): refreshSignalCluster - setNWBoosterIndicators(false)
D/STATUSBAR-NetworkController( 1037): refreshSignalCluster: data=-1 bt=false
D/STATUSBAR-IconMerger( 1037): checkOverflow(288), More:false, Req:false Child:3
E/SMD     (  236): DCD ON
D/PackageManager(  844): [MSG] CHECK_PENDING_VERIFICATION
V/AlarmManager(  844): waitForAlarm result :4
V/AlarmManager(  844): trigger ELAPSED_REALTIME_WAKEUP or RTC_WAKEUP
D/dalvikvm(29048): GC_CONCURRENT freed 1277K, 49% free 9874K/19104K, paused 3ms+2ms, total 25ms
D/Finsky  (29048): [1] 5.onFinished: Installation state replication succeeded.
D/dalvikvm(16693): Debugger has detached; object registry had 1 entries
E/SMD     (  236): DCD ON
D/SSRMv2:SIOP(  844): SIOP:: AP = 300, Delta = -10
E/Watchdog(  844): !@Sync 1319
E/SMD     (  236): DCD ON
I/InputReader(  844): Touch event's action is 0x0 (deviceType=0) [pCnt=1, s=0.1490 ] when=39592800709000
I/InputDispatcher(  844): Delivering touch to: action: 0x4, toolType: 1
I/InputDispatcher(  844): Delivering touch to: action: 0x0, toolType: 1
I/InputReader(  844): Touch event's action is 0x1 (deviceType=0) [pCnt=1, s=] when=39592875030000
I/InputDispatcher(  844): Delivering touch to: action: 0x1, toolType: 1
I/InputReader(  844): Touch event's action is 0x0 (deviceType=0) [pCnt=1, s=0.1491 ] when=39593148216000
I/InputDispatcher(  844): Delivering touch to: action: 0x4, toolType: 1
I/InputDispatcher(  844): Delivering touch to: action: 0x0, toolType: 1
I/InputReader(  844): Touch event's action is 0x1 (deviceType=0) [pCnt=1, s=] when=39593222769000
I/InputDispatcher(  844): Delivering touch to: action: 0x1, toolType: 1
I/AudioPolicyManagerBase(  250): getSituationVolume: isBTConnected:0 isHeadConnected:0
V/AudioPolicyManagerBase(  250): getParamFromPolicy  deviceInt = 0, situationInt = 1, situationVolume = 1.000000
V/AudioPolicyManagerBase(  250): getOutput() device 2, stream 1, samplingRate 0, format 0, channelMask 3, flags 0
V/AudioPolicyManagerBase(  250): getOutputsForDevice device 0002 -> 0002
V/AudioPolicyManagerBase(  250): selectOutput() output 2 outputDesc->mProfile->mFlags 0002 flags 0000
V/AudioPolicyManagerBase(  250): selectOutput() output 3 outputDesc->mProfile->mFlags 0004 flags 0000
V/AudioPolicyManagerBase(  250): getOutput() returns output 2
V/AudioPolicyManagerBase(  250): getOutput() device 2, stream 1, samplingRate 0, format 0, channelMask 3, flags 0
V/AudioPolicyManagerBase(  250): getOutputsForDevice device 0002 -> 0002
V/AudioPolicyManagerBase(  250): selectOutput() output 2 outputDesc->mProfile->mFlags 0002 flags 0000
V/AudioPolicyManagerBase(  250): selectOutput() output 3 outputDesc->mProfile->mFlags 0004 flags 0000
V/AudioPolicyManagerBase(  250): getOutput() returns output 2
V/AudioPolicyManagerBase(  250): getOutput() device 2, stream 1, samplingRate 44100, format 1, channelMask 3, flags 4
V/AudioPolicyManagerBase(  250): getOutputsForDevice device 0002 -> 0002
V/AudioPolicyManagerBase(  250): selectOutput() output 2 outputDesc->mProfile->mFlags 0002 flags 0004
V/AudioPolicyManagerBase(  250): selectOutput() output 3 outputDesc->mProfile->mFlags 0004 flags 0004
V/AudioPolicyManagerBase(  250): selectOutput() commonFlags for output 3, 0001
V/AudioPolicyManagerBase(  250): getOutput() returns output 3
V/AudioPolicyManagerBase(  250): startOutput() output 3, stream 1, session 1219
V/AudioPolicyManagerBase(  250): changeRefCount() stream 1, count 1
V/AudioPolicyManagerBase(  250): getNewDevice() selected device 2
V/AudioPolicyManagerBase(  250): setOutputDevice() output 3 device 0002 force 0 delayMs 0 
V/AudioPolicyManagerBase(  250): setOutputDevice() prevDevice (0002)
V/AudioPolicyManagerBase(  250): setOutputDevice() setting same device 0002 or null device for output 3
E/AudioResampler(  250): Unsupported sample format, 1 bits, 2 channels
D/AudioResampler(  250): AudioResamplerOrder1::resample common!!!!!
D/AudioResampler(  250): new common resampler(44100 -> 48000, 2, 2)
D/SoundAliveResampler(  250): [SoundAliveResampler] Init+++
V/audio_hw_primary(  250): start_output_stream: enter: usecase(1: low-latency-playback) devices(0x2)
V/audio_hw_primary(  250): select_devices: ENTER
V/audio_hw_primary(  250): select_devices: usecase(normal)
V/audio_hw_primary(  250): select_devices: usecase(PCM_PLAYBACK)
V/msm8974_platform(  250): platform_get_output_snd_device: enter: output devices(0x2)
V/msm8974_platform(  250): get_OUTPUT_snd_device: for Normal Playback
V/msm8974_platform(  250): platform_get_output_snd_device: exit: snd_device(speaker)
D/audio_hw_primary(  250): select_devices: out_snd_device(2: speaker)
D/audio_hw_primary(  250): select_devices: in_snd_device(0: dummy)
D/ACDB-LOADER(  250): ACDB -> send_audio_cal, acdb_id = 15, path =  0
D/ACDB-LOADER(  250): ACDB -> send_adm_topology
D/ACDB-LOADER(  250): ACDB -> ACDB_CMD_GET_AUDPROC_COMMON_TOPOLOGY_ID
D/ACDB-LOADER(  250): ACDB -> send_audtable
D/ACDB-LOADER(  250): ACDB -> ACDB_CMD_GET_AUDPROC_COMMON_TABLE
D/ACDB-LOADER(  250): ACDB -> AUDIO_SET_AUDPROC_CAL
D/ACDB-LOADER(  250): ACDB -> send_audvoltable
D/ACDB-LOADER(  250): ACDB -> ACDB_CMD_GET_AUDPROC_GAIN_DEP_STEP_TABLE
D/ACDB-LOADER(  250): ACDB -> AUDIO_SET_AUDPROC_VOL_CAL
D/ACDB-LOADER(  250): ACDB -> send_afe_cal
D/ACDB-LOADER(  250): ACDB -> ACDB_CMD_GET_AFE_COMMON_TABLE
D/ACDB-LOADER(  250): ACDB -> AUDIO_SET_AFE_CAL
V/audio_hw_primary(  250): enable_snd_device: snd_device(2: speaker, speaker)
D/audio_route(  250): ++++ audio_route_update_mixer ==============
D/audio_route(  250): Setting mixer control: RX4 Digital Volume, value: 83
V/AudioPolicyManagerBase(  250): releaseOutput() 3
D/audio_route(  250): Setting mixer control: RX4 MIX1 INP1, value: 5
D/audio_route(  250): Setting mixer control: SPK DAC Switch, value: 1
D/audio_route(  250): Setting mixer control: SLIM RX1 MUX, value: 1
D/audio_route(  250): ------ audio_route_update_mixer ==============
V/audio_hw_primary(  250): enable_audio_route: enter: usecase(1)
V/audio_hw_primary(  250): enable_audio_route: apply mixer path: low-latency-playback
D/audio_route(  250): ++++ audio_route_update_mixer ==============
D/audio_route(  250): Setting mixer control: SLIMBUS_0_RX Audio Mixer MultiMedia5, value: 1
D/audio_route(  250): ------ audio_route_update_mixer ==============
V/audio_hw_primary(  250): enable_audio_route: exit
V/audio_hw_primary(  250): start_output_stream: Opening PCM device card_id(0) device_id(15)
I/Process (16693): Sending signal. PID: 16693 SIG: 9
V/audio_hw_primary(  250): start_output_stream: exit
I/SpenGestureManager(  844): setFocusWindow21025
D/EnterpriseDeviceManager(  844): ContainerId: 0
D/KeyguardUpdateMonitor( 1037): sendKeyguardVisibilityChanged(true)
D/KeyguardUpdateMonitor( 1037): handleKeyguardVisibilityChanged(1)
D/STATUSBAR-StatusBarManagerService(  844): manageDisableList what=0x0 pkg=WindowManager.LayoutParams
D/PointerIcon(  844): setMouseIconStyle1 pointerType: 1001iconType:101 flag:0
D/PointerIcon(  844): setMouseCustomIcon IconType is same.101
D/PointerIcon(  844): setHoveringSpenIconStyle1 pointerType: 10001iconType:1 flag:0
D/PointerIcon(  844): setHoveringSpenCustomIcon IconType is same.1
D/AbsListView( 9793): unregisterIRListener() is called 
D/AbsListView( 9793): unregisterIRListener() is called 
E/ViewRootImpl(  844): sendUserActionEvent() mView == null
D/KeyguardUpdateMonitor( 1037): sendKeyguardVisibilityChanged(true)
D/KeyguardUpdateMonitor( 1037): handleKeyguardVisibilityChanged(1)
W/ContextImpl(  844): Calling a method in the system process without a qualified user: android.app.ContextImpl.sendBroadcast:1509 com.android.server.InputMethodManagerService$4.run:2829 java.lang.Thread.run:841 <bottom of call stack> <bottom of call stack> 
I/SurfaceFlinger(  246): id=1602 Removed NainActivit (10/13)
D/KeyguardUpdateMonitor( 1037): sendKeyguardVisibilityChanged(true)
D/KeyguardUpdateMonitor( 1037): handleKeyguardVisibilityChanged(1)
I/ActivityManager(  844): Process leap.droidcord (pid 16693) (adj 9) has died.
I/WindowState(  844): WIN DEATH: Window{42bb7368 u0 leap.droidcord/leap.droidcord.MainActivity}
D/KeyguardUpdateMonitor( 1037): sendKeyguardVisibilityChanged(true)
D/KeyguardUpdateMonitor( 1037): handleKeyguardVisibilityChanged(1)
I/SurfaceFlinger(  246): id=1603 Removed eroidcord (11/12)
I/SurfaceFlinger(  246): id=1603 Removed eroidcord (-2/12)
D/KeyguardUpdateMonitor( 1037): sendKeyguardVisibilityChanged(true)
D/KeyguardUpdateMonitor( 1037): handleKeyguardVisibilityChanged(1)
D/STATUSBAR-NetworkController( 1037): refreshSignalCluster - setNWBoosterIndicators(false)
D/STATUSBAR-NetworkController( 1037): refreshSignalCluster: data=-1 bt=false
D/STATUSBAR-IconMerger( 1037): checkOverflow(288), More:false, Req:false Child:3
D/dalvikvm(32404): GC_CONCURRENT freed 2040K, 50% free 9609K/19104K, paused 16ms+9ms, total 138ms
E/SMD     (  236): DCD ON
V/AudioPolicyManagerBase(  250): stopOutput() output 3, stream 1, session 1219
V/AudioPolicyManagerBase(  250): changeRefCount() stream 1, count 0
V/AudioPolicyManagerBase(  250): getNewDevice() selected device 0
V/AudioPolicyManagerBase(  250): setOutputDevice() output 3 device 0000 force 0 delayMs 100 
V/AudioPolicyManagerBase(  250): setOutputDevice() prevDevice (0002)
V/AudioPolicyManagerBase(  250): setOutputDevice() setting same device 0000 or null device for output 3
D/STATUSBAR-NetworkController( 1037): onSignalStrengthsChanged signalStrength=SignalStrength: 20 -1 -1 -1 -1 -1 -1 99 2147483647 2147483647 2147483647 -1 2147483647 gsm|lte 0x4 level=4
D/STATUSBAR-NetworkController( 1037): refreshSignalCluster - setNWBoosterIndicators(false)
D/STATUSBAR-NetworkController( 1037): refreshSignalCluster: data=-1 bt=false
D/STATUSBAR-IconMerger( 1037): checkOverflow(288), More:false, Req:false Child:3
D/InputReader(  844): Input event: value=1
D/InputReader(  844): !@notifyKey(172), action=0
D/InputManager-JNI(  844): !@interceptKeyBeforeQueueing(172), action=0
D/InputManager-JNI(  844): !@handleInterceptActions(172), action=0
D/RecentTasksLoader( 1037): preloadRecentTasksList
E/EnterpriseContainerManager(  844): ContainerPolicy Service is not yet ready!!!
D/EnterpriseDeviceManager(  844): ContainerId: 0
D/STATUSBAR-RecentTasksLoader( 1037): loadTasksInBackground() mstate:CANCELLED
D/STATUSBAR-RecentTasksLoader( 1037): loadThumbnailsAndIconsInBackground()
E/EnterpriseContainerManager(  844): ContainerPolicy Service is not yet ready!!!
D/EnterpriseDeviceManager(  844): ContainerId: 0
E/EnterpriseContainerManager( 1037): ContainerPolicy Service is not yet ready!!!
D/EnterpriseDeviceManager( 1037): ContainerId: 0
D/STATUSBAR-RecentTasksLoader( 1037): loadTasksInBackground -doInBackground()
E/EnterpriseContainerManager(  844): ContainerPolicy Service is not yet ready!!!
D/STATUSBAR-RecentTasksLoader( 1037): loadThumbnailsAndIconsInBackground-doInBackground()
D/EnterpriseDeviceManager(  844): ContainerId: 0
E/EnterpriseContainerManager(  844): ContainerPolicy Service is not yet ready!!!
D/EnterpriseDeviceManager(  844): ContainerId: 0
E/EnterpriseContainerManager(  844): ContainerPolicy Service is not yet ready!!!
D/EnterpriseDeviceManager(  844): ContainerId: 0
E/EnterpriseContainerManager(  844): ContainerPolicy Service is not yet ready!!!
D/EnterpriseDeviceManager(  844): ContainerId: 0
E/EnterpriseContainerManager(  844): ContainerPolicy Service is not yet ready!!!
D/EnterpriseDeviceManager(  844): ContainerId: 0
V/STATUSBAR-RecentTasksLoader( 1037): Loaded bitmap for task 199: android.graphics.Bitmap@4290c108 isPrivate? false PrivateSetting:false
D/STATUSBAR-RecentTasksLoader( 1037):     recentTasks.size():6
D/InputReader(  844): Input event: value=0
D/InputReader(  844): !@notifyKey(172), action=1
D/InputManager-JNI(  844): !@interceptKeyBeforeQueueing(172), action=1
D/InputManager-JNI(  844): !@handleInterceptActions(172), action=1
D/VoIPInterfaceManager(  844): isVoIPRinging()...
D/VoIPInterfaceManager(  844): isVoIPRunningAndDeregi()...
D/VoIPInterfaceManager(  844): Not exist call session
D/RecentTasksLoader( 1037): cancelPreloadingRecentTasksList
D/STATUSBAR-RecentTasksLoader( 1037): cancelLoadingThumbnailsAndIcons()
D/STATUSBAR-RecentTasksLoader( 1037): mTaskLoader.cancel()
D/STATUSBAR-RecentTasksLoader( 1037): mThumbnailLoader.cancel()
E/STATUSBAR-RecentTasksLoader( 1037): InterruptedException
D/STATUSBAR-RecentTasksLoader( 1037):     isCancelled - break
I/WindowManager(  844): startDockOrHome
D/PowerManagerService(  844): [api] [s] userActivity : event: 0 flags: 0 (uid: 1000 pid: 844)
D/STATUSBAR-AirplaneModeQuickSettingButton( 1037): onReceive : android.intent.action.CLOSE_SYSTEM_DIALOGS
D/CustomFrequencyManagerService(  844): acquireDVFSLockLocked : type : DVFS_MIN_LIMIT  frequency : 1190400  uid : 1000  pid : 844  pkgName : ACTIVITY_RESUME_BOOSTER@6
W/ActivityManager(  844): mDVFSHelper.acquire()
D/PointerIcon(  844): setMouseIconStyle1 pointerType: 1001iconType:101 flag:0
D/PointerIcon(  844): setMouseCustomIcon IconType is same.101
D/PointerIcon(  844): setHoveringSpenIconStyle1 pointerType: 10001iconType:1 flag:0
D/PointerIcon(  844): setHoveringSpenCustomIcon IconType is same.1
D/AbsListView( 9793): unregisterIRListener() is called 
D/AbsListView( 9793): unregisterIRListener() is called 
V/WindowManager(  844): rotationForOrientationLw(orient=1, last=0); user=0 USER_ROTATION_LOCKED sensorRotation=-1 mLidState=-1 mDockMode=0 mHdmiPlugged=false mAccelerometerDefault=false gripRotationLock=false
D/KeyguardUpdateMonitor( 1037): sendKeyguardVisibilityChanged(true)
D/KeyguardUpdateMonitor( 1037): handleKeyguardVisibilityChanged(1)
D/KeyguardUpdateMonitor( 1037): sendKeyguardVisibilityChanged(true)
D/KeyguardUpdateMonitor( 1037): handleKeyguardVisibilityChanged(1)
D/AbsListView( 1194): onVisibilityChanged() is called, visibility : 0
D/AbsListView( 1194): unregisterIRListener() is called 
D/Launcher.Workspace( 1194): exitWidgetResizeMode State: NORMAL, newDragStarted: false
D/Launcher( 1194): onRestart, Launcher: 1109580488
D/Launcher( 1194): onStart, Launcher: 1109580488
D/Launcher.HomeView( 1194): onStart
D/Launcher( 1194): onResume, Launcher: 1109580488
D/Launcher.HomeView( 1194): onResume
D/PhoneStatusBar( 1037): setSemiTransparentMode=false, mTransparentMode=false, mSemiTransparentMode=false, mMultiWindowMode=false
D/MenuAppsGridFragment( 1194): onResume
D/WallpaperManager( 1194): SEC_PRODUCT_FEATURE_COMMON_ENABLE_TEXTURE_COMPRESSION is false
D/StatusBarManagerService(  844): semi p:1194,o:f
D/WallpaperManager( 1194): SEC_PRODUCT_FEATURE_COMMON_ENABLE_TEXTURE_COMPRESSION is false
