W/PackageManager(  844): Unknown permission android.permission.PROVIDE_TRUST_AGENT in package com.google.android.gms
W/PackageManager(  844): Unknown permission com.google.android.apps.enterprise.dmagent.permission.AutoSyncPermission in package com.google.android.gms
W/PackageManager(  844): Unknown permission android.permission.MANAGE_VOICE_KEYPHRASES in package com.google.android.gms
W/PackageManager(  844): Unknown permission android.permission.REAL_GET_TASKS in package com.google.android.gms
W/PackageManager(  844): Unknown permission android.permission.READ_WIFI_CREDENTIAL in package com.google.android.gms
W/PackageManager(  844): Unknown permission android.permission.CONTROL_INCALL_EXPERIENCE in package com.google.android.gms
W/PackageManager(  844): Unknown permission android.permission.USER_ACTIVITY in package com.google.android.gms
W/PackageManager(  844): Unknown permission com.google.android.wearable.READ_SETTINGS in package com.google.android.gms
W/PackageManager(  844): Unknown permission android.permission.SCORE_NETWORKS in package com.google.android.gms
W/PackageManager(  844): Unknown permission com.google.android.gallery3d.permission.PICASA_STORE in package com.android.dreams.phototable
W/PackageManager(  844): Not granting permission com.samsung.clipboardsaveservice.CLIPBOARDSAVESERVICE_PERMISSION to package com.infraware.polarisviewer5 (protectionLevel=18 flags=0x18be45)
W/PackageManager(  844): Unknown permission com.sec.android.app.twdvfs.DVFS_BOOSTER_PERMISSION in package com.infraware.polarisviewer5
W/PackageManager(  844): Unknown permission com.android.nfc.permission.NFCEE_ADMIN in package org.simalliance.openmobileapi.service
W/PackageManager(  844): Unknown permission android.permission.READ_OWNER_DATA in package com.sec.android.app.SecSetupWizard
W/PackageManager(  844): Unknown permission android.permission.WRITE_OWNER_DATA in package com.sec.android.app.SecSetupWizard
W/PackageManager(  844): Not granting permission android.permission.INTERACT_ACROSS_USERS_FULL to package com.sec.android.app.sns3 (protectionLevel=2 flags=0x40c8be45)
W/PackageManager(  844): Unknown permission com.sec.android.app.snsimagecache.permission.READ_SNSIMAGECACHE_DB in package com.sec.android.app.sns3
W/PackageManager(  844): Unknown permission com.sec.android.app.snsimagecache.permission.REQUEST_IMAGE in package com.sec.android.app.sns3
W/PackageManager(  844): Unknown permission com.twitter.android.permission.AUTH_APP in package com.sec.android.app.sns3
W/PackageManager(  844): Unknown permission com.samsung.difactorycamera.permission.ACCESS in package com.sec.android.app.hwmoduletest
W/PackageManager(  844): Unknown permission android.permission.sec.BARCODE_READ in package com.sec.android.app.hwmoduletest
W/PackageManager(  844): Unknown permission android.permission.WRITE_OWNER_DATA in package com.sec.android.app.hwmoduletest
W/PackageManager(  844): Unknown permission android.permission.sec.BARCODE_READ in package com.sec.android.app.factorykeystring
W/PackageManager(  844): Unknown permission android.permission.WRITE_OWNER_DATA in package com.sec.android.app.factorykeystring
W/PackageManager(  844): Not granting permission android.permission.CONFIGURE_WIFI_DISPLAY to package com.sec.android.directshare (protectionLevel=2 flags=0x4098be45)
W/PackageManager(  844): Unknown permission com.sec.knox.containeragent.USE_KNOX_UI in package com.android.packageinstaller
W/PackageManager(  844): Unknown permission com.sec.android.app.shealth.HELP in package com.samsung.helphub
W/PackageManager(  844): Unknown permission com.sec.android.emeeting.activities.HelpTryitActivity in package com.samsung.helphub
W/PackageManager(  844): Unknown permission com.samsung.android.snote.permission.HELP in package com.samsung.helphub
W/PackageManager(  844): Unknown permission com.samsung.android.chartbuilder.permission.HELP in package com.samsung.helphub
W/PackageManager(  844): Unknown permission com.sec.android.systemui.PICKUP_TUTORIAL_PERMISSION in package com.samsung.helphub
W/PackageManager(  844): Unknown permission com.samsung.android.sdk.smartassistant.permission.READ_CARD_PROVIDER in package com.sec.android.sviewcover
W/PackageManager(  844): Unknown permission com.samsung.android.sdk.smartassistant.permission.WRITE_CARD_PROVIDER in package com.sec.android.sviewcover
W/PackageManager(  844): Unknown permission com.sec.android.daemonapp.ap.kweather.KWEATHER_DAEMON_ACCESS_PROVIDER in package com.sec.android.sviewcover
W/PackageManager(  844): Unknown permission com.sec.android.daemonapp.cmaweather.CMAWEATHER_DAEMON_ACCESS_PROVIDER in package com.sec.android.sviewcover
W/PackageManager(  844): Unknown permission com.sec.android.daemonapp.ap.weathernewsjp.WEATHERNEWS_DAEMON_ACCESS_PROVIDER in package com.sec.android.sviewcover
W/PackageManager(  844): Unknown permission android.permission.READ_OWNER_DATA in package com.android.email
W/PackageManager(  844): Unknown permission com.samsung.android.app.episodes.permission.IMPORT_STORYALBUM in package com.android.email
W/PackageManager(  844): Unknown permission com.samsung.android.memo.READ in package com.android.email
W/PackageManager(  844): Unknown permission com.sec.android.app.gallery3d.READ in package com.android.email
W/PackageManager(  844): Unknown permission com.sec.android.app.gallery3d.WRITE in package com.android.email
W/PackageManager(  844): Unknown permission com.samsung.wmanager.ENABLE_NOTIFICATION in package com.android.email
W/PackageManager(  844): Unknown permission com.seven.Z7.permission.ACCESS_PROVIDER in package com.android.email
W/PackageManager(  844): Unknown permission com.seven.Z7.permission.ACCESS_EVENTS in package com.android.email
W/PackageManager(  844): Unknown permission android.permission.ACCESS_DEV_STORAGE in package com.android.email
W/PackageManager(  844): Unknown permission com.sec.android.app.twdvfs.DVFS_BOOSTER_PERMISSION in package com.android.email
W/PackageManager(  844): Unknown permission sstream.app.StoryProvider.WRITE.PERMISSION in package com.android.email
W/PackageManager(  844): Unknown permission android.permission.ACCES_MOCK_LOCATION in package com.android.email
W/PackageManager(  844): Unknown permission android.permission.ACCESS_GPS in package com.android.email
W/PackageManager(  844): Unknown permission com.sds.mobiledesk.permission.READ_PROVIDER in package com.android.email
W/PackageManager(  844): Unknown permission com.sds.mobiledesk.permission.WRITE_PROVIDER in package com.android.email
W/PackageManager(  844): Unknown permission com.samsung.android.provider.smartclip.permission.WRITE in package com.sec.android.app.FlashBarService
W/PackageManager(  844): Unknown permission com.samsung.android.provider.smartclip.permission.READ in package com.sec.android.app.FlashBarService
W/PackageManager(  844): Unknown permission com.sec.android.permission.READ_MEMO in package com.wssnps
W/PackageManager(  844): Unknown permission com.sec.android.permission.WRITE_MEMO in package com.wssnps
W/PackageManager(  844): Unknown permission com.sec.android.widgetapp.q1_penmemo.permission.READ in package com.wssnps
W/PackageManager(  844): Unknown permission com.sec.android.widgetapp.q1_penmemo.permission.WRITE in package com.wssnps
W/PackageManager(  844): Unknown permission android.permission.READ_MMS in package com.wssnps
W/PackageManager(  844): Unknown permission android.permission.WRITE_MMS in package com.wssnps
W/PackageManager(  844): Unknown permission android.permission.READ_TASKS in package com.wssnps
W/PackageManager(  844): Unknown permission android.permission.WRITE_TASKS in package com.wssnps
W/PackageManager(  844): Unknown permission com.sec.mms.action.MMS_BNR in package com.wssnps
W/PackageManager(  844): Unknown permission com.sec.android.app.minidiary.service.BROADCAST_DETECT in package com.wssnps
W/PackageManager(  844): Unknown permission com.sec.permission.BACKUP_RESTORE_HOMESCREEN in package com.wssnps
W/PackageManager(  844): Unknown permission com.sec.permission.VZW_KIES_LOCATION_PERMISSION in package com.wssnps
W/PackageManager(  844): Unknown permission android.permission.REAL_GET_TASKS in package com.policydm
W/PackageManager(  844): Unknown permission com.wss.android.spdagent.permission.C2D_MESSAGE in package com.policydm
W/PackageManager(  844): Unknown permission com.sec.android.permission.KNOX in package com.policydm
W/PackageManager(  844): Unknown permission com.samsung.spd.SBA_RELOAD in package com.policydm
W/PackageManager(  844): Unknown permission com.sec.android.diagmonagent.permission.DIAGMON in package com.policydm
W/PackageManager(  844): Unknown permission com.sec.android.diagmonagent.permission.PROVIDER in package com.policydm
W/PackageManager(  844): Unknown permission com.sec.permission.SYSTEM_FILE_ACCESS in package com.policydm
W/PackageManager(  844): Unknown permission android.permission.REAL_GET_TASKS in package com.samsung.aasaservice
W/PackageManager(  844): Unknown permission com.sec.android.SYSTEM_FILE_ACCESS in package com.samsung.aasaservice
W/PackageManager(  844): Unknown permission com.samsung.android.sm.permission.BIND_DEVICE_SECURITY in package com.samsung.aasaservice
W/PackageManager(  844): Unknown permission com.samsung.android.asksmanager.permission.BIND_ASKS_MANAGER in package com.samsung.aasaservice
W/PackageManager(  844): Unknown permission com.samsung.android.app.provider.episodes.permission.READ_EPISODES_DB in package com.samsung.android.app.storyalbumwidget
W/PackageManager(  844): Unknown permission com.samsung.android.app.provider.episodes.permission.WRITE_EPISODES_DB in package com.samsung.android.app.storyalbumwidget
W/PackageManager(  844): Unknown permission com.samsung.android.app.episodes.permission.LAUNCH_MAGAZINE in package com.samsung.android.app.storyalbumwidget
W/PackageManager(  844): Unknown permission com.samsung.android.app.episodes.permission.GET_SCREENSHOT in package com.samsung.android.app.storyalbumwidget
W/PackageManager(  844): Unknown permission com.samsung.permission.wearable.CONNECT_ACCESS in package com.samsung.android.app.watchmanagerstub
W/PackageManager(  844): Unknown permission android.permission.ACCESS_DEV_STORAGE in package com.sec.android.app.camera
W/PackageManager(  844): Unknown permission com.sec.android.app.twdvfs.DVFS_BOOSTER_PERMISSION in package com.sec.android.app.camera
W/PackageManager(  844): Unknown permission com.sec.chaton.TOKEN_74e548bcd7dc013c8f8b585ba11ad16b271ceebb0acbe6c001c0aecdae65f37b366963990139710b4b5c3238053d25b7940d90c9f30e04a119c6c3dd94c276d32ec19cc4a4906ccbae88b80158ce08440ba5b1d7e14b864a076e31fa3e478f51ff186b2e995cc4d9503987cc3b80efdc331d7626ae145ce1810604514abd5fd9 in package com.sec.android.app.camera
W/PackageManager(  844): Unknown permission com.samsung.android.provider.filterprovider.permission.READ_FILTER in package com.sec.android.app.camera
W/PackageManager(  844): Unknown permission com.samsung.android.provider.filterprovider.permission.WRITE_FILTER in package com.sec.android.app.camera
W/PackageManager(  844): Unknown permission com.sec.android.daemonapp.cmaweather.CMAWEATHER_DAEMON_ACCESS_PROVIDER in package com.sec.android.app.camera
W/PackageManager(  844): Unknown permission com.sec.android.daemonapp.ap.kweather.KWEATHER_DAEMON_ACCESS_PROVIDER in package com.sec.android.app.camera
W/PackageManager(  844): Unknown permission com.sec.android.daemonapp.ap.weathernewsjp.WEATHERNEWS_DAEMON_ACCESS_PROVIDER in package com.sec.android.app.camera
W/PackageManager(  844): Unknown permission android.permission.ACCESS_FM_RECEIVER in package com.sec.android.app.fm
W/PackageManager(  844): Unknown permission com.samsung.musicplus.provider.permission.READ_MUSICPROVIDER in package com.sec.android.app.fm
W/PackageManager(  844): Unknown permission android.permission.ACCESS_DEV_STORAGE in package com.sec.android.app.myfiles
W/PackageManager(  844): Unknown permission com.sec.android.app.twdvfs.DVFS_BOOSTER_PERMISSION in package com.sec.android.app.myfiles
W/PackageManager(  844): Unknown permission com.samsung.android.app.episodes.permission.IMPORT_STORYALBUM in package com.sec.android.app.myfiles
W/PackageManager(  844): Unknown permission com.sec.knox.containeragent.USE_CONTAINERAGENT in package com.sec.android.app.myfiles
W/PackageManager(  844): Not granting permission android.permission.READ_LOGS to package com.sec.chaton (protectionLevel=50 flags=0x18be45)
W/PackageManager(  844): Unknown permission com.sec.android.app.gallery3d.READ in package com.sec.chaton
W/PackageManager(  844): Unknown permission sstream.app.StoryProvider.WRITE.PERMISSION in package com.sec.chaton
W/PackageManager(  844): Unknown permission com.sec.spp.permission.TOKEN_13b9cdc89f21278b87e0488ad5efb298532ad60905603d81a5145b0a03ce869cca937166ae9a01578767a15e8a36b9cc849a1de35bdc3facc1512f316ef9d09467c514442069ec167c16a8c8e67a4c641fc8d4b6394660a151f95a04e5c397de36c8df48dfbe0d12c45e76e6ca5a21f595994dd136023407173f9b983e2fa208 in package com.sec.chaton
W/PackageManager(  844): Unknown permission com.sec.spp.permission.TOKEN_b812511e2555d7a9d56c85891a0936d216e03c4b02b4a456ac5436ed7bace19bcf81ebd22f0e1219cadc119bffc06b494407603bcca0f3e05464d67fc08f39f7944efbcd5c2045e5ee2135da66f97c54096ebc37707f4f0a4c1ed78962b8c5e39d1079951648d807e7ea6049c58114e55e95386c9244fa9280a5a7a20e4a2931 in package com.sec.chaton
W/PackageManager(  844): Unknown permission com.sec.android.homesync.EXCLUSIVE_APP in package com.osp.app.signin
W/PackageManager(  844): Not granting permission android.permission.INTERACT_ACROSS_USERS_FULL to package com.osp.app.signin (protectionLevel=2 flags=0x4098be05)
W/PackageManager(  844): Unknown permission android.permission.READ_SETTINGS in package com.osp.app.signin
W/PackageManager(  844): Unknown permission com.sec.spp.permission.TOKEN_629e52d85fa91d200413707985ff2b21bb923206e41b8543e55c1d440a5edeb2e28d48d440dc7c7fb7f60eb39577517265b780609c8556eddbc673d21db4d7db6f17fe1b322387178eb0dc77b180f6154e4ad60bf64418c03ee0990b8783734fde37e5f82e089a04273b4650527a6b1335e2e99e94450386fd1c692106b58553 in package com.osp.app.signin
W/PackageManager(  844): Unknown permission com.samsung.android.providers.context.permission.READ_APP_USAGE_DB in package com.sec.android.app.controlpanel
W/PackageManager(  844): Unknown permission com.samsung.android.providers.context.permission.WRITE_APP_USAGE_DB in package com.sec.android.app.controlpanel
W/PackageManager(  844): Unknown permission com.qualcomm.permission.ACCESS_LOCATION_API in package com.qualcomm.location
W/PackageManager(  844): Unknown permission android.permission.ACCESS_DRM in package com.samsung.android.MtpApplication
W/PackageManager(  844): Unknown permission com.sec.android.app.twdvfs.DVFS_BOOSTER_PERMISSION in package com.samsung.android.MtpApplication
W/PackageManager(  844): Not granting permission android.permission.INTERACT_ACROSS_USERS to package com.android.dreams.basic (protectionLevel=50 flags=0x88be45)
W/PackageManager(  844): Unknown permission com.sec.android.dualclockanalog.permission.READ_DATA in package com.sec.android.app.clockpackage
W/PackageManager(  844): Unknown permission com.sec.android.dualclockanalog.permission.WRITE_DATA in package com.sec.android.app.clockpackage
W/PackageManager(  844): Unknown permission com.sec.android.daemonapp.ap.accuweather.permission.ACCU_DAEMON_ACCESS_INTENT in package com.sec.android.app.clockpackage
W/PackageManager(  844): Unknown permission com.sec.android.daemonapp.ap.yahoonews.permission.YAHOO_DAEMON_ACCESS_PROVIDER_U in package com.sec.android.app.clockpackage
W/PackageManager(  844): Unknown permission com.sec.android.daemonapp.ap.yahoostock.stockclock.permission.YAHOO_DAEMON_ACCESS_INTENT in package com.sec.android.app.clockpackage
W/PackageManager(  844): Unknown permission com.sec.android.daemonapp.ap.yahoonews.permission.YAHOO_DAEMON_ACCESS_INTENT in package com.sec.android.app.clockpackage
W/PackageManager(  844): Unknown permission com.sec.android.daemonapp.ap.kweather.permission.KW_DAEMON_ACCESS_INTENT in package com.sec.android.app.clockpackage
W/PackageManager(  844): Unknown permission com.sec.android.widgetapp.ap.edaily.stockclock.permission.EDAILY_DAEMON_ACCESS_PROVIDER in package com.sec.android.app.clockpackage
W/PackageManager(  844): Unknown permission com.sec.android.widgetapp.ap.edaily.stockclock.permission.EDAILY_DAEMON_ACCESS_INTENT in package com.sec.android.app.clockpackage
W/PackageManager(  844): Unknown permission com.sec.android.daemonapp.ap.yonhapnews.permission.YONHAP_DAEMON_ACCESS_PROVIDER in package com.sec.android.app.clockpackage
W/PackageManager(  844): Unknown permission com.sec.android.widgetapp.ap.yonhapnews.permission.YONHAP_DAEMON_ACCESS_INTENT in package com.sec.android.app.clockpackage
W/PackageManager(  844): Unknown permission com.sec.android.daemonapp.ap.sinaweather.permission.SINA_DAEMON_ACCESS_INTENT in package com.sec.android.app.clockpackage
W/PackageManager(  844): Unknown permission com.sec.android.widgetapp.ap.sinastock.stockclock.permission.SINA_DAEMON_ACCESS_PROVIDER in package com.sec.android.app.clockpackage
W/PackageManager(  844): Unknown permission com.sec.android.widgetapp.ap.sinastock.stockclock.permission.SINA_DAEMON_ACCESS_INTENT in package com.sec.android.app.clockpackage
W/PackageManager(  844): Unknown permission com.sec.android.daemonapp.ap.sinanews.permission.SINA_DAEMON_ACCESS_PROVIDER in package com.sec.android.app.clockpackage
W/PackageManager(  844): Unknown permission com.sec.android.widgetapp.ap.sinanews.permission.SINA_DAEMON_ACCESS_INTENT in package com.sec.android.app.clockpackage
W/PackageManager(  844): Unknown permission com.sec.android.daemonapp.ap.camobile.permission.CAMOBILE_DAEMON_ACCESS_PROVIDER in package com.sec.android.app.clockpackage
W/PackageManager(  844): Unknown permission com.sec.android.daemonapp.cmaweather.CMAWEATHER_DAEMON_ACCESS_PROVIDER in package com.sec.android.app.clockpackage
W/PackageManager(  844): Unknown permission com.sec.android.daemonapp.ap.kweather.KWEATHER_DAEMON_ACCESS_PROVIDER in package com.sec.android.app.clockpackage
W/PackageManager(  844): Unknown permission com.samsung.wmanager.ENABLE_NOTIFICATION in package com.sec.android.app.clockpackage
W/PackageManager(  844): Unknown permission com.sec.android.app.calendar.permission.CHANGE_CALENDAR_PREFERENCE in package com.sec.android.app.clockpackage
W/PackageManager(  844): Unknown permission android.permission.READ_MEDIA_AUDIO in package devian.tubemate.home
W/PackageManager(  844): Unknown permission android.permission.READ_MEDIA_VIDEO in package devian.tubemate.home
W/PackageManager(  844): Unknown permission android.permission.READ_MEDIA_IMAGES in package devian.tubemate.home
W/PackageManager(  844): Unknown permission android.permission.REQUEST_IGNORE_BATTERY_OPTIMIZATIONS in package devian.tubemate.home
W/PackageManager(  844): Unknown permission android.permission.FOREGROUND_SERVICE in package devian.tubemate.home
W/PackageManager(  844): Unknown permission android.permission.POST_NOTIFICATIONS in package devian.tubemate.home
W/PackageManager(  844): Unknown permission android.permission.MANAGE_EXTERNAL_STORAGE in package devian.tubemate.home
W/PackageManager(  844): Unknown permission android.permission.REQUEST_INSTALL_PACKAGES in package devian.tubemate.home
W/PackageManager(  844): Unknown permission com.google.android.gms.permission.AD_ID in package devian.tubemate.home
W/PackageManager(  844): Unknown permission android.permission.ACCESS_ADSERVICES_TOPICS in package devian.tubemate.home
W/PackageManager(  844): Unknown permission android.permission.ACCESS_ADSERVICES_ATTRIBUTION in package devian.tubemate.home
W/PackageManager(  844): Unknown permission android.permission.READ_BASIC_PHONE_STATE in package devian.tubemate.home
W/PackageManager(  844): Unknown permission com.google.android.finsky.permission.BIND_GET_INSTALL_REFERRER_SERVICE in package devian.tubemate.home
W/PackageManager(  844): Unknown permission com.sec.android.permission.LAUNCH_PERSONAL_PAGE_SERVICE in package com.android.systemui
W/PackageManager(  844): Unknown permission com.samsung.tmowfc.wfcprovider.permission.READ_WFCPROVIDER in package com.android.systemui
W/PackageManager(  844): Unknown permission com.sec.android.app.sbrowser.operatorbookmarks.permission.READ_OPERATOR_BOOKMARKS in package com.samsung.sec.android.application.csc
W/PackageManager(  844): Unknown permission com.sec.android.app.sbrowser.operatorbookmarks.permission.WRITE_OPERATOR_BOOKMARKS in package com.samsung.sec.android.application.csc
W/PackageManager(  844): Unknown permission com.sec.android.app.sbrowser.permission.QUICKACCESS in package com.samsung.sec.android.application.csc
W/PackageManager(  844): Unknown permission com.sec.android.permission.READ_MEMO in package com.samsung.sec.android.application.csc
W/PackageManager(  844): Unknown permission com.sec.android.permission.WRITE_MEMO in package com.samsung.sec.android.application.csc
W/PackageManager(  844): Unknown permission com.sec.android.widgetapp.q1_penmemo.permission.READ in package com.samsung.sec.android.application.csc
W/PackageManager(  844): Unknown permission com.sec.android.widgetapp.q1_penmemo.permission.WRITE in package com.samsung.sec.android.application.csc
W/PackageManager(  844): Unknown permission com.samsung.android.memo.READ in package com.samsung.sec.android.application.csc
W/PackageManager(  844): Unknown permission android.permission.ACCESS_DRM in package com.sec.android.app.videoplayer
W/PackageManager(  844): Unknown permission com.sec.android.app.twdvfs.DVFS_BOOSTER_PERMISSION in package com.sec.android.app.videoplayer
W/PackageManager(  844): Unknown permission com.sec.android.permission.VIDEOHUB in package com.sec.android.app.videoplayer
W/PackageManager(  844): Unknown permission android.permission.SYSTEM_ALERT in package com.sec.android.app.videoplayer
W/PackageManager(  844): Unknown permission com.sec.pcw.provider.PCloudContentProvider.READ_CONTENT in package com.sec.android.app.videoplayer
W/PackageManager(  844): Unknown permission sstream.app.StoryProvider.WRITE.PERMISSION in package com.sec.android.app.videoplayer
W/PackageManager(  844): Unknown permission com.samsung.videohub.permission.CONTENT_READ in package com.sec.android.app.videoplayer
W/PackageManager(  844): Unknown permission com.samsung.videohub.permission.CONTENT_WRITE in package com.sec.android.app.videoplayer
W/PackageManager(  844): Unknown permission com.sec.android.permission.READ_MEMO in package com.sec.android.app.DataCreate
W/PackageManager(  844): Unknown permission com.sec.android.permission.WRITE_MEMO in package com.sec.android.app.DataCreate
W/PackageManager(  844): Unknown permission com.sec.android.widgetapp.q1_penmemo.permission.READ in package com.sec.android.app.DataCreate
W/PackageManager(  844): Unknown permission com.sec.android.widgetapp.q1_penmemo.permission.WRITE in package com.sec.android.app.DataCreate
W/PackageManager(  844): Unknown permission com.samsung.android.memo.READ in package com.sec.android.app.DataCreate
W/PackageManager(  844): Unknown permission com.samsung.android.memo.WRITE in package com.sec.android.app.DataCreate
D/EnterpriseDeviceManagerService(  844): updateAdminPermissions
W/PackageManager(  844): Unknown permission com.google.android.email.permission.READ_ATTACHMENT in package com.google.android.gm
W/PackageManager(  844): Unknown permission com.google.android.email.permission.ACCESS_PROVIDER in package com.google.android.gm
W/PackageManager(  844): Not granting permission android.permission.WRITE_SECURE_SETTINGS to package com.sec.android.widgetapp.dualclockdigital (protectionLevel=50 flags=0x88be45)
W/PackageManager(  844): Unknown permission com.opera.GET_BRANDING in package com.opera.mini.android
W/PackageManager(  844): Not granting permission android.permission.WRITE_MEDIA_STORAGE to package com.estrongs.android.pop (protectionLevel=18 flags=0xc8be44)
W/PackageManager(  844): Unknown permission android.permission.ACCESS_SUPERUSER in package com.estrongs.android.pop
W/PackageManager(  844): Unknown permission .PERMISSION in package com.estrongs.android.pop
W/PackageManager(  844): Not granting permission android.permission.CHANGE_CONFIGURATION to package com.blurb.checkout (protectionLevel=50 flags=0x88be45)
W/PackageManager(  844): Not granting permission android.permission.MOUNT_UNMOUNT_FILESYSTEMS to package com.blurb.checkout (protectionLevel=18 flags=0x88be45)
W/PackageManager(  844): Unknown permission com.samsung.android.app.episodes.permission.PUBLISH_IMAGES_COMPLETE in package com.blurb.checkout
W/PackageManager(  844): Not granting permission android.permission.MANAGE_DOCUMENTS to package com.google.android.youtube (protectionLevel=18 flags=0x18be45)
W/PackageManager(  844): Unknown permission com.chrome.permission.DEVICE_EXTRAS in package com.android.chrome
W/PackageManager(  844): Unknown permission com.sec.android.permission.KNOX in package com.sec.knox.seandroid
W/PackageManager(  844): Unknown permission archos.permission.FULLSCREEN.FULL in package org.ppsspp.ppsspp
I/System.out(  844): AndroidManifest.xml getFileSize : 274556
I/System.out(  844): classes.dex getFileSize : 4423548
I/System.out(  844): resources.arsc getFileSize : 15009912
D/dalvikvm(  844): GC_CONCURRENT freed 4841K, 41% free 35601K/60000K, paused 6ms+17ms, total 136ms
D/dalvikvm(  844): WAIT_FOR_CONCURRENT_GC blocked 118ms
D/dalvikvm(  844): GC_FOR_ALLOC freed 2965K, 44% free 33711K/60000K, paused 115ms, total 115ms
I/dalvikvm-heap(  844): Grow heap (frag case) to 56.882MB for 19708032-byte allocation
I/System.out(  844): AndroidManifest.xml : 274556
D/dalvikvm(  844): GC_CONCURRENT freed 1766K, 34% free 53082K/79248K, paused 4ms+21ms, total 129ms
D/dalvikvm(  844): WAIT_FOR_CONCURRENT_GC blocked 44ms
I/System.out(  844): Total read size 19708016
I/System.out(  844): classes.dex : 4423548
E/SMD     (  236): DCD ON
I/System.out(  844): Total read size 19708016
D/dalvikvm(  844): GC_CONCURRENT freed 7614K, 28% free 57756K/79248K, paused 6ms+22ms, total 163ms
D/dalvikvm(  844): WAIT_FOR_CONCURRENT_GC blocked 139ms
I/System.out(  844): resources.arsc : 15009912
I/System.out(  844): Total read size 19708016
I/EnterpriseDeviceManagerService(  844): Payload Verified : false
W/PackageManager(  844): Unknown permission android.permission.REQUEST_INSTALL_PACKAGES in package com.rdr.androidmarket2
D/dalvikvm(  844): GC_CONCURRENT freed 27109K, 36% free 38839K/60000K, paused 6ms+35ms, total 161ms
D/dalvikvm(  844): WAIT_FOR_CONCURRENT_GC blocked 115ms
W/System.err(  844): java.util.zip.ZipException: Entry is not named
W/System.err(  844): 	at java.util.zip.ZipInputStream.getNextEntry(ZipInputStream.java:256)
W/System.err(  844): 	at com.android.server.ssrm.Unzipper.unzip(Unzipper.java:44)
W/System.err(  844): 	at com.android.server.ssrm.CustomFrequencyManagerService.stringCheckFromPms(CustomFrequencyManagerService.java:2337)
W/System.err(  844): 	at com.android.server.ssrm.SortingMachine.reviewPackageForStaticAnalysis(SortingMachine.java:363)
W/System.err(  844): 	at com.android.server.ssrm.SortingMachine.reviewPackage(SortingMachine.java:340)
W/System.err(  844): 	at com.android.server.ssrm.Monitor$1.handleMessage(Monitor.java:628)
W/System.err(  844): 	at android.os.Handler.dispatchMessage(Handler.java:102)
W/System.err(  844): 	at android.os.Looper.loop(Looper.java:136)
W/System.err(  844): 	at android.os.HandlerThread.run(HandlerThread.java:61)
I/PowerManagerService-JNI(  844): >>>>>>>>in native...
I/PowerManagerService-JNI(  844): CheckForString returning : -1
D/EnterpriseDeviceManager(  844): ContainerId: 0
D/EnterpriseDeviceManager(  844): ContainerId: 0
I/PackageManager(  844):   Action: "android.intent.action.SENDTO"
I/PackageManager(  844):   Category: "android.intent.category.DEFAULT"
I/PackageManager(  844):   Scheme: "sms"
I/MSTG    (  844): com.rdr.androidmarket2 is installing..
D/CustomFrequencyManagerService(  844): releaseDVFSLockLocked : Getting Lock type frm List : DVFS_MIN_LIMIT  frequency : 1401600  uid : 1000  pid : 844  tag : SSRM_PKG_OPT@19
D/PackageManager(  844): doPostInstall for uid{10190}
D/PackageManager(  844): + starting rerstore round-trip 63
D/PackageManager(  844): No resotre for backup - queue post-install for 63
I/PackageManager(  844): Adding preferred activity ComponentInfo{com.android.mms/com.android.mms.ui.ConversationComposer} for user 0 :
D/EnterpriseDeviceManager(  844): ContainerId: 0
I/PackageManager(  844):   Action: "android.intent.action.SENDTO"
I/PackageManager(  844):   Category: "android.intent.category.DEFAULT"
I/PackageManager(  844):   Scheme: "smsto"
I/PackageManager(  844): Adding preferred activity ComponentInfo{com.android.mms/com.android.mms.ui.ConversationComposer} for user 0 :
D/EnterpriseDeviceManager(  844): ContainerId: 0
I/PackageManager(  844):   Action: "android.intent.action.SENDTO"
I/PackageManager(  844):   Category: "android.intent.category.DEFAULT"
I/PackageManager(  844):   Scheme: "mms"
I/PackageManager(  844): Adding preferred activity ComponentInfo{com.android.mms/com.android.mms.ui.ConversationComposer} for user 0 :
D/EnterpriseDeviceManager(  844): ContainerId: 0
I/PackageManager(  844):   Action: "android.intent.action.SENDTO"
I/PackageManager(  844):   Category: "android.intent.category.DEFAULT"
I/PackageManager(  844):   Scheme: "mmsto"
I/PackageManager(  844): Adding preferred activity ComponentInfo{com.android.mms/com.android.mms.ui.ConversationComposer} for user 0 :
D/PackageManager(  844): [MSG] MCS_UNBIND
I/PackageManager(  844): calling disconnectService()
D/PackageManager(  844): Trying to unbind to DefaultContainerService
D/PackageManager(  844): [MSG] WRITE_PACKAGE_RESTRICTIONS
D/PackageManager(  844): [MSG] POST_INSTALL: observer{1120654280}
D/PackageManager(  844):           Handling post-install for 63
D/PackageManager(  844): Sending to user 0: act=android.intent.action.PACKAGE_REMOVED dat=package:com.rdr.androidmarket2 flg=0x4000000 Bundle[{android.intent.extra.REMOVED_FOR_ALL_USERS=false, android.intent.extra.UID=10190, android.intent.extra.DATA_REMOVED=false, android.intent.extra.REPLACING=true, android.intent.extra.user_handle=0}]
D/dalvikvm(29048): GC_EXPLICIT freed 1732K, 53% free 9040K/19104K, paused 3ms+3ms, total 31ms
D/dalvikvm( 2623): GC_EXPLICIT freed 625K, 55% free 8701K/19104K, paused 2ms+4ms, total 27ms
D/dalvikvm( 1338): GC_EXPLICIT freed 306K, 58% free 8204K/19104K, paused 2ms+3ms, total 40ms
D/PackageManager(  844): Sending to user 0: act=android.intent.action.PACKAGE_ADDED dat=package:com.rdr.androidmarket2 flg=0x4000000 Bundle[{android.intent.extra.UID=10190, android.intent.extra.REPLACING=true, android.intent.extra.user_handle=0}]
I/InputReader(  844): Reconfiguring input devices.  changes=0x00000010
I/elm     ( 2918): MainReceiver.onReceive() : Intent { act=android.intent.action.PACKAGE_REMOVED dat=package:com.rdr.androidmarket2 flg=0x4000010 cmp=com.sec.esdk.elm/.receiver.MainReceiver (has extras) }
I/HarmonyEASService(  844): onReceive : android.intent.action.PACKAGE_REMOVED for 0
D/dalvikvm( 1037): GC_EXPLICIT freed 4288K, 50% free 22181K/43524K, paused 2ms+8ms, total 67ms
D/AdaptiveEventManager( 1037): action=android.intent.action.PACKAGE_REMOVED
D/PackageManager(  844): Sending to user 0: act=android.intent.action.PACKAGE_REPLACED dat=package:com.rdr.androidmarket2 flg=0x4000000 Bundle[{android.intent.extra.UID=10190, android.intent.extra.REPLACING=true, android.intent.extra.user_handle=0}]
E/EnterpriseContainerManager(  844): ContainerPolicy Service is not yet ready!!!
D/EnterpriseDeviceManager(  844): ContainerId: 0
I/elm     ( 2918): MainReceiver : Receive Intent { act=android.intent.action.PACKAGE_REMOVED dat=package:com.rdr.androidmarket2 flg=0x4000010 cmp=com.sec.esdk.elm/.service.ElmAgentService (has extras) } END.
E/EnterpriseContainerManager(  844): ContainerPolicy Service is not yet ready!!!
D/EnterpriseDeviceManager(  844): ContainerId: 0
D/elm     ( 2918): ElmAgentService : onStartCommand()
I/PackageManager(  844):   Action: "android.intent.action.SENDTO"
I/PackageManager(  844):   Category: "android.intent.category.DEFAULT"
I/PackageManager(  844):   Scheme: "sms"
I/PackageManager(  844): Adding preferred activity ComponentInfo{com.android.mms/com.android.mms.ui.ConversationComposer} for user 0 :
E/EnterpriseContainerManager(  844): ContainerPolicy Service is not yet ready!!!
D/EnterpriseDeviceManager(  844): ContainerId: 0
I/InputReader(  844): Reconfiguring input devices.  changes=0x00000010
I/PackageManager(  844):   Action: "android.intent.action.SENDTO"
I/PackageManager(  844):   Category: "android.intent.category.DEFAULT"
I/PackageManager(  844):   Scheme: "smsto"
I/PackageManager(  844): Adding preferred activity ComponentInfo{com.android.mms/com.android.mms.ui.ConversationComposer} for user 0 :
E/EnterpriseContainerManager(  844): ContainerPolicy Service is not yet ready!!!
D/EnterpriseDeviceManager(  844): ContainerId: 0
I/PackageManager(  844):   Action: "android.intent.action.SENDTO"
I/PackageManager(  844):   Category: "android.intent.category.DEFAULT"
I/PackageManager(  844):   Scheme: "mms"
I/PackageManager(  844): Adding preferred activity ComponentInfo{com.android.mms/com.android.mms.ui.ConversationComposer} for user 0 :
D/dalvikvm( 1177): GC_CONCURRENT freed 2109K, 55% free 8638K/19104K, paused 2ms+4ms, total 31ms
E/EnterpriseContainerManager(  844): ContainerPolicy Service is not yet ready!!!
D/EnterpriseDeviceManager(  844): ContainerId: 0
I/PackageManager(  844):   Action: "android.intent.action.SENDTO"
I/PackageManager(  844):   Category: "android.intent.category.DEFAULT"
I/PackageManager(  844):   Scheme: "mmsto"
I/PackageManager(  844): Adding preferred activity ComponentInfo{com.android.mms/com.android.mms.ui.ConversationComposer} for user 0 :
E/EnterpriseContainerManager(  844): ContainerPolicy Service is not yet ready!!!
D/EnterpriseDeviceManager(  844): ContainerId: 0
D/BackupManagerService(  844): Received broadcast Intent { act=android.intent.action.PACKAGE_REMOVED dat=package:com.rdr.androidmarket2 flg=0x4000010 (has extras) }
I/PackageManager(  844):   Action: "android.intent.action.SENDTO"
I/PackageManager(  844):   Category: "android.intent.category.DEFAULT"
I/PackageManager(  844):   Scheme: "sms"
I/PackageManager(  844): Adding preferred activity ComponentInfo{com.android.mms/com.android.mms.ui.ConversationComposer} for user 0 :
D/PackageManager(  844): Sending to user 0: act=android.intent.action.MY_PACKAGE_REPLACED flg=0x4000000 pkg=com.rdr.androidmarket2 Bundle[{android.intent.extra.user_handle=0}]
E/EnterpriseContainerManager(  844): ContainerPolicy Service is not yet ready!!!
D/EnterpriseDeviceManager(  844): ContainerId: 0
I/InputReader(  844): Reconfiguring input devices.  changes=0x00000010
I/ConfigFetchService( 1308): PackageReceiver: Intent { act=android.intent.action.PACKAGE_REMOVED dat=package:com.rdr.androidmarket2 flg=0x4000010 cmp=com.google.android.gms/.config.ConfigFetchService$PackageReceiver (has extras) }
I/PackageManager(  844):   Action: "android.intent.action.SENDTO"
I/PackageManager(  844):   Category: "android.intent.category.DEFAULT"
I/PackageManager(  844):   Scheme: "smsto"
I/PackageManager(  844): Adding preferred activity ComponentInfo{com.android.mms/com.android.mms.ui.ConversationComposer} for user 0 :
D/EnterpriseDeviceManagerService(  844): onPackageUpdateFinished - packageName: com.rdr.androidmarket2, uid: 10190
D/EnterpriseDeviceManagerService(  844): Package has changed for user 0
D/EnterpriseDeviceManagerService(  844): Admin package name: com.google.android.gms
E/EnterpriseContainerManager(  844): ContainerPolicy Service is not yet ready!!!
D/EnterpriseDeviceManager(  844): ContainerId: 0
I/PackageManager(  844):   Action: "android.intent.action.SENDTO"
I/PackageManager(  844):   Category: "android.intent.category.DEFAULT"
I/PackageManager(  844):   Scheme: "mms"
I/PackageManager(  844): Adding preferred activity ComponentInfo{com.android.mms/com.android.mms.ui.ConversationComposer} for user 0 :
E/EnterpriseContainerManager(  844): ContainerPolicy Service is not yet ready!!!
D/EnterpriseDeviceManager(  844): ContainerId: 0
I/PackageManager(  844):   Action: "android.intent.action.SENDTO"
I/PackageManager(  844):   Category: "android.intent.category.DEFAULT"
I/PackageManager(  844):   Scheme: "mmsto"
I/PackageManager(  844): Adding preferred activity ComponentInfo{com.android.mms/com.android.mms.ui.ConversationComposer} for user 0 :
D/KeyguardUpdateMonitor( 1037): sendKeyguardVisibilityChanged(true)
D/KeyguardUpdateMonitor( 1037): handleKeyguardVisibilityChanged(1)
I/ConfigService( 1420): onCreate
I/ConfigService( 1420): onBind for Intent { act=com.google.android.gms.config.UPDATE pkg=com.google.android.gms } action com.google.android.gms.config.UPDATE
E/EnterpriseContainerManager(  844): ContainerPolicy Service is not yet ready!!!
D/EnterpriseDeviceManager(  844): ContainerId: 0
E/EnterpriseContainerManager(  844): ContainerPolicy Service is not yet ready!!!
D/EnterpriseDeviceManager(  844): ContainerId: 0
I/PackageManager(  844):   Action: "android.intent.action.SENDTO"
I/PackageManager(  844):   Category: "android.intent.category.DEFAULT"
I/PackageManager(  844):   Scheme: "sms"
I/PackageManager(  844): Adding preferred activity ComponentInfo{com.android.mms/com.android.mms.ui.ConversationComposer} for user 0 :
I/ConfigService( 1420): onBind returning update interface
I/ConfigService( 1420): onBind for Intent { act=com.google.android.gms.config.START pkg=com.google.android.gms } action com.google.android.gms.config.START
I/ConfigService( 1420): onBind returning config service
I/ConfigFetchService( 1308): onStartCommand Intent { act=android.intent.action.PACKAGE_REMOVED dat=package:com.rdr.androidmarket2 cmp=com.google.android.gms/.config.ConfigFetchService (has extras) }
D/BackupManagerService(  844): Received broadcast Intent { act=android.intent.action.PACKAGE_ADDED dat=package:com.rdr.androidmarket2 flg=0x4000010 (has extras) }
V/BackupManagerService(  844): removePackageParticipantsLocked: uid=10190 #1
E/EnterpriseContainerManager(  844): ContainerPolicy Service is not yet ready!!!
D/EnterpriseDeviceManager(  844): ContainerId: 0
I/ConfigFetchService( 1308): service connected
I/ConfigClient( 1308): service connected
V/BackupManagerService(  844): addPackageParticipantsLocked: #1
I/PackageManager(  844):   Action: "android.intent.action.SENDTO"
I/PackageManager(  844):   Category: "android.intent.category.DEFAULT"
I/PackageManager(  844):   Scheme: "smsto"
I/PackageManager(  844): Adding preferred activity ComponentInfo{com.android.mms/com.android.mms.ui.ConversationComposer} for user 0 :
E/EnterpriseContainerManager(  844): ContainerPolicy Service is not yet ready!!!
D/EnterpriseDeviceManager(  844): ContainerId: 0
I/PackageManager(  844):   Action: "android.intent.action.SENDTO"
I/PackageManager(  844):   Category: "android.intent.category.DEFAULT"
I/PackageManager(  844):   Scheme: "mms"
I/PackageManager(  844): Adding preferred activity ComponentInfo{com.android.mms/com.android.mms.ui.ConversationComposer} for user 0 :
D/PackageBroadcastService( 1308): Received broadcast action=android.intent.action.PACKAGE_REMOVED and uri=com.rdr.androidmarket2
E/EnterpriseContainerManager(  844): ContainerPolicy Service is not yet ready!!!
D/EnterpriseDeviceManager(  844): ContainerId: 0
I/ConfigService( 1420): onDestroy
I/PackageManager(  844):   Action: "android.intent.action.SENDTO"
I/PackageManager(  844):   Category: "android.intent.category.DEFAULT"
I/PackageManager(  844):   Scheme: "mmsto"
I/PackageManager(  844): Adding preferred activity ComponentInfo{com.android.mms/com.android.mms.ui.ConversationComposer} for user 0 :
W/Resources(  844): Converting to string: TypedValue{t=0x12/d=0xffffffff a=-1}
E/EnterpriseContainerManager(  844): ContainerPolicy Service is not yet ready!!!
D/EnterpriseDeviceManager(  844): ContainerId: 0
W/Resources(  844): Converting to string: TypedValue{t=0x12/d=0xffffffff a=-1}
I/PackageManager(  844):   Action: "android.intent.action.SENDTO"
I/PackageManager(  844):   Category: "android.intent.category.DEFAULT"
I/PackageManager(  844):   Scheme: "sms"
I/PackageManager(  844): Adding preferred activity ComponentInfo{com.android.mms/com.android.mms.ui.ConversationComposer} for user 0 :
E/EnterpriseContainerManager(  844): ContainerPolicy Service is not yet ready!!!
D/EnterpriseDeviceManager(  844): ContainerId: 0
I/PackageManager(  844):   Action: "android.intent.action.SENDTO"
I/PackageManager(  844):   Category: "android.intent.category.DEFAULT"
I/PackageManager(  844):   Scheme: "smsto"
I/PackageManager(  844): Adding preferred activity ComponentInfo{com.android.mms/com.android.mms.ui.ConversationComposer} for user 0 :
E/EnterpriseContainerManager(  844): ContainerPolicy Service is not yet ready!!!
D/EnterpriseDeviceManager(  844): ContainerId: 0
I/PackageManager(  844):   Action: "android.intent.action.SENDTO"
I/PackageManager(  844):   Category: "android.intent.category.DEFAULT"
I/PackageManager(  844):   Scheme: "mms"
I/PackageManager(  844): Adding preferred activity ComponentInfo{com.android.mms/com.android.mms.ui.ConversationComposer} for user 0 :
E/EnterpriseContainerManager(  844): ContainerPolicy Service is not yet ready!!!
D/EnterpriseDeviceManager(  844): ContainerId: 0
E/EnterpriseContainerManager(  844): ContainerPolicy Service is not yet ready!!!
E/EnterpriseContainerManager(  844): ContainerPolicy Service is not yet ready!!!
D/EnterpriseDeviceManager(  844): ContainerId: 0
I/PCWCLIENTTRACE_PushUtil(29227): SPPPushClient is installed : true
I/PCWCLIENTTRACE_PushUtil(29227): sales region : global
I/PCWCLIENTTRACE_PushUtil(29227): getPushTypeList : [SPP, GCM]
I/PCWCLIENTTRACE_SYSTEMReceiver(29227): [onReceive] - android.intent.action.PACKAGE_REMOVED
W/LicenseLogService(  844): log() failed
E/EnterpriseContainerManager(  844): ContainerPolicy Service is not yet ready!!!
I/PackageManager(  844):   Action: "android.intent.action.SENDTO"
I/PackageManager(  844):   Category: "android.intent.category.DEFAULT"
I/PackageManager(  844):   Scheme: "mmsto"
W/Resources(  844): Converting to string: TypedValue{t=0x12/d=0xffffffff a=-1}
I/PackageManager(  844): Adding preferred activity ComponentInfo{com.android.mms/com.android.mms.ui.ConversationComposer} for user 0 :
E/EnterpriseContainerManager(  844): ContainerPolicy Service is not yet ready!!!
D/EnterpriseDeviceManager(  844): ContainerId: 0
E/EnterpriseContainerManager(  844): ContainerPolicy Service is not yet ready!!!
W/LicenseLogService(  844): log() failed
E/EnterpriseContainerManager(  844): ContainerPolicy Service is not yet ready!!!
W/Resources(  844): Converting to string: TypedValue{t=0x12/d=0xffffffff a=-1}
W/Resources(  844): Converting to string: TypedValue{t=0x12/d=0xffffffff a=-1}
E/EnterpriseContainerManager(  844): ContainerPolicy Service is not yet ready!!!
D/EnterpriseDeviceManager(  844): ContainerId: 0
E/EnterpriseContainerManager(  844): ContainerPolicy Service is not yet ready!!!
D/EnterpriseDeviceManager(  844): ContainerId: 0
I/PackageManager(  844):   Action: "android.intent.action.SENDTO"
I/PackageManager(  844):   Category: "android.intent.category.DEFAULT"
I/PackageManager(  844):   Scheme: "sms"
I/PackageManager(  844): Adding preferred activity ComponentInfo{com.android.mms/com.android.mms.ui.ConversationComposer} for user 0 :
E/EnterpriseContainerManager(  844): ContainerPolicy Service is not yet ready!!!
D/EnterpriseDeviceManager(  844): ContainerId: 0
I/PackageManager(  844):   Action: "android.intent.action.SENDTO"
I/PackageManager(  844):   Category: "android.intent.category.DEFAULT"
I/PackageManager(  844):   Scheme: "smsto"
I/PackageManager(  844): Adding preferred activity ComponentInfo{com.android.mms/com.android.mms.ui.ConversationComposer} for user 0 :
E/EnterpriseContainerManager(  844): ContainerPolicy Service is not yet ready!!!
D/EnterpriseDeviceManager(  844): ContainerId: 0
I/PackageManager(  844):   Action: "android.intent.action.SENDTO"
I/PackageManager(  844):   Category: "android.intent.category.DEFAULT"
I/PackageManager(  844):   Scheme: "mms"
I/SA      (29253): [SUR] onReceive log=[SA = 1.6.0069 V = 19 HWD = 1280X720 2.0 dpi = 320  SIZE = 2 LOCALE = es_ES CSC = PHE MCC = 0 MNC 0 T = user DEVICE = s3ve3g P = s3ve3gxx I = KOT49H M = GT-I9301I OKLEFT false DIS KOT49H.I9301IXCSAQA2 PSS = 4.818272683021294  ]
I/SA      (29253): [SUR] onReceive Intent=[ action_PACKAGE_REMOVED package extra.REMOVED_FOR_ALL_USERS.:false extra.UID.:10190 extra.DATA_REMOVED.:false extra.REPLACING.:true extra.user_handle.:0 ]
I/PackageManager(  844): Adding preferred activity ComponentInfo{com.android.mms/com.android.mms.ui.ConversationComposer} for user 0 :
D/dalvikvm(  844): GC_EXPLICIT freed 7588K, 45% free 33479K/60000K, paused 5ms+19ms, total 285ms
E/EnterpriseContainerManager(  844): ContainerPolicy Service is not yet ready!!!
D/EnterpriseDeviceManager(  844): ContainerId: 0
W/Resources(  844): Converting to string: TypedValue{t=0x12/d=0xffffffff a=-1}
I/PackageManager(  844):   Action: "android.intent.action.SENDTO"
I/PackageManager(  844):   Category: "android.intent.category.DEFAULT"
I/PackageManager(  844):   Scheme: "mmsto"
I/PackageManager(  844): Adding preferred activity ComponentInfo{com.android.mms/com.android.mms.ui.ConversationComposer} for user 0 :
D/PackageManager(  844): delete sourFile : 
D/AndroidRuntime(16168): Shutting down VM
D/PackageManager(  844): delete native library directory: 
D/PackageManager(  844): return install result to caller: 1120654280
D/PackageManager(  844): returnCode: 1
D/dalvikvm(16168): GC_CONCURRENT freed 97K, 14% free 671K/772K, paused 0ms+0ms, total 2ms
E/EnterpriseContainerManager(  844): ContainerPolicy Service is not yet ready!!!
D/EnterpriseDeviceManager(  844): ContainerId: 0
I/PackageManager(  844):   Action: "android.intent.action.SENDTO"
I/PackageManager(  844):   Category: "android.intent.category.DEFAULT"
I/PackageManager(  844):   Scheme: "sms"
I/PackageManager(  844): Adding preferred activity ComponentInfo{com.android.mms/com.android.mms.ui.ConversationComposer} for user 0 :
E/EnterpriseContainerManager(  844): ContainerPolicy Service is not yet ready!!!
D/EnterpriseDeviceManager(  844): ContainerId: 0
W/Resources(  844): Converting to string: TypedValue{t=0x12/d=0xffffffff a=-1}
I/PackageManager(  844):   Action: "android.intent.action.SENDTO"
I/PackageManager(  844):   Category: "android.intent.category.DEFAULT"
I/PackageManager(  844):   Scheme: "smsto"
I/PackageManager(  844): Adding preferred activity ComponentInfo{com.android.mms/com.android.mms.ui.ConversationComposer} for user 0 :
E/EnterpriseContainerManager(  844): ContainerPolicy Service is not yet ready!!!
D/EnterpriseDeviceManager(  844): ContainerId: 0
I/PackageManager(  844):   Action: "android.intent.action.SENDTO"
I/PackageManager(  844):   Category: "android.intent.category.DEFAULT"
I/PackageManager(  844):   Scheme: "mms"
I/PackageManager(  844): Adding preferred activity ComponentInfo{com.android.mms/com.android.mms.ui.ConversationComposer} for user 0 :
E/EnterpriseContainerManager(  844): ContainerPolicy Service is not yet ready!!!
D/EnterpriseDeviceManager(  844): ContainerId: 0
I/PackageManager(  844):   Action: "android.intent.action.SENDTO"
I/PackageManager(  844):   Category: "android.intent.category.DEFAULT"
I/PackageManager(  844):   Scheme: "mmsto"
I/PackageManager(  844): Adding preferred activity ComponentInfo{com.android.mms/com.android.mms.ui.ConversationComposer} for user 0 :
W/Resources(  844): Converting to string: TypedValue{t=0x12/d=0xffffffff a=-1}
D/UserAnalysis.UserAnalysisBroadcastReceiver( 4581): Create SecureDbHelper
W/Resources(  844): Converting to string: TypedValue{t=0x12/d=0xffffffff a=-1}
W/Resources(  844): Converting to string: TypedValue{t=0x12/d=0xffffffff a=-1}
W/Resources(  844): Converting to string: TypedValue{t=0x12/d=0x0 a=-1}
W/Resources(  844): Converting to string: TypedValue{t=0x12/d=0xffffffff a=-1}
W/Resources(  844): Converting to string: TypedValue{t=0x12/d=0x0 a=-1}
W/Resources(  844): Converting to string: TypedValue{t=0x12/d=0xffffffff a=-1}
W/Resources(  844): Converting to string: TypedValue{t=0x12/d=0xffffffff a=-1}
W/Resources(  844): Converting to string: TypedValue{t=0x12/d=0xffffffff a=-1}
D/CapabilityManagerService New(29270): Receiver Broadcast:android.intent.action.PACKAGE_REMOVED
D/CapabilityManagerService New(29270): The package(com.rdr.androidmarket2) updated
W/Resources(  844): Converting to string: TypedValue{t=0x12/d=0xffffffff a=-1}
W/Resources(  844): Converting to string: TypedValue{t=0x12/d=0xffffffff a=-1}
W/Resources(  844): Converting to string: TypedValue{t=0x12/d=0xffffffff a=-1}
W/Resources(  844): Converting to string: TypedValue{t=0x12/d=0xffffffff a=-1}
W/Resources(  844): Converting to string: TypedValue{t=0x12/d=0xffffffff a=-1}
W/ContextImpl(32319): Calling a method in the system process without a qualified user: android.app.ContextImpl.startService:1865 android.content.ContextWrapper.startService:506 android.content.ContextWrapper.startService:506 com.android.keychain.KeyChainBroadcastReceiver.onReceive:12 android.app.ActivityThread.handleReceiver:2575 
W/Resources(  844): Converting to string: TypedValue{t=0x12/d=0xffffffff a=-1}
W/Resources(  844): Converting to string: TypedValue{t=0x12/d=0xffffffff a=-1}
W/Resources(  844): Converting to string: TypedValue{t=0x12/d=0xffffffff a=-1}
W/Resources(  844): Converting to string: TypedValue{t=0x12/d=0x0 a=-1}
W/Resources(  844): Converting to string: TypedValue{t=0x12/d=0xffffffff a=-1}
W/Resources(  844): Converting to string: TypedValue{t=0x12/d=0x0 a=-1}
W/Resources(  844): Converting to string: TypedValue{t=0x12/d=0xffffffff a=-1}
I/CrashAnrDetector(  844): onPackageUpdateFinished : com.rdr.androidmarket2
